Archive member included because of file (symbol)

/media/data/coding/GSoC/AVT/px4+mavlink/Firmware/Build/px4io-v1_default.build/nuttx-export/libs/libnuttx.a(sched-irq_attach.o)
                              /media/data/coding/GSoC/AVT/px4+mavlink/Firmware/Build/px4io-v1_default.build//media/data/coding/GSoC/AVT/px4+mavlink/Firmware/src/drivers/stm32/module.pre.o (irq_attach)
/media/data/coding/GSoC/AVT/px4+mavlink/Firmware/Build/px4io-v1_default.build/nuttx-export/libs/libnuttx.a(sched-irq_initialize.o)
                              /media/data/coding/GSoC/AVT/px4+mavlink/Firmware/Build/px4io-v1_default.build/nuttx-export/libs/libnuttx.a(sched-irq_attach.o) (g_irqvector)
/media/data/coding/GSoC/AVT/px4+mavlink/Firmware/Build/px4io-v1_default.build/nuttx-export/libs/libnuttx.a(sched-irq_unexpectedisr.o)
                              /media/data/coding/GSoC/AVT/px4+mavlink/Firmware/Build/px4io-v1_default.build/nuttx-export/libs/libnuttx.a(sched-irq_attach.o) (irq_unexpected_isr)
/media/data/coding/GSoC/AVT/px4+mavlink/Firmware/Build/px4io-v1_default.build/nuttx-export/libs/libnuttx.a(c-lib_abort.o)
                              (abort)
/media/data/coding/GSoC/AVT/px4+mavlink/Firmware/Build/px4io-v1_default.build/nuttx-export/libs/libnuttx.a(c-lib_cfsetspeed.o)
                              /media/data/coding/GSoC/AVT/px4+mavlink/Firmware/Build/px4io-v1_default.build//media/data/coding/GSoC/AVT/px4+mavlink/Firmware/src/modules/px4iofirmware/module.pre.o (cfsetspeed)
/media/data/coding/GSoC/AVT/px4+mavlink/Firmware/Build/px4io-v1_default.build/nuttx-export/libs/libnuttx.a(c-lib_lowsyslog.o)
                              /media/data/coding/GSoC/AVT/px4+mavlink/Firmware/Build/px4io-v1_default.build//media/data/coding/GSoC/AVT/px4+mavlink/Firmware/src/modules/px4iofirmware/module.pre.o (lowsyslog)
/media/data/coding/GSoC/AVT/px4+mavlink/Firmware/Build/px4io-v1_default.build/nuttx-export/libs/libnuttx.a(c-lib_memchr.o)
                              /media/data/coding/GSoC/AVT/px4+mavlink/Firmware/Build/px4io-v1_default.build//media/data/coding/GSoC/AVT/px4+mavlink/Firmware/src/modules/px4iofirmware/module.pre.o (memchr)
/media/data/coding/GSoC/AVT/px4+mavlink/Firmware/Build/px4io-v1_default.build/nuttx-export/libs/libnuttx.a(c-lib_memcpy.o)
                              /media/data/coding/GSoC/AVT/px4+mavlink/Firmware/Build/px4io-v1_default.build//media/data/coding/GSoC/AVT/px4+mavlink/Firmware/src/modules/px4iofirmware/module.pre.o (memcpy)
/media/data/coding/GSoC/AVT/px4+mavlink/Firmware/Build/px4io-v1_default.build/nuttx-export/libs/libnuttx.a(c-lib_memset.o)
                              /media/data/coding/GSoC/AVT/px4+mavlink/Firmware/Build/px4io-v1_default.build//media/data/coding/GSoC/AVT/px4+mavlink/Firmware/src/modules/px4iofirmware/module.pre.o (memset)
/media/data/coding/GSoC/AVT/px4+mavlink/Firmware/Build/px4io-v1_default.build/nuttx-export/libs/libnuttx.a(c-lib_printf.o)
                              /media/data/coding/GSoC/AVT/px4+mavlink/Firmware/Build/px4io-v1_default.build//media/data/coding/GSoC/AVT/px4+mavlink/Firmware/src/modules/px4iofirmware/module.pre.o (printf)
/media/data/coding/GSoC/AVT/px4+mavlink/Firmware/Build/px4io-v1_default.build/nuttx-export/libs/libnuttx.a(c-lib_sscanf.o)
                              /media/data/coding/GSoC/AVT/px4+mavlink/Firmware/Build/px4io-v1_default.build//media/data/coding/GSoC/AVT/px4+mavlink/Firmware/src/modules/px4iofirmware/module.pre.o (sscanf)
/media/data/coding/GSoC/AVT/px4+mavlink/Firmware/Build/px4io-v1_default.build/nuttx-export/libs/libnuttx.a(c-lib_strchr.o)
                              /media/data/coding/GSoC/AVT/px4+mavlink/Firmware/Build/px4io-v1_default.build/nuttx-export/libs/libnuttx.a(c-lib_sscanf.o) (strchr)
/media/data/coding/GSoC/AVT/px4+mavlink/Firmware/Build/px4io-v1_default.build/nuttx-export/libs/libnuttx.a(c-lib_strcmp.o)
                              /media/data/coding/GSoC/AVT/px4+mavlink/Firmware/Build/px4io-v1_default.build//media/data/coding/GSoC/AVT/px4+mavlink/Firmware/src/modules/px4iofirmware/module.pre.o (strcmp)
/media/data/coding/GSoC/AVT/px4+mavlink/Firmware/Build/px4io-v1_default.build/nuttx-export/libs/libnuttx.a(c-lib_strcspn.o)
                              /media/data/coding/GSoC/AVT/px4+mavlink/Firmware/Build/px4io-v1_default.build/nuttx-export/libs/libnuttx.a(c-lib_sscanf.o) (strcspn)
/media/data/coding/GSoC/AVT/px4+mavlink/Firmware/Build/px4io-v1_default.build/nuttx-export/libs/libnuttx.a(c-lib_strncpy.o)
                              /media/data/coding/GSoC/AVT/px4+mavlink/Firmware/Build/px4io-v1_default.build/nuttx-export/libs/libnuttx.a(c-lib_sscanf.o) (strncpy)
/media/data/coding/GSoC/AVT/px4+mavlink/Firmware/Build/px4io-v1_default.build/nuttx-export/libs/libnuttx.a(c-lib_strtol.o)
                              /media/data/coding/GSoC/AVT/px4+mavlink/Firmware/Build/px4io-v1_default.build/nuttx-export/libs/libnuttx.a(c-lib_sscanf.o) (strtol)
[...]
Memory Configuration

Name             Origin             Length             Attributes
flash            0x08001000         0x0000f000         xr
sram             0x20000000         0x00002000         xrw
*default*        0x00000000         0xffffffff

Linker script and memory map


.text           0x08001000     0xd324
                0x08001000                _stext = ABSOLUTE (.)
 *(.vectors)
 .vectors       0x08001000      0x134 /media/data/coding/GSoC/AVT/px4+mavlink/Firmware/Build/px4io-v1_default.build/nuttx-export/libs/libnuttx.a(arch-up_vectors.o)
                0x08001000                _vectors
 *(.text .text.*)
 .text.stm32_boardinitialize
                0x08001134       0x8c /media/data/coding/GSoC/AVT/px4+mavlink/Firmware/Build/px4io-v1_default.build//media/data/coding/GSoC/AVT/px4+mavlink/Firmware/src/drivers/boards/px4io-v1/module.pre.o
                0x08001134                stm32_boardinitialize
 .text.hrt_call_enter
                0x080011c0       0xf0 /media/data/coding/GSoC/AVT/px4+mavlink/Firmware/Build/px4io-v1_default.build//media/data/coding/GSoC/AVT/px4+mavlink/Firmware/src/drivers/stm32/module.pre.o
 .text.hrt_tim_isr
                0x080012b0      0x428 /media/data/coding/GSoC/AVT/px4+mavlink/Firmware/Build/px4io-v1_default.build//media/data/coding/GSoC/AVT/px4+mavlink/Firmware/src/drivers/stm32/module.pre.o
 .text.hrt_absolute_time
                0x080016d8       0x50 /media/data/coding/GSoC/AVT/px4+mavlink/Firmware/Build/px4io-v1_default.build//media/data/coding/GSoC/AVT/px4+mavlink/Firmware/src/drivers/stm32/module.pre.o
                0x080016d8                hrt_absolute_time
 .text.hrt_elapsed_time
                0x08001728       0x6c /media/data/coding/GSoC/AVT/px4+mavlink/Firmware/Build/px4io-v1_default.build//media/data/coding/GSoC/AVT/px4+mavlink/Firmware/src/drivers/stm32/module.pre.o
                0x08001728                hrt_elapsed_time
 .text.hrt_init
                0x08001794       0xe4 /media/data/coding/GSoC/AVT/px4+mavlink/Firmware/Build/px4io-v1_default.build//media/data/coding/GSoC/AVT/px4+mavlink/Firmware/src/drivers/stm32/module.pre.o
                0x08001794                hrt_init
 .text.hrt_call_every
                0x08001878       0xa0 /media/data/coding/GSoC/AVT/px4+mavlink/Firmware/Build/px4io-v1_default.build//media/data/coding/GSoC/AVT/px4+mavlink/Firmware/src/drivers/stm32/module.pre.o
                0x08001878                hrt_call_every
 .text.up_pwm_servo_set
                0x08001918       0x64 /media/data/coding/GSoC/AVT/px4+mavlink/Firmware/Build/px4io-v1_default.build//media/data/coding/GSoC/AVT/px4+mavlink/Firmware/src/drivers/stm32/module.pre.o
                0x08001918                up_pwm_servo_set
 .text.up_pwm_servo_init
                0x0800197c      0x6d4 /media/data/coding/GSoC/AVT/px4+mavlink/Firmware/Build/px4io-v1_default.build//media/data/coding/GSoC/AVT/px4+mavlink/Firmware/src/drivers/stm32/module.pre.o
                0x0800197c                up_pwm_servo_init
 .text.up_pwm_servo_set_rate_group_update
                0x08002050       0x44 /media/data/coding/GSoC/AVT/px4+mavlink/Firmware/Build/px4io-v1_default.build//media/data/coding/GSoC/AVT/px4+mavlink/Firmware/src/drivers/stm32/module.pre.o
                0x08002050                up_pwm_servo_set_rate_group_update
 .text.up_pwm_servo_get_rate_group
                0x08002094       0x9c /media/data/coding/GSoC/AVT/px4+mavlink/Firmware/Build/px4io-v1_default.build//media/data/coding/GSoC/AVT/px4+mavlink/Firmware/src/drivers/stm32/module.pre.o
                0x08002094                up_pwm_servo_get_rate_group
 .text.up_pwm_servo_arm
                0x08002130       0x68 /media/data/coding/GSoC/AVT/px4+mavlink/Firmware/Build/px4io-v1_default.build//media/data/coding/GSoC/AVT/px4+mavlink/Firmware/src/drivers/stm32/module.pre.o
                0x08002130                up_pwm_servo_arm
 .text.adc_measure
                0x08002198       0xa8 /media/data/coding/GSoC/AVT/px4+mavlink/Firmware/Build/px4io-v1_default.build//media/data/coding/GSoC/AVT/px4+mavlink/Firmware/src/modules/px4iofirmware/module.pre.o
 .text.controls_init
                0x08002240      0x15c /media/data/coding/GSoC/AVT/px4+mavlink/Firmware/Build/px4io-v1_default.build//media/data/coding/GSoC/AVT/px4+mavlink/Firmware/src/modules/px4iofirmware/module.pre.o
 *fill*         0x0800239c        0x4 00
 .text.controls_tick
                0x080023a0      0x3d0 /media/data/coding/GSoC/AVT/px4+mavlink/Firmware/Build/px4io-v1_default.build//media/data/coding/GSoC/AVT/px4+mavlink/Firmware/src/modules/px4iofirmware/module.pre.o
 .text.dsm_guess_format
                0x08002770      0x240 /media/data/coding/GSoC/AVT/px4+mavlink/Firmware/Build/px4io-v1_default.build//media/data/coding/GSoC/AVT/px4+mavlink/Firmware/src/modules/px4iofirmware/module.pre.o
 .text.dsm_init
                0x080029b0       0x70 /media/data/coding/GSoC/AVT/px4+mavlink/Firmware/Build/px4io-v1_default.build//media/data/coding/GSoC/AVT/px4+mavlink/Firmware/src/modules/px4iofirmware/module.pre.o
 .text.dsm_bind
                0x08002a20      0x100 /media/data/coding/GSoC/AVT/px4+mavlink/Firmware/Build/px4io-v1_default.build//media/data/coding/GSoC/AVT/px4+mavlink/Firmware/src/modules/px4iofirmware/module.pre.o
 .text.dsm_input
                0x08002b20      0x634 /media/data/coding/GSoC/AVT/px4+mavlink/Firmware/Build/px4io-v1_default.build//media/data/coding/GSoC/AVT/px4+mavlink/Firmware/src/modules/px4iofirmware/module.pre.o
 .text.isr_debug
                0x08003154       0x5c /media/data/coding/GSoC/AVT/px4+mavlink/Firmware/Build/px4io-v1_default.build//media/data/coding/GSoC/AVT/px4+mavlink/Firmware/src/modules/px4iofirmware/module.pre.o
 .text.user_start
                0x080031b0      0x234 /media/data/coding/GSoC/AVT/px4+mavlink/Firmware/Build/px4io-v1_default.build//media/data/coding/GSoC/AVT/px4+mavlink/Firmware/src/modules/px4iofirmware/module.pre.o
                0x080031b0                user_start
 .text.pwm_configure_rates
                0x080033e4      0x2fc /media/data/coding/GSoC/AVT/px4+mavlink/Firmware/Build/px4io-v1_default.build//media/data/coding/GSoC/AVT/px4+mavlink/Firmware/src/modules/px4iofirmware/module.pre.o
 .text.registers_set
                0x080036e0      0x714 /media/data/coding/GSoC/AVT/px4+mavlink/Firmware/Build/px4io-v1_default.build//media/data/coding/GSoC/AVT/px4+mavlink/Firmware/src/modules/px4iofirmware/module.pre.o
 .text.registers_get
                0x08003df4      0x2b4 /media/data/coding/GSoC/AVT/px4+mavlink/Firmware/Build/px4io-v1_default.build//media/data/coding/GSoC/AVT/px4+mavlink/Firmware/src/modules/px4iofirmware/module.pre.o
 .text.heartbeat_blink
                0x080040a8       0x20 /media/data/coding/GSoC/AVT/px4+mavlink/Firmware/Build/px4io-v1_default.build//media/data/coding/GSoC/AVT/px4+mavlink/Firmware/src/modules/px4iofirmware/module.pre.o
 .text.safety_check_button
                0x080040c8      0x104 /media/data/coding/GSoC/AVT/px4+mavlink/Firmware/Build/px4io-v1_default.build//media/data/coding/GSoC/AVT/px4+mavlink/Firmware/src/modules/px4iofirmware/module.pre.o
 .text.failsafe_blink
                0x080041cc       0x3c /media/data/coding/GSoC/AVT/px4+mavlink/Firmware/Build/px4io-v1_default.build//media/data/coding/GSoC/AVT/px4+mavlink/Firmware/src/modules/px4iofirmware/module.pre.o
 .text.safety_init
                0x08004208       0x90 /media/data/coding/GSoC/AVT/px4+mavlink/Firmware/Build/px4io-v1_default.build//media/data/coding/GSoC/AVT/px4+mavlink/Firmware/src/modules/px4iofirmware/module.pre.o
 .text.sbus_init
                0x08004298       0x80 /media/data/coding/GSoC/AVT/px4+mavlink/Firmware/Build/px4io-v1_default.build//media/data/coding/GSoC/AVT/px4+mavlink/Firmware/src/modules/px4iofirmware/module.pre.o
 .text.sbus_input
                0x08004318      0x21c /media/data/coding/GSoC/AVT/px4+mavlink/Firmware/Build/px4io-v1_default.build//media/data/coding/GSoC/AVT/px4+mavlink/Firmware/src/modules/px4iofirmware/module.pre.o
 .text.up_cxxinitialize
                0x08004534       0x94 /media/data/coding/GSoC/AVT/px4+mavlink/Firmware/Build/px4io-v1_default.build//media/data/coding/GSoC/AVT/px4+mavlink/Firmware/src/modules/px4iofirmware/module.pre.o
                0x08004534                up_cxxinitialize
 .text.perf_alloc
                0x080045c8       0x50 /media/data/coding/GSoC/AVT/px4+mavlink/Firmware/Build/px4io-v1_default.build//media/data/coding/GSoC/AVT/px4+mavlink/Firmware/src/modules/px4iofirmware/module.pre.o
                0x080045c8                perf_alloc
 .text.perf_count
                0x08004618       0xa8 /media/data/coding/GSoC/AVT/px4+mavlink/Firmware/Build/px4io-v1_default.build//media/data/coding/GSoC/AVT/px4+mavlink/Firmware/src/modules/px4iofirmware/module.pre.o
                0x08004618                perf_count
 .text.perf_begin
                0x080046c0       0x1c /media/data/coding/GSoC/AVT/px4+mavlink/Firmware/Build/px4io-v1_default.build//media/data/coding/GSoC/AVT/px4+mavlink/Firmware/src/modules/px4iofirmware/module.pre.o
                0x080046c0                perf_begin
 .text.perf_end
                0x080046dc       0x84 /media/data/coding/GSoC/AVT/px4+mavlink/Firmware/Build/px4io-v1_default.build//media/data/coding/GSoC/AVT/px4+mavlink/Firmware/src/modules/px4iofirmware/module.pre.o
                0x080046dc                perf_end
 .text._ZL14mixer_callbackjhhRf
                0x08004760       0x74 /media/data/coding/GSoC/AVT/px4+mavlink/Firmware/Build/px4io-v1_default.build//media/data/coding/GSoC/AVT/px4+mavlink/Firmware/src/modules/px4iofirmware/module.pre.o
 *fill*         0x080047d4        0x4 00
 .text.mixer_tick
                0x080047d8      0x6a8 /media/data/coding/GSoC/AVT/px4+mavlink/Firmware/Build/px4io-v1_default.build//media/data/coding/GSoC/AVT/px4+mavlink/Firmware/src/modules/px4iofirmware/module.pre.o
 .text.mixer_handle_text
                0x08004e80      0x2b0 /media/data/coding/GSoC/AVT/px4+mavlink/Firmware/Build/px4io-v1_default.build//media/data/coding/GSoC/AVT/px4+mavlink/Firmware/src/modules/px4iofirmware/module.pre.o
 .text.startup._GLOBAL__sub_I_mixer_tick
                0x08005130       0x34 /media/data/coding/GSoC/AVT/px4+mavlink/Firmware/Build/px4io-v1_default.build//media/data/coding/GSoC/AVT/px4+mavlink/Firmware/src/modules/px4iofirmware/module.pre.o
 .text._ZN5MixerD2Ev
                0x08005164        0xc /media/data/coding/GSoC/AVT/px4+mavlink/Firmware/Build/px4io-v1_default.build//media/data/coding/GSoC/AVT/px4+mavlink/Firmware/src/modules/px4iofirmware/module.pre.o
                0x08005164                Mixer::~Mixer()
                0x08005164                Mixer::~Mixer()
 .text._ZN9NullMixerD2Ev
                0x08005170        0xc /media/data/coding/GSoC/AVT/px4+mavlink/Firmware/Build/px4io-v1_default.build//media/data/coding/GSoC/AVT/px4+mavlink/Firmware/src/modules/px4iofirmware/module.pre.o
                0x08005170                NullMixer::~NullMixer()
                0x08005170                NullMixer::~NullMixer()
 .text._ZN9NullMixer3mixEPfj
                0x0800517c       0x10 /media/data/coding/GSoC/AVT/px4+mavlink/Firmware/Build/px4io-v1_default.build//media/data/coding/GSoC/AVT/px4+mavlink/Firmware/src/modules/px4iofirmware/module.pre.o
                0x0800517c                NullMixer::mix(float*, unsigned int)
 .text._ZN9NullMixer15groups_requiredERj
                0x0800518c        0x4 /media/data/coding/GSoC/AVT/px4+mavlink/Firmware/Build/px4io-v1_default.build//media/data/coding/GSoC/AVT/px4+mavlink/Firmware/src/modules/px4iofirmware/module.pre.o
                0x0800518c                NullMixer::groups_required(unsigned int&)
 .text._ZN9NullMixerD0Ev
                0x08005190       0x14 /media/data/coding/GSoC/AVT/px4+mavlink/Firmware/Build/px4io-v1_default.build//media/data/coding/GSoC/AVT/px4+mavlink/Firmware/src/modules/px4iofirmware/module.pre.o
                0x08005190                NullMixer::~NullMixer()
 .text._ZN5MixerD0Ev
                0x080051a4       0x14 /media/data/coding/GSoC/AVT/px4+mavlink/Firmware/Build/px4io-v1_default.build//media/data/coding/GSoC/AVT/px4+mavlink/Firmware/src/modules/px4iofirmware/module.pre.o
                0x080051a4                Mixer::~Mixer()
 .text._ZN5MixerC2EPFijhhRfEj
                0x080051b8       0x14 /media/data/coding/GSoC/AVT/px4+mavlink/Firmware/Build/px4io-v1_default.build//media/data/coding/GSoC/AVT/px4+mavlink/Firmware/src/modules/px4iofirmware/module.pre.o
                0x080051b8                Mixer::Mixer(int (*)(unsigned int, unsigned char, unsigned char, float&), unsigned int)
                0x080051b8                Mixer::Mixer(int (*)(unsigned int, unsigned char, unsigned char, float&), unsigned int)
 .text._ZN5Mixer11get_controlEhh
                0x080051cc       0x14 /media/data/coding/GSoC/AVT/px4+mavlink/Firmware/Build/px4io-v1_default.build//media/data/coding/GSoC/AVT/px4+mavlink/Firmware/src/modules/px4iofirmware/module.pre.o
                0x080051cc                Mixer::get_control(unsigned char, unsigned char)
 .text._ZN5Mixer5scaleERK14mixer_scaler_sf
                0x080051e0       0x44 /media/data/coding/GSoC/AVT/px4+mavlink/Firmware/Build/px4io-v1_default.build//media/data/coding/GSoC/AVT/px4+mavlink/Firmware/src/modules/px4iofirmware/module.pre.o
                0x080051e0                Mixer::scale(mixer_scaler_s const&, float)
 .text._ZN9NullMixer9from_textEPKcRj
                0x08005224       0x3c /media/data/coding/GSoC/AVT/px4+mavlink/Firmware/Build/px4io-v1_default.build//media/data/coding/GSoC/AVT/px4+mavlink/Firmware/src/modules/px4iofirmware/module.pre.o
                0x08005224                NullMixer::from_text(char const*, unsigned int&)
 .text._ZN10MixerGroupD2Ev
                0x08005260       0x30 /media/data/coding/GSoC/AVT/px4+mavlink/Firmware/Build/px4io-v1_default.build//media/data/coding/GSoC/AVT/px4+mavlink/Firmware/src/modules/px4iofirmware/module.pre.o
                0x08005260                MixerGroup::~MixerGroup()
                0x08005260                MixerGroup::~MixerGroup()
 .text._ZN10MixerGroup3mixEPfj
                0x08005290       0x34 /media/data/coding/GSoC/AVT/px4+mavlink/Firmware/Build/px4io-v1_default.build//media/data/coding/GSoC/AVT/px4+mavlink/Firmware/src/modules/px4iofirmware/module.pre.o
                0x08005290                MixerGroup::mix(float*, unsigned int)
 .text._ZN10MixerGroup15groups_requiredERj
                0x080052c4       0x1c /media/data/coding/GSoC/AVT/px4+mavlink/Firmware/Build/px4io-v1_default.build//media/data/coding/GSoC/AVT/px4+mavlink/Firmware/src/modules/px4iofirmware/module.pre.o
                0x080052c4                MixerGroup::groups_required(unsigned int&)
 .text._ZN10MixerGroupD0Ev
                0x080052e0       0x34 /media/data/coding/GSoC/AVT/px4+mavlink/Firmware/Build/px4io-v1_default.build//media/data/coding/GSoC/AVT/px4+mavlink/Firmware/src/modules/px4iofirmware/module.pre.o
                0x080052e0                MixerGroup::~MixerGroup()
 .text._ZN10MixerGroupC2EPFijhhRfEj
                0x08005314       0x18 /media/data/coding/GSoC/AVT/px4+mavlink/Firmware/Build/px4io-v1_default.build//media/data/coding/GSoC/AVT/px4+mavlink/Firmware/src/modules/px4iofirmware/module.pre.o
                0x08005314                MixerGroup::MixerGroup(int (*)(unsigned int, unsigned char, unsigned char, float&), unsigned int)
                0x08005314                MixerGroup::MixerGroup(int (*)(unsigned int, unsigned char, unsigned char, float&), unsigned int)
 .text._ZN10MixerGroup5resetEv
                0x0800532c       0x1c /media/data/coding/GSoC/AVT/px4+mavlink/Firmware/Build/px4io-v1_default.build//media/data/coding/GSoC/AVT/px4+mavlink/Firmware/src/modules/px4iofirmware/module.pre.o
                0x0800532c                MixerGroup::reset()
 .text._ZN10MixerGroup13load_from_bufEPKcRj
                0x08005348       0x8c /media/data/coding/GSoC/AVT/px4+mavlink/Firmware/Build/px4io-v1_default.build//media/data/coding/GSoC/AVT/px4+mavlink/Firmware/src/modules/px4iofirmware/module.pre.o
                0x08005348                MixerGroup::load_from_buf(char const*, unsigned int&)
 .text._ZN15MultirotorMixerD2Ev
                0x080053d4        0xc /media/data/coding/GSoC/AVT/px4+mavlink/Firmware/Build/px4io-v1_default.build//media/data/coding/GSoC/AVT/px4+mavlink/Firmware/src/modules/px4iofirmware/module.pre.o
                0x080053d4                MultirotorMixer::~MultirotorMixer()
                0x080053d4                MultirotorMixer::~MultirotorMixer()
 .text._ZN15MultirotorMixer15groups_requiredERj
                0x080053e0        0xc /media/data/coding/GSoC/AVT/px4+mavlink/Firmware/Build/px4io-v1_default.build//media/data/coding/GSoC/AVT/px4+mavlink/Firmware/src/modules/px4iofirmware/module.pre.o
                0x080053e0                MultirotorMixer::groups_required(unsigned int&)
 .text._ZN15MultirotorMixer3mixEPfj
                0x080053ec      0x190 /media/data/coding/GSoC/AVT/px4+mavlink/Firmware/Build/px4io-v1_default.build//media/data/coding/GSoC/AVT/px4+mavlink/Firmware/src/modules/px4iofirmware/module.pre.o
                0x080053ec                MultirotorMixer::mix(float*, unsigned int)
 .text._ZN15MultirotorMixerD0Ev
                0x0800557c       0x14 /media/data/coding/GSoC/AVT/px4+mavlink/Firmware/Build/px4io-v1_default.build//media/data/coding/GSoC/AVT/px4+mavlink/Firmware/src/modules/px4iofirmware/module.pre.o
                0x0800557c                MultirotorMixer::~MultirotorMixer()
 .text._ZN15MultirotorMixer9from_textEPFijhhRfEjPKcRj
                0x08005590      0x184 /media/data/coding/GSoC/AVT/px4+mavlink/Firmware/Build/px4io-v1_default.build//media/data/coding/GSoC/AVT/px4+mavlink/Firmware/src/modules/px4iofirmware/module.pre.o
                0x08005590                MultirotorMixer::from_text(int (*)(unsigned int, unsigned char, unsigned char, float&), unsigned int, char const*, unsigned int&)
 .text._ZN11SimpleMixer15groups_requiredERj
                0x08005714       0x2c /media/data/coding/GSoC/AVT/px4+mavlink/Firmware/Build/px4io-v1_default.build//media/data/coding/GSoC/AVT/px4+mavlink/Firmware/src/modules/px4iofirmware/module.pre.o
                0x08005714                SimpleMixer::groups_required(unsigned int&)
 .text._ZN11SimpleMixerD2Ev
                0x08005740       0x20 /media/data/coding/GSoC/AVT/px4+mavlink/Firmware/Build/px4io-v1_default.build//media/data/coding/GSoC/AVT/px4+mavlink/Firmware/src/modules/px4iofirmware/module.pre.o
                0x08005740                SimpleMixer::~SimpleMixer()
                0x08005740                SimpleMixer::~SimpleMixer()
 .text._ZN11SimpleMixer3mixEPfj
                0x08005760       0x70 /media/data/coding/GSoC/AVT/px4+mavlink/Firmware/Build/px4io-v1_default.build//media/data/coding/GSoC/AVT/px4+mavlink/Firmware/src/modules/px4iofirmware/module.pre.o
                0x08005760                SimpleMixer::mix(float*, unsigned int)
 .text._ZN11SimpleMixerD0Ev
                0x080057d0       0x28 /media/data/coding/GSoC/AVT/px4+mavlink/Firmware/Build/px4io-v1_default.build//media/data/coding/GSoC/AVT/px4+mavlink/Firmware/src/modules/px4iofirmware/module.pre.o
                0x080057d0                SimpleMixer::~SimpleMixer()
 .text._ZN11SimpleMixer19parse_output_scalerEPKcRjR14mixer_scaler_s
                0x080057f8      0x150 /media/data/coding/GSoC/AVT/px4+mavlink/Firmware/Build/px4io-v1_default.build//media/data/coding/GSoC/AVT/px4+mavlink/Firmware/src/modules/px4iofirmware/module.pre.o
                0x080057f8                SimpleMixer::parse_output_scaler(char const*, unsigned int&, mixer_scaler_s&)
 .text._ZN11SimpleMixer20parse_control_scalerEPKcRjR14mixer_scaler_sRhS5_
                0x08005948      0x184 /media/data/coding/GSoC/AVT/px4+mavlink/Firmware/Build/px4io-v1_default.build//media/data/coding/GSoC/AVT/px4+mavlink/Firmware/src/modules/px4iofirmware/module.pre.o
                0x08005948                SimpleMixer::parse_control_scaler(char const*, unsigned int&, mixer_scaler_s&, unsigned char&, unsigned char&)
 .text._ZN11SimpleMixer9from_textEPFijhhRfEjPKcRj
                0x08005acc       0xb8 /media/data/coding/GSoC/AVT/px4+mavlink/Firmware/Build/px4io-v1_default.build//media/data/coding/GSoC/AVT/px4+mavlink/Firmware/src/modules/px4iofirmware/module.pre.o
                0x08005acc                SimpleMixer::from_text(int (*)(unsigned int, unsigned char, unsigned char, float&), unsigned int, char const*, unsigned int&)
 .text.i2c_interrupt
                0x08005b84      0x1ec /media/data/coding/GSoC/AVT/px4+mavlink/Firmware/Build/px4io-v1_default.build//media/data/coding/GSoC/AVT/px4+mavlink/Firmware/src/modules/px4iofirmware/module.pre.o
 .text.interface_init
                0x08005d70      0x180 /media/data/coding/GSoC/AVT/px4+mavlink/Firmware/Build/px4io-v1_default.build//media/data/coding/GSoC/AVT/px4+mavlink/Firmware/src/modules/px4iofirmware/module.pre.o
 .text.interface_tick
                0x08005ef0        0x4 /media/data/coding/GSoC/AVT/px4+mavlink/Firmware/Build/px4io-v1_default.build//media/data/coding/GSoC/AVT/px4+mavlink/Firmware/src/modules/px4iofirmware/module.pre.o
 .text.irq_attach
                0x08005ef4       0x38 /media/data/coding/GSoC/AVT/px4+mavlink/Firmware/Build/px4io-v1_default.build/nuttx-export/libs/libnuttx.a(sched-irq_attach.o)
                0x08005ef4                irq_attach
 .text.irq_initialize
                0x08005f2c       0x20 /media/data/coding/GSoC/AVT/px4+mavlink/Firmware/Build/px4io-v1_default.build/nuttx-export/libs/libnuttx.a(sched-irq_initialize.o)
                0x08005f2c                irq_initialize
 .text.irq_unexpected_isr
                0x08005f4c       0x18 /media/data/coding/GSoC/AVT/px4+mavlink/Firmware/Build/px4io-v1_default.build/nuttx-export/libs/libnuttx.a(sched-irq_unexpectedisr.o)
                0x08005f4c                irq_unexpected_isr
 .text.abort    0x08005f64        0x8 /media/data/coding/GSoC/AVT/px4+mavlink/Firmware/Build/px4io-v1_default.build/nuttx-export/libs/libnuttx.a(c-lib_abort.o)
                0x08005f64                abort
 .text.cfsetspeed
                0x08005f6c        0x8 /media/data/coding/GSoC/AVT/px4+mavlink/Firmware/Build/px4io-v1_default.build/nuttx-export/libs/libnuttx.a(c-lib_cfsetspeed.o)
                0x08005f6c                cfsetspeed
 .text.lowsyslog
                0x08005f74       0x28 /media/data/coding/GSoC/AVT/px4+mavlink/Firmware/Build/px4io-v1_default.build/nuttx-export/libs/libnuttx.a(c-lib_lowsyslog.o)
                0x08005f74                lowsyslog
 .text.memchr   0x08005f9c       0x4c /media/data/coding/GSoC/AVT/px4+mavlink/Firmware/Build/px4io-v1_default.build/nuttx-export/libs/libnuttx.a(c-lib_memchr.o)
                0x08005f9c                memchr
 .text.memcpy   0x08005fe8       0xdc /media/data/coding/GSoC/AVT/px4+mavlink/Firmware/Build/px4io-v1_default.build/nuttx-export/libs/libnuttx.a(c-lib_memcpy.o)
                0x08005fe8                memcpy
 .text.memset   0x080060c4       0xec /media/data/coding/GSoC/AVT/px4+mavlink/Firmware/Build/px4io-v1_default.build/nuttx-export/libs/libnuttx.a(c-lib_memset.o)
                0x080060c4                memset
 .text.findwidth
                0x080061b0       0x40 /media/data/coding/GSoC/AVT/px4+mavlink/Firmware/Build/px4io-v1_default.build/nuttx-export/libs/libnuttx.a(c-lib_sscanf.o)
 .text.vsscanf  0x080061f0      0x314 /media/data/coding/GSoC/AVT/px4+mavlink/Firmware/Build/px4io-v1_default.build/nuttx-export/libs/libnuttx.a(c-lib_sscanf.o)
                0x080061f0                vsscanf
 .text.sscanf   0x08006504       0x20 /media/data/coding/GSoC/AVT/px4+mavlink/Firmware/Build/px4io-v1_default.build/nuttx-export/libs/libnuttx.a(c-lib_sscanf.o)
                0x08006504                sscanf
 .text.strchr   0x08006524       0x24 /media/data/coding/GSoC/AVT/px4+mavlink/Firmware/Build/px4io-v1_default.build/nuttx-export/libs/libnuttx.a(c-lib_strchr.o)
                0x08006524                strchr
 .text.strcmp   0x08006548       0x1c /media/data/coding/GSoC/AVT/px4+mavlink/Firmware/Build/px4io-v1_default.build/nuttx-export/libs/libnuttx.a(c-lib_strcmp.o)
                0x08006548                strcmp
 .text.strcspn  0x08006564       0x2c /media/data/coding/GSoC/AVT/px4+mavlink/Firmware/Build/px4io-v1_default.build/nuttx-export/libs/libnuttx.a(c-lib_strcspn.o)
                0x08006564                strcspn
 .text.strncpy  0x08006590       0x48 /media/data/coding/GSoC/AVT/px4+mavlink/Firmware/Build/px4io-v1_default.build/nuttx-export/libs/libnuttx.a(c-lib_strncpy.o)
                0x08006590                strncpy
 .text.strtol   0x080065d8       0x44 /media/data/coding/GSoC/AVT/px4+mavlink/Firmware/Build/px4io-v1_default.build/nuttx-export/libs/libnuttx.a(c-lib_strtol.o)
                0x080065d8                strtol
 .text.strtoul  0x0800661c       0x4c /media/data/coding/GSoC/AVT/px4+mavlink/Firmware/Build/px4io-v1_default.build/nuttx-export/libs/libnuttx.a(c-lib_strtoul.o)
                0x0800661c                strtoul
 .text.tcgetattr
                0x08006668        0xc /media/data/coding/GSoC/AVT/px4+mavlink/Firmware/Build/px4io-v1_default.build/nuttx-export/libs/libnuttx.a(c-lib_tcgetattr.o)
                0x08006668                tcgetattr
 .text.tcsetattr
                0x08006674       0x10 /media/data/coding/GSoC/AVT/px4+mavlink/Firmware/Build/px4io-v1_default.build/nuttx-export/libs/libnuttx.a(c-lib_tcsetattr.o)
                0x08006674                tcsetattr
 .text.vsnprintf
                0x08006684       0x24 /media/data/coding/GSoC/AVT/px4+mavlink/Firmware/Build/px4io-v1_default.build/nuttx-export/libs/libnuttx.a(c-lib_vsnprintf.o)
                0x08006684                vsnprintf
 .text.sq_addafter
                0x080066a8       0x1c /media/data/coding/GSoC/AVT/px4+mavlink/Firmware/Build/px4io-v1_default.build/nuttx-export/libs/libnuttx.a(c-sq_addafter.o)
                0x080066a8                sq_addafter
 .text.sq_addfirst
                0x080066c4       0x14 /media/data/coding/GSoC/AVT/px4+mavlink/Firmware/Build/px4io-v1_default.build/nuttx-export/libs/libnuttx.a(c-sq_addfirst.o)
                0x080066c4                sq_addfirst
 .text.sq_addlast
                0x080066d8       0x18 /media/data/coding/GSoC/AVT/px4+mavlink/Firmware/Build/px4io-v1_default.build/nuttx-export/libs/libnuttx.a(c-sq_addlast.o)
                0x080066d8                sq_addlast
 .text.sq_rem   0x080066f0       0x3c /media/data/coding/GSoC/AVT/px4+mavlink/Firmware/Build/px4io-v1_default.build/nuttx-export/libs/libnuttx.a(c-sq_rem.o)
                0x080066f0                sq_rem
 .text.calloc   0x0800672c       0x10 /media/data/coding/GSoC/AVT/px4+mavlink/Firmware/Build/px4io-v1_default.build/nuttx-export/libs/libnuttx.a(mm-mm_calloc.o)
                0x0800672c                calloc
 .text.free     0x0800673c       0xc0 /media/data/coding/GSoC/AVT/px4+mavlink/Firmware/Build/px4io-v1_default.build/nuttx-export/libs/libnuttx.a(mm-mm_free.o)
                0x0800673c                free
 .text.mallinfo
                0x080067fc       0x70 /media/data/coding/GSoC/AVT/px4+mavlink/Firmware/Build/px4io-v1_default.build/nuttx-export/libs/libnuttx.a(mm-mm_mallinfo.o)
                0x080067fc                mallinfo
 .text.malloc   0x0800686c       0xa8 /media/data/coding/GSoC/AVT/px4+mavlink/Firmware/Build/px4io-v1_default.build/nuttx-export/libs/libnuttx.a(mm-mm_malloc.o)
                0x0800686c                malloc
 .text.mm_seminitialize
                0x08006914       0x18 /media/data/coding/GSoC/AVT/px4+mavlink/Firmware/Build/px4io-v1_default.build/nuttx-export/libs/libnuttx.a(mm-mm_sem.o)
                0x08006914                mm_seminitialize
 .text.mm_trysemaphore
                0x0800692c       0x34 /media/data/coding/GSoC/AVT/px4+mavlink/Firmware/Build/px4io-v1_default.build/nuttx-export/libs/libnuttx.a(mm-mm_sem.o)
                0x0800692c                mm_trysemaphore
 .text.mm_takesemaphore
                0x08006960       0x44 /media/data/coding/GSoC/AVT/px4+mavlink/Firmware/Build/px4io-v1_default.build/nuttx-export/libs/libnuttx.a(mm-mm_sem.o)
                0x08006960                mm_takesemaphore
 .text.mm_givesemaphore
                0x080069a4       0x2c /media/data/coding/GSoC/AVT/px4+mavlink/Firmware/Build/px4io-v1_default.build/nuttx-export/libs/libnuttx.a(mm-mm_sem.o)
                0x080069a4                mm_givesemaphore
 .text.mm_size2ndx
                0x080069d0       0x20 /media/data/coding/GSoC/AVT/px4+mavlink/Firmware/Build/px4io-v1_default.build/nuttx-export/libs/libnuttx.a(mm-mm_size2ndx.o)
                0x080069d0                mm_size2ndx
 .text.umm_initialize
                0x080069f0       0x14 /media/data/coding/GSoC/AVT/px4+mavlink/Firmware/Build/px4io-v1_default.build/nuttx-export/libs/libnuttx.a(mm-mm_user.o)
                0x080069f0                umm_initialize
 .text.umm_trysemaphore
                0x08006a04        0xc /media/data/coding/GSoC/AVT/px4+mavlink/Firmware/Build/px4io-v1_default.build/nuttx-export/libs/libnuttx.a(mm-mm_user.o)
                0x08006a04                umm_trysemaphore
 .text.umm_givesemaphore
                0x08006a10        0xc /media/data/coding/GSoC/AVT/px4+mavlink/Firmware/Build/px4io-v1_default.build/nuttx-export/libs/libnuttx.a(mm-mm_user.o)
                0x08006a10                umm_givesemaphore
 .text.zalloc   0x08006a1c       0x18 /media/data/coding/GSoC/AVT/px4+mavlink/Firmware/Build/px4io-v1_default.build/nuttx-export/libs/libnuttx.a(mm-mm_zalloc.o)
                0x08006a1c                zalloc
 .text.stm32_dmainterrupt
                0x08006a34       0x54 /media/data/coding/GSoC/AVT/px4+mavlink/Firmware/Build/px4io-v1_default.build/nuttx-export/libs/libnuttx.a(arch-stm32_dma.o)
 .text.up_dmainitialize
                0x08006a88      0x20c /media/data/coding/GSoC/AVT/px4+mavlink/Firmware/Build/px4io-v1_default.build/nuttx-export/libs/libnuttx.a(arch-stm32_dma.o)
                0x08006a88                up_dmainitialize
 .text.stm32_dmachannel
                0x08006c94       0x34 /media/data/coding/GSoC/AVT/px4+mavlink/Firmware/Build/px4io-v1_default.build/nuttx-export/libs/libnuttx.a(arch-stm32_dma.o)
                0x08006c94                stm32_dmachannel
 .text.stm32_dmafree
                0x08006cc8        0x8 /media/data/coding/GSoC/AVT/px4+mavlink/Firmware/Build/px4io-v1_default.build/nuttx-export/libs/libnuttx.a(arch-stm32_dma.o)
                0x08006cc8                stm32_dmafree
 .text.stm32_dmasetup
                0x08006cd0       0x30 /media/data/coding/GSoC/AVT/px4+mavlink/Firmware/Build/px4io-v1_default.build/nuttx-export/libs/libnuttx.a(arch-stm32_dma.o)
                0x08006cd0                stm32_dmasetup
 .text.stm32_dmastart
                0x08006d00       0x30 /media/data/coding/GSoC/AVT/px4+mavlink/Firmware/Build/px4io-v1_default.build/nuttx-export/libs/libnuttx.a(arch-stm32_dma.o)
                0x08006d00                stm32_dmastart
 .text.stm32_dmastop
                0x08006d30       0x24 /media/data/coding/GSoC/AVT/px4+mavlink/Firmware/Build/px4io-v1_default.build/nuttx-export/libs/libnuttx.a(arch-stm32_dma.o)
                0x08006d30                stm32_dmastop
 .text.stm32_dmaresidual
                0x08006d54        0x8 /media/data/coding/GSoC/AVT/px4+mavlink/Firmware/Build/px4io-v1_default.build/nuttx-export/libs/libnuttx.a(arch-stm32_dma.o)
                0x08006d54                stm32_dmaresidual
 .text.stm32_gpioinit
                0x08006d5c        0xc /media/data/coding/GSoC/AVT/px4+mavlink/Firmware/Build/px4io-v1_default.build/nuttx-export/libs/libnuttx.a(arch-stm32_gpio.o)
                0x08006d5c                stm32_gpioinit
 .text.stm32_configgpio
                0x08006d68       0xf0 /media/data/coding/GSoC/AVT/px4+mavlink/Firmware/Build/px4io-v1_default.build/nuttx-export/libs/libnuttx.a(arch-stm32_gpio.o)
                0x08006d68                stm32_configgpio
 .text.stm32_gpiowrite
                0x08006e58       0x28 /media/data/coding/GSoC/AVT/px4+mavlink/Firmware/Build/px4io-v1_default.build/nuttx-export/libs/libnuttx.a(arch-stm32_gpio.o)
                0x08006e58                stm32_gpiowrite
 .text.stm32_gpioread
                0x08006e80       0x2c /media/data/coding/GSoC/AVT/px4+mavlink/Firmware/Build/px4io-v1_default.build/nuttx-export/libs/libnuttx.a(arch-stm32_gpio.o)
                0x08006e80                stm32_gpioread
 .text.up_irqinitialize
                0x08006eac       0xb8 /media/data/coding/GSoC/AVT/px4+mavlink/Firmware/Build/px4io-v1_default.build/nuttx-export/libs/libnuttx.a(arch-stm32_irq.o)
                0x08006eac                up_irqinitialize
 .text.up_disable_irq
                0x08006f64       0x84 /media/data/coding/GSoC/AVT/px4+mavlink/Firmware/Build/px4io-v1_default.build/nuttx-export/libs/libnuttx.a(arch-stm32_irq.o)
                0x08006f64                up_disable_irq
 .text.up_enable_irq
                0x08006fe8       0x80 /media/data/coding/GSoC/AVT/px4+mavlink/Firmware/Build/px4io-v1_default.build/nuttx-export/libs/libnuttx.a(arch-stm32_irq.o)
                0x08006fe8                up_enable_irq
 .text.up_maskack_irq
                0x08007068        0x4 /media/data/coding/GSoC/AVT/px4+mavlink/Firmware/Build/px4io-v1_default.build/nuttx-export/libs/libnuttx.a(arch-stm32_irq.o)
                0x08007068                up_maskack_irq
 .text.up_prioritize_irq
                0x0800706c       0x44 /media/data/coding/GSoC/AVT/px4+mavlink/Firmware/Build/px4io-v1_default.build/nuttx-export/libs/libnuttx.a(arch-stm32_irq.o)
                0x0800706c                up_prioritize_irq
 .text.up_set_format
                0x080070b0       0x60 /media/data/coding/GSoC/AVT/px4+mavlink/Firmware/Build/px4io-v1_default.build/nuttx-export/libs/libnuttx.a(arch-stm32_serial.o)
 .text.up_receive
                0x08007110       0x18 /media/data/coding/GSoC/AVT/px4+mavlink/Firmware/Build/px4io-v1_default.build/nuttx-export/libs/libnuttx.a(arch-stm32_serial.o)
 .text.up_rxavailable
                0x08007128        0xc /media/data/coding/GSoC/AVT/px4+mavlink/Firmware/Build/px4io-v1_default.build/nuttx-export/libs/libnuttx.a(arch-stm32_serial.o)
 .text.up_dma_rxint
                0x08007134        0x8 /media/data/coding/GSoC/AVT/px4+mavlink/Firmware/Build/px4io-v1_default.build/nuttx-export/libs/libnuttx.a(arch-stm32_serial.o)
 .text.up_send  0x0800713c        0x8 /media/data/coding/GSoC/AVT/px4+mavlink/Firmware/Build/px4io-v1_default.build/nuttx-export/libs/libnuttx.a(arch-stm32_serial.o)
 .text.up_txready
                0x08007144        0xc /media/data/coding/GSoC/AVT/px4+mavlink/Firmware/Build/px4io-v1_default.build/nuttx-export/libs/libnuttx.a(arch-stm32_serial.o)
 .text.up_setup
                0x08007150       0x6c /media/data/coding/GSoC/AVT/px4+mavlink/Firmware/Build/px4io-v1_default.build/nuttx-export/libs/libnuttx.a(arch-stm32_serial.o)
 .text.up_dma_rxavailable
                0x080071bc       0x18 /media/data/coding/GSoC/AVT/px4+mavlink/Firmware/Build/px4io-v1_default.build/nuttx-export/libs/libnuttx.a(arch-stm32_serial.o)
 .text.up_dma_receive
                0x080071d4       0x2c /media/data/coding/GSoC/AVT/px4+mavlink/Firmware/Build/px4io-v1_default.build/nuttx-export/libs/libnuttx.a(arch-stm32_serial.o)
 .text.up_ioctl
                0x08007200       0xa8 /media/data/coding/GSoC/AVT/px4+mavlink/Firmware/Build/px4io-v1_default.build/nuttx-export/libs/libnuttx.a(arch-stm32_serial.o)
 .text.up_detach
                0x080072a8       0x1c /media/data/coding/GSoC/AVT/px4+mavlink/Firmware/Build/px4io-v1_default.build/nuttx-export/libs/libnuttx.a(arch-stm32_serial.o)
 .text.up_attach
                0x080072c4       0x20 /media/data/coding/GSoC/AVT/px4+mavlink/Firmware/Build/px4io-v1_default.build/nuttx-export/libs/libnuttx.a(arch-stm32_serial.o)
 .text.up_dma_setup
                0x080072e4       0x50 /media/data/coding/GSoC/AVT/px4+mavlink/Firmware/Build/px4io-v1_default.build/nuttx-export/libs/libnuttx.a(arch-stm32_serial.o)
 .text.up_interrupt_common
                0x08007334       0xe4 /media/data/coding/GSoC/AVT/px4+mavlink/Firmware/Build/px4io-v1_default.build/nuttx-export/libs/libnuttx.a(arch-stm32_serial.o)
 .text.up_interrupt_usart3
                0x08007418        0xc /media/data/coding/GSoC/AVT/px4+mavlink/Firmware/Build/px4io-v1_default.build/nuttx-export/libs/libnuttx.a(arch-stm32_serial.o)
 .text.up_interrupt_usart2
                0x08007424        0xc /media/data/coding/GSoC/AVT/px4+mavlink/Firmware/Build/px4io-v1_default.build/nuttx-export/libs/libnuttx.a(arch-stm32_serial.o)
 .text.up_interrupt_usart1
                0x08007430        0xc /media/data/coding/GSoC/AVT/px4+mavlink/Firmware/Build/px4io-v1_default.build/nuttx-export/libs/libnuttx.a(arch-stm32_serial.o)
 .text.up_dma_rxcallback
                0x0800743c       0x28 /media/data/coding/GSoC/AVT/px4+mavlink/Firmware/Build/px4io-v1_default.build/nuttx-export/libs/libnuttx.a(arch-stm32_serial.o)
 .text.up_dma_shutdown
                0x08007464       0x3c /media/data/coding/GSoC/AVT/px4+mavlink/Firmware/Build/px4io-v1_default.build/nuttx-export/libs/libnuttx.a(arch-stm32_serial.o)
 .text.up_rxint
                0x080074a0       0x4c /media/data/coding/GSoC/AVT/px4+mavlink/Firmware/Build/px4io-v1_default.build/nuttx-export/libs/libnuttx.a(arch-stm32_serial.o)
 .text.up_shutdown
                0x080074ec       0x2c /media/data/coding/GSoC/AVT/px4+mavlink/Firmware/Build/px4io-v1_default.build/nuttx-export/libs/libnuttx.a(arch-stm32_serial.o)
 .text.up_txint
                0x08007518       0x84 /media/data/coding/GSoC/AVT/px4+mavlink/Firmware/Build/px4io-v1_default.build/nuttx-export/libs/libnuttx.a(arch-stm32_serial.o)
 .text.up_earlyserialinit
                0x0800759c       0x6c /media/data/coding/GSoC/AVT/px4+mavlink/Firmware/Build/px4io-v1_default.build/nuttx-export/libs/libnuttx.a(arch-stm32_serial.o)
                0x0800759c                up_earlyserialinit
 .text.up_serialinit
                0x08007608       0x94 /media/data/coding/GSoC/AVT/px4+mavlink/Firmware/Build/px4io-v1_default.build/nuttx-export/libs/libnuttx.a(arch-stm32_serial.o)
                0x08007608                up_serialinit
 .text.stm32_serial_dma_poll
                0x0800769c       0x70 /media/data/coding/GSoC/AVT/px4+mavlink/Firmware/Build/px4io-v1_default.build/nuttx-export/libs/libnuttx.a(arch-stm32_serial.o)
                0x0800769c                stm32_serial_dma_poll
 .text.up_putc  0x0800770c       0x70 /media/data/coding/GSoC/AVT/px4+mavlink/Firmware/Build/px4io-v1_default.build/nuttx-export/libs/libnuttx.a(arch-stm32_serial.o)
                0x0800770c                up_putc
 .text.__start  0x0800777c       0xb4 /media/data/coding/GSoC/AVT/px4+mavlink/Firmware/Build/px4io-v1_default.build/nuttx-export/libs/libnuttx.a(arch-stm32_start.o)
                0x0800777c                __start
 .text.up_assert
                0x08007830      0x208 /media/data/coding/GSoC/AVT/px4+mavlink/Firmware/Build/px4io-v1_default.build/nuttx-export/libs/libnuttx.a(arch-up_assert.o)
                0x08007830                up_assert
 .text.up_hardfault
                0x08007a38       0x40 /media/data/coding/GSoC/AVT/px4+mavlink/Firmware/Build/px4io-v1_default.build/nuttx-export/libs/libnuttx.a(arch-up_hardfault.o)
                0x08007a38                up_hardfault
 .text.modifyreg32
                0x08007a78       0x20 /media/data/coding/GSoC/AVT/px4+mavlink/Firmware/Build/px4io-v1_default.build/nuttx-export/libs/libnuttx.a(arch-up_modifyreg32.o)
                0x08007a78                modifyreg32
 .text.up_svcall
                0x08007a98       0x3c /media/data/coding/GSoC/AVT/px4+mavlink/Firmware/Build/px4io-v1_default.build/nuttx-export/libs/libnuttx.a(arch-up_svcall.o)
                0x08007a98                up_svcall
 .text.up_udelay
                0x08007ad4       0x8c /media/data/coding/GSoC/AVT/px4+mavlink/Firmware/Build/px4io-v1_default.build/nuttx-export/libs/libnuttx.a(arch-up_udelay.o)
                0x08007ad4                up_udelay
 .text.__cxa_atexit
                0x08007b60        0x4 /media/data/coding/GSoC/AVT/px4+mavlink/Firmware/Build/px4io-v1_default.build/nuttx-export/libs/libnuttx.a(cxx-libxx_cxa_atexit.o)
                0x08007b60                __cxa_atexit
 .text.__cxa_pure_virtual
                0x08007b64       0x10 /media/data/coding/GSoC/AVT/px4+mavlink/Firmware/Build/px4io-v1_default.build/nuttx-export/libs/libnuttx.a(cxx-libxx_cxapurevirtual.o)
                0x08007b64                __cxa_pure_virtual
 .text._ZdlPv   0x08007b74        0x4 /media/data/coding/GSoC/AVT/px4+mavlink/Firmware/Build/px4io-v1_default.build/nuttx-export/libs/libnuttx.a(cxx-libxx_delete.o)
                0x08007b74                operator delete(void*)
 .text.__aeabi_atexit
                0x08007b78        0xc /media/data/coding/GSoC/AVT/px4+mavlink/Firmware/Build/px4io-v1_default.build/nuttx-export/libs/libnuttx.a(cxx-libxx_eabi_atexit.o)
                0x08007b78                __aeabi_atexit
 .text._Znwj    0x08007b84        0xc /media/data/coding/GSoC/AVT/px4+mavlink/Firmware/Build/px4io-v1_default.build/nuttx-export/libs/libnuttx.a(cxx-libxx_new.o)
                0x08007b84                operator new(unsigned int)
 .text.ioctl    0x08007b90       0x50 /media/data/coding/GSoC/AVT/px4+mavlink/Firmware/Build/px4io-v1_default.build/nuttx-export/libs/libnuttx.a(fs-fs_ioctl.o)
                0x08007b90                ioctl
 .text.open     0x08007be0       0xa4 /media/data/coding/GSoC/AVT/px4+mavlink/Firmware/Build/px4io-v1_default.build/nuttx-export/libs/libnuttx.a(fs-fs_open.o)
                0x08007be0                open
 .text.read     0x08007c84       0x5c /media/data/coding/GSoC/AVT/px4+mavlink/Firmware/Build/px4io-v1_default.build/nuttx-export/libs/libnuttx.a(fs-fs_read.o)
                0x08007c84                read
 .text.uart_xmitchars
                0x08007ce0       0x7c /media/data/coding/GSoC/AVT/px4+mavlink/Firmware/Build/px4io-v1_default.build/nuttx-export/libs/libnuttx.a(drivers-serialirq.o)
                0x08007ce0                uart_xmitchars
 .text.uart_recvchars
                0x08007d5c       0x78 /media/data/coding/GSoC/AVT/px4+mavlink/Firmware/Build/px4io-v1_default.build/nuttx-export/libs/libnuttx.a(drivers-serialirq.o)
                0x08007d5c                uart_recvchars
 .text.uart_ioctl
                0x08007dd4      0x100 /media/data/coding/GSoC/AVT/px4+mavlink/Firmware/Build/px4io-v1_default.build/nuttx-export/libs/libnuttx.a(drivers-serial.o)
 .text.uart_putxmitchar
                0x08007ed4       0xac /media/data/coding/GSoC/AVT/px4+mavlink/Firmware/Build/px4io-v1_default.build/nuttx-export/libs/libnuttx.a(drivers-serial.o)
 .text.uart_write
                0x08007f80      0x1f0 /media/data/coding/GSoC/AVT/px4+mavlink/Firmware/Build/px4io-v1_default.build/nuttx-export/libs/libnuttx.a(drivers-serial.o)
 .text.uart_close
                0x08008170       0xb0 /media/data/coding/GSoC/AVT/px4+mavlink/Firmware/Build/px4io-v1_default.build/nuttx-export/libs/libnuttx.a(drivers-serial.o)
 .text.uart_read
                0x08008220      0x11c /media/data/coding/GSoC/AVT/px4+mavlink/Firmware/Build/px4io-v1_default.build/nuttx-export/libs/libnuttx.a(drivers-serial.o)
 .text.uart_open
                0x0800833c       0xc4 /media/data/coding/GSoC/AVT/px4+mavlink/Firmware/Build/px4io-v1_default.build/nuttx-export/libs/libnuttx.a(drivers-serial.o)
 .text.uart_register
                0x08008400       0x58 /media/data/coding/GSoC/AVT/px4+mavlink/Firmware/Build/px4io-v1_default.build/nuttx-export/libs/libnuttx.a(drivers-serial.o)
                0x08008400                uart_register
 .text.uart_datareceived
                0x08008458       0x14 /media/data/coding/GSoC/AVT/px4+mavlink/Firmware/Build/px4io-v1_default.build/nuttx-export/libs/libnuttx.a(drivers-serial.o)
                0x08008458                uart_datareceived
 .text.uart_datasent
                0x0800846c       0x14 /media/data/coding/GSoC/AVT/px4+mavlink/Firmware/Build/px4io-v1_default.build/nuttx-export/libs/libnuttx.a(drivers-serial.o)
                0x0800846c                uart_datasent
 .text.get_errno_ptr
                0x08008480       0x28 /media/data/coding/GSoC/AVT/px4+mavlink/Firmware/Build/px4io-v1_default.build/nuttx-export/libs/libnuttx.a(sched-errno_getptr.o)
                0x08008480                get_errno_ptr
 .text.exit     0x080084a8       0x20 /media/data/coding/GSoC/AVT/px4+mavlink/Firmware/Build/px4io-v1_default.build/nuttx-export/libs/libnuttx.a(sched-exit.o)
                0x080084a8                exit
 .text.getpid   0x080084c8       0x10 /media/data/coding/GSoC/AVT/px4+mavlink/Firmware/Build/px4io-v1_default.build/nuttx-export/libs/libnuttx.a(sched-getpid.o)
                0x080084c8                getpid
 .text.os_start
                0x080084d8      0x154 /media/data/coding/GSoC/AVT/px4+mavlink/Firmware/Build/px4io-v1_default.build/nuttx-export/libs/libnuttx.a(sched-os_start.o)
                0x080084d8                os_start
 .text.sched_garbagecollection
                0x0800862c       0x30 /media/data/coding/GSoC/AVT/px4+mavlink/Firmware/Build/px4io-v1_default.build/nuttx-export/libs/libnuttx.a(sched-sched_garbage.o)
                0x0800862c                sched_garbagecollection
 .text.sched_getfiles
                0x0800865c       0x10 /media/data/coding/GSoC/AVT/px4+mavlink/Firmware/Build/px4io-v1_default.build/nuttx-export/libs/libnuttx.a(sched-sched_getfiles.o)
                0x0800865c                sched_getfiles
 .text.sem_post
                0x0800866c       0x60 /media/data/coding/GSoC/AVT/px4+mavlink/Firmware/Build/px4io-v1_default.build/nuttx-export/libs/libnuttx.a(sched-sem_post.o)
                0x0800866c                sem_post
 .text.sem_trywait
                0x080086cc       0x54 /media/data/coding/GSoC/AVT/px4+mavlink/Firmware/Build/px4io-v1_default.build/nuttx-export/libs/libnuttx.a(sched-sem_trywait.o)
                0x080086cc                sem_trywait
 .text.sem_wait
                0x08008720       0x9c /media/data/coding/GSoC/AVT/px4+mavlink/Firmware/Build/px4io-v1_default.build/nuttx-export/libs/libnuttx.a(sched-sem_wait.o)
                0x08008720                sem_wait
 .text.task_exithook
                0x080087bc       0x20 /media/data/coding/GSoC/AVT/px4+mavlink/Firmware/Build/px4io-v1_default.build/nuttx-export/libs/libnuttx.a(sched-task_exithook.o)
                0x080087bc                task_exithook
 .text.task_recover
                0x080087dc       0x28 /media/data/coding/GSoC/AVT/px4+mavlink/Firmware/Build/px4io-v1_default.build/nuttx-export/libs/libnuttx.a(sched-task_recover.o)
                0x080087dc                task_recover
 .text.wd_cancel
                0x08008804       0x74 /media/data/coding/GSoC/AVT/px4+mavlink/Firmware/Build/px4io-v1_default.build/nuttx-export/libs/libnuttx.a(sched-wd_cancel.o)
                0x08008804                wd_cancel
 .text.wd_delete
                0x08008878       0x40 /media/data/coding/GSoC/AVT/px4+mavlink/Firmware/Build/px4io-v1_default.build/nuttx-export/libs/libnuttx.a(sched-wd_delete.o)
                0x08008878                wd_delete
 .text.wd_initialize
                0x080088b8       0x54 /media/data/coding/GSoC/AVT/px4+mavlink/Firmware/Build/px4io-v1_default.build/nuttx-export/libs/libnuttx.a(sched-wd_initialize.o)
                0x080088b8                wd_initialize
 .text.dq_addfirst
                0x0800890c       0x18 /media/data/coding/GSoC/AVT/px4+mavlink/Firmware/Build/px4io-v1_default.build/nuttx-export/libs/libnuttx.a(c-dq_addfirst.o)
                0x0800890c                dq_addfirst
 .text.cfgetspeed
                0x08008924        0x4 /media/data/coding/GSoC/AVT/px4+mavlink/Firmware/Build/px4io-v1_default.build/nuttx-export/libs/libnuttx.a(c-lib_cfgetspeed.o)
                0x08008924                cfgetspeed
 .text.lib_checkbase
                0x08008928       0x54 /media/data/coding/GSoC/AVT/px4+mavlink/Firmware/Build/px4io-v1_default.build/nuttx-export/libs/libnuttx.a(c-lib_checkbase.o)
                0x08008928                lib_checkbase
 .text.lib_isbasedigit
                0x0800897c       0x50 /media/data/coding/GSoC/AVT/px4+mavlink/Firmware/Build/px4io-v1_default.build/nuttx-export/libs/libnuttx.a(c-lib_isbasedigit.o)
                0x0800897c                lib_isbasedigit
 .text.prejustify
                0x080089cc       0xc4 /media/data/coding/GSoC/AVT/px4+mavlink/Firmware/Build/px4io-v1_default.build/nuttx-export/libs/libnuttx.a(c-lib_libvsprintf.o)
 .text.llutobin
                0x08008a90      0x130 /media/data/coding/GSoC/AVT/px4+mavlink/Firmware/Build/px4io-v1_default.build/nuttx-export/libs/libnuttx.a(c-lib_libvsprintf.o)
 .text.llutooct
                0x08008bc0      0x148 /media/data/coding/GSoC/AVT/px4+mavlink/Firmware/Build/px4io-v1_default.build/nuttx-export/libs/libnuttx.a(c-lib_libvsprintf.o)
 .text.utooct   0x08008d08       0xd4 /media/data/coding/GSoC/AVT/px4+mavlink/Firmware/Build/px4io-v1_default.build/nuttx-export/libs/libnuttx.a(c-lib_libvsprintf.o)
 .text.utobin   0x08008ddc       0xd4 /media/data/coding/GSoC/AVT/px4+mavlink/Firmware/Build/px4io-v1_default.build/nuttx-export/libs/libnuttx.a(c-lib_libvsprintf.o)
 .text.llutodec
                0x08008eb0      0x1c0 /media/data/coding/GSoC/AVT/px4+mavlink/Firmware/Build/px4io-v1_default.build/nuttx-export/libs/libnuttx.a(c-lib_libvsprintf.o)
 .text.utodec   0x08009070      0x124 /media/data/coding/GSoC/AVT/px4+mavlink/Firmware/Build/px4io-v1_default.build/nuttx-export/libs/libnuttx.a(c-lib_libvsprintf.o)
 .text.utoascii
                0x08009194      0x2d8 /media/data/coding/GSoC/AVT/px4+mavlink/Firmware/Build/px4io-v1_default.build/nuttx-export/libs/libnuttx.a(c-lib_libvsprintf.o)
 .text.llutoascii
                0x0800946c      0x5e8 /media/data/coding/GSoC/AVT/px4+mavlink/Firmware/Build/px4io-v1_default.build/nuttx-export/libs/libnuttx.a(c-lib_libvsprintf.o)
 .text.lib_vsprintf
                0x08009a54      0x43c /media/data/coding/GSoC/AVT/px4+mavlink/Firmware/Build/px4io-v1_default.build/nuttx-export/libs/libnuttx.a(c-lib_libvsprintf.o)
                0x08009a54                lib_vsprintf
 .text.lowoutstream_putc
                0x08009e90       0x18 /media/data/coding/GSoC/AVT/px4+mavlink/Firmware/Build/px4io-v1_default.build/nuttx-export/libs/libnuttx.a(c-lib_lowoutstream.o)
 .text.lib_lowoutstream
                0x08009ea8       0x10 /media/data/coding/GSoC/AVT/px4+mavlink/Firmware/Build/px4io-v1_default.build/nuttx-export/libs/libnuttx.a(c-lib_lowoutstream.o)
                0x08009ea8                lib_lowoutstream
 .text.memoutstream_putc
                0x08009eb8       0x1c /media/data/coding/GSoC/AVT/px4+mavlink/Firmware/Build/px4io-v1_default.build/nuttx-export/libs/libnuttx.a(c-lib_memoutstream.o)
 .text.lib_memoutstream
                0x08009ed4       0x1c /media/data/coding/GSoC/AVT/px4+mavlink/Firmware/Build/px4io-v1_default.build/nuttx-export/libs/libnuttx.a(c-lib_memoutstream.o)
                0x08009ed4                lib_memoutstream
 .text.nulloutstream_putc
                0x08009ef0        0x8 /media/data/coding/GSoC/AVT/px4+mavlink/Firmware/Build/px4io-v1_default.build/nuttx-export/libs/libnuttx.a(c-lib_nulloutstream.o)
 .text.lib_nulloutstream
                0x08009ef8       0x10 /media/data/coding/GSoC/AVT/px4+mavlink/Firmware/Build/px4io-v1_default.build/nuttx-export/libs/libnuttx.a(c-lib_nulloutstream.o)
                0x08009ef8                lib_nulloutstream
 .text.lib_skipspace
                0x08009f08       0x24 /media/data/coding/GSoC/AVT/px4+mavlink/Firmware/Build/px4io-v1_default.build/nuttx-export/libs/libnuttx.a(c-lib_skipspace.o)
                0x08009f08                lib_skipspace
 .text.strlen   0x08009f2c       0x1c /media/data/coding/GSoC/AVT/px4+mavlink/Firmware/Build/px4io-v1_default.build/nuttx-export/libs/libnuttx.a(c-lib_strlen.o)
                0x08009f2c                strlen
 .text.sem_init
                0x08009f48       0x20 /media/data/coding/GSoC/AVT/px4+mavlink/Firmware/Build/px4io-v1_default.build/nuttx-export/libs/libnuttx.a(c-sem_init.o)
                0x08009f48                sem_init
 .text.sq_remafter
                0x08009f68       0x24 /media/data/coding/GSoC/AVT/px4+mavlink/Firmware/Build/px4io-v1_default.build/nuttx-export/libs/libnuttx.a(c-sq_remafter.o)
                0x08009f68                sq_remafter
 .text.sq_remfirst
                0x08009f8c       0x18 /media/data/coding/GSoC/AVT/px4+mavlink/Firmware/Build/px4io-v1_default.build/nuttx-export/libs/libnuttx.a(c-sq_remfirst.o)
                0x08009f8c                sq_remfirst
 .text.mm_addfreechunk
                0x08009fa4       0x58 /media/data/coding/GSoC/AVT/px4+mavlink/Firmware/Build/px4io-v1_default.build/nuttx-export/libs/libnuttx.a(mm-mm_addfreechunk.o)
                0x08009fa4                mm_addfreechunk
 .text.mm_initialize
                0x08009ffc       0xf0 /media/data/coding/GSoC/AVT/px4+mavlink/Firmware/Build/px4io-v1_default.build/nuttx-export/libs/libnuttx.a(mm-mm_initialize.o)
                0x08009ffc                mm_initialize
 .text.up_allocate_heap
                0x0800a0ec       0x18 /media/data/coding/GSoC/AVT/px4+mavlink/Firmware/Build/px4io-v1_default.build/nuttx-export/libs/libnuttx.a(arch-stm32_allocateheap.o)
                0x0800a0ec                up_allocate_heap
 .text.up_idle  0x0800a104        0x4 /media/data/coding/GSoC/AVT/px4+mavlink/Firmware/Build/px4io-v1_default.build/nuttx-export/libs/libnuttx.a(arch-stm32_idle.o)
                0x0800a104                up_idle
 .text.up_lowputc
                0x0800a108       0x1c /media/data/coding/GSoC/AVT/px4+mavlink/Firmware/Build/px4io-v1_default.build/nuttx-export/libs/libnuttx.a(arch-stm32_lowputc.o)
                0x0800a108                up_lowputc
 .text.stm32_lowsetup
                0x0800a124       0x78 /media/data/coding/GSoC/AVT/px4+mavlink/Firmware/Build/px4io-v1_default.build/nuttx-export/libs/libnuttx.a(arch-stm32_lowputc.o)
                0x0800a124                stm32_lowsetup
 .text.stm32_clockconfig
                0x0800a19c      0x148 /media/data/coding/GSoC/AVT/px4+mavlink/Firmware/Build/px4io-v1_default.build/nuttx-export/libs/libnuttx.a(arch-stm32_rcc.o)
                0x0800a19c                stm32_clockconfig
 .text.up_block_task
                0x0800a2e4       0x7c /media/data/coding/GSoC/AVT/px4+mavlink/Firmware/Build/px4io-v1_default.build/nuttx-export/libs/libnuttx.a(arch-up_blocktask.o)
                0x0800a2e4                up_block_task
 .text.up_copystate
                0x0800a360       0x30 /media/data/coding/GSoC/AVT/px4+mavlink/Firmware/Build/px4io-v1_default.build/nuttx-export/libs/libnuttx.a(arch-up_copystate.o)
                0x0800a360                up_copystate
 .text          0x0800a390       0x5e /media/data/coding/GSoC/AVT/px4+mavlink/Firmware/Build/px4io-v1_default.build/nuttx-export/libs/libnuttx.a(arch-up_exception.o)
                0x0800a390                exception_common
 *fill*         0x0800a3ee        0x2 00
 .text._exit    0x0800a3f0       0x1c /media/data/coding/GSoC/AVT/px4+mavlink/Firmware/Build/px4io-v1_default.build/nuttx-export/libs/libnuttx.a(arch-up_exit.o)
                0x0800a3f0                _exit
 .text          0x0800a40c        0xa /media/data/coding/GSoC/AVT/px4+mavlink/Firmware/Build/px4io-v1_default.build/nuttx-export/libs/libnuttx.a(arch-up_fullcontextrestore.o)
                0x0800a40c                up_fullcontextrestore
 *fill*         0x0800a416        0x2 00
 .text.up_initialize
                0x0800a418       0x28 /media/data/coding/GSoC/AVT/px4+mavlink/Firmware/Build/px4io-v1_default.build/nuttx-export/libs/libnuttx.a(arch-up_initialize.o)
                0x0800a418                up_initialize
 .text.up_initial_state
                0x0800a440       0x2c /media/data/coding/GSoC/AVT/px4+mavlink/Firmware/Build/px4io-v1_default.build/nuttx-export/libs/libnuttx.a(arch-up_initialstate.o)
                0x0800a440                up_initial_state
 .text.up_interrupt_context
                0x0800a46c       0x14 /media/data/coding/GSoC/AVT/px4+mavlink/Firmware/Build/px4io-v1_default.build/nuttx-export/libs/libnuttx.a(arch-up_interruptcontext.o)
                0x0800a46c                up_interrupt_context
 .text.up_mdelay
                0x0800a480       0x34 /media/data/coding/GSoC/AVT/px4+mavlink/Firmware/Build/px4io-v1_default.build/nuttx-export/libs/libnuttx.a(arch-up_mdelay.o)
                0x0800a480                up_mdelay
 .text          0x0800a4b4        0xc /media/data/coding/GSoC/AVT/px4+mavlink/Firmware/Build/px4io-v1_default.build/nuttx-export/libs/libnuttx.a(arch-up_switchcontext.o)
                0x0800a4b4                up_switchcontext
 .text.up_unblock_task
                0x0800a4c0       0x5c /media/data/coding/GSoC/AVT/px4+mavlink/Firmware/Build/px4io-v1_default.build/nuttx-export/libs/libnuttx.a(arch-up_unblocktask.o)
                0x0800a4c0                up_unblock_task
 .text.files_initialize
                0x0800a51c        0x4 /media/data/coding/GSoC/AVT/px4+mavlink/Firmware/Build/px4io-v1_default.build/nuttx-export/libs/libnuttx.a(fs-fs_files.o)
                0x0800a51c                files_initialize
 .text.files_initlist
                0x0800a520        0x8 /media/data/coding/GSoC/AVT/px4+mavlink/Firmware/Build/px4io-v1_default.build/nuttx-export/libs/libnuttx.a(fs-fs_files.o)
                0x0800a520                files_initlist
 .text.files_releaselist
                0x0800a528      0x10c /media/data/coding/GSoC/AVT/px4+mavlink/Firmware/Build/px4io-v1_default.build/nuttx-export/libs/libnuttx.a(fs-fs_files.o)
                0x0800a528                files_releaselist
 .text.files_dup
                0x0800a634       0xe0 /media/data/coding/GSoC/AVT/px4+mavlink/Firmware/Build/px4io-v1_default.build/nuttx-export/libs/libnuttx.a(fs-fs_files.o)
                0x0800a634                files_dup
 .text.files_allocate
                0x0800a714       0x9c /media/data/coding/GSoC/AVT/px4+mavlink/Firmware/Build/px4io-v1_default.build/nuttx-export/libs/libnuttx.a(fs-fs_files.o)
                0x0800a714                files_allocate
 .text.files_close
                0x0800a7b0       0x84 /media/data/coding/GSoC/AVT/px4+mavlink/Firmware/Build/px4io-v1_default.build/nuttx-export/libs/libnuttx.a(fs-fs_files.o)
                0x0800a7b0                files_close
 .text.files_release
                0x0800a834       0x48 /media/data/coding/GSoC/AVT/px4+mavlink/Firmware/Build/px4io-v1_default.build/nuttx-export/libs/libnuttx.a(fs-fs_files.o)
                0x0800a834                files_release
 .text.inode_addref
                0x0800a87c       0x1c /media/data/coding/GSoC/AVT/px4+mavlink/Firmware/Build/px4io-v1_default.build/nuttx-export/libs/libnuttx.a(fs-fs_inodeaddref.o)
                0x0800a87c                inode_addref
 .text.inode_find
                0x0800a898       0x38 /media/data/coding/GSoC/AVT/px4+mavlink/Firmware/Build/px4io-v1_default.build/nuttx-export/libs/libnuttx.a(fs-fs_inodefind.o)
                0x0800a898                inode_find
 .text.fs_initialize
                0x0800a8d0       0x20 /media/data/coding/GSoC/AVT/px4+mavlink/Firmware/Build/px4io-v1_default.build/nuttx-export/libs/libnuttx.a(fs-fs_inode.o)
                0x0800a8d0                fs_initialize
 .text.inode_semtake
                0x0800a8f0       0x2c /media/data/coding/GSoC/AVT/px4+mavlink/Firmware/Build/px4io-v1_default.build/nuttx-export/libs/libnuttx.a(fs-fs_inode.o)
                0x0800a8f0                inode_semtake
 .text.inode_semgive
                0x0800a91c        0xc /media/data/coding/GSoC/AVT/px4+mavlink/Firmware/Build/px4io-v1_default.build/nuttx-export/libs/libnuttx.a(fs-fs_inode.o)
                0x0800a91c                inode_semgive
 .text.inode_search
                0x0800a928       0xf4 /media/data/coding/GSoC/AVT/px4+mavlink/Firmware/Build/px4io-v1_default.build/nuttx-export/libs/libnuttx.a(fs-fs_inode.o)
                0x0800a928                inode_search
 .text.inode_free
                0x0800aa1c      0x5d0 /media/data/coding/GSoC/AVT/px4+mavlink/Firmware/Build/px4io-v1_default.build/nuttx-export/libs/libnuttx.a(fs-fs_inode.o)
                0x0800aa1c                inode_free
 .text.inode_nextname
                0x0800afec       0x20 /media/data/coding/GSoC/AVT/px4+mavlink/Firmware/Build/px4io-v1_default.build/nuttx-export/libs/libnuttx.a(fs-fs_inode.o)
                0x0800afec                inode_nextname
 .text.inode_release
                0x0800b00c       0x40 /media/data/coding/GSoC/AVT/px4+mavlink/Firmware/Build/px4io-v1_default.build/nuttx-export/libs/libnuttx.a(fs-fs_inoderelease.o)
                0x0800b00c                inode_release
 .text.register_driver
                0x0800b04c       0x38 /media/data/coding/GSoC/AVT/px4+mavlink/Firmware/Build/px4io-v1_default.build/nuttx-export/libs/libnuttx.a(fs-fs_registerdriver.o)
                0x0800b04c                register_driver
 .text.group_allocate
                0x0800b084       0x18 /media/data/coding/GSoC/AVT/px4+mavlink/Firmware/Build/px4io-v1_default.build/nuttx-export/libs/libnuttx.a(sched-group_create.o)
                0x0800b084                group_allocate
 .text.group_initialize
                0x0800b09c        0xc /media/data/coding/GSoC/AVT/px4+mavlink/Firmware/Build/px4io-v1_default.build/nuttx-export/libs/libnuttx.a(sched-group_create.o)
                0x0800b09c                group_initialize
 .text.group_leave
                0x0800b0a8       0x28 /media/data/coding/GSoC/AVT/px4+mavlink/Firmware/Build/px4io-v1_default.build/nuttx-export/libs/libnuttx.a(sched-group_leave.o)
                0x0800b0a8                group_leave
 .text.group_setupidlefiles
                0x0800b0d0       0x40 /media/data/coding/GSoC/AVT/px4+mavlink/Firmware/Build/px4io-v1_default.build/nuttx-export/libs/libnuttx.a(sched-group_setupidlefiles.o)
                0x0800b0d0                group_setupidlefiles
 .text.os_bringup
                0x0800b110       0x34 /media/data/coding/GSoC/AVT/px4+mavlink/Firmware/Build/px4io-v1_default.build/nuttx-export/libs/libnuttx.a(sched-os_bringup.o)
                0x0800b110                os_bringup
 .text.sched_addblocked
                0x0800b144       0x40 /media/data/coding/GSoC/AVT/px4+mavlink/Firmware/Build/px4io-v1_default.build/nuttx-export/libs/libnuttx.a(sched-sched_addblocked.o)
                0x0800b144                sched_addblocked
 .text.sched_addprioritized
                0x0800b184       0x60 /media/data/coding/GSoC/AVT/px4+mavlink/Firmware/Build/px4io-v1_default.build/nuttx-export/libs/libnuttx.a(sched-sched_addprioritized.o)
                0x0800b184                sched_addprioritized
 .text.sched_addreadytorun
                0x0800b1e4       0x60 /media/data/coding/GSoC/AVT/px4+mavlink/Firmware/Build/px4io-v1_default.build/nuttx-export/libs/libnuttx.a(sched-sched_addreadytorun.o)
                0x0800b1e4                sched_addreadytorun
 .text.sched_ufree
                0x0800b244       0x3c /media/data/coding/GSoC/AVT/px4+mavlink/Firmware/Build/px4io-v1_default.build/nuttx-export/libs/libnuttx.a(sched-sched_free.o)
                0x0800b244                sched_ufree
 .text.sched_mergepending
                0x0800b280       0x84 /media/data/coding/GSoC/AVT/px4+mavlink/Firmware/Build/px4io-v1_default.build/nuttx-export/libs/libnuttx.a(sched-sched_mergepending.o)
                0x0800b280                sched_mergepending
 .text.sched_removeblocked
                0x0800b304       0x30 /media/data/coding/GSoC/AVT/px4+mavlink/Firmware/Build/px4io-v1_default.build/nuttx-export/libs/libnuttx.a(sched-sched_removeblocked.o)
                0x0800b304                sched_removeblocked
 .text.sched_removereadytorun
                0x0800b334       0x44 /media/data/coding/GSoC/AVT/px4+mavlink/Firmware/Build/px4io-v1_default.build/nuttx-export/libs/libnuttx.a(sched-sched_removereadytorun.o)
                0x0800b334                sched_removereadytorun
 .text.sem_destroy
                0x0800b378       0x28 /media/data/coding/GSoC/AVT/px4+mavlink/Firmware/Build/px4io-v1_default.build/nuttx-export/libs/libnuttx.a(sched-sem_destroy.o)
                0x0800b378                sem_destroy
 .text.thread_create
                0x0800b3a0       0xa8 /media/data/coding/GSoC/AVT/px4+mavlink/Firmware/Build/px4io-v1_default.build/nuttx-export/libs/libnuttx.a(sched-task_create.o)
 .text.task_create
                0x0800b448       0x20 /media/data/coding/GSoC/AVT/px4+mavlink/Firmware/Build/px4io-v1_default.build/nuttx-export/libs/libnuttx.a(sched-task_create.o)
                0x0800b448                task_create
 .text.task_exit
                0x0800b468       0x4c /media/data/coding/GSoC/AVT/px4+mavlink/Firmware/Build/px4io-v1_default.build/nuttx-export/libs/libnuttx.a(sched-task_exit.o)
                0x0800b468                task_exit
 .text.task_schedsetup
                0x0800b4b4      0x11c /media/data/coding/GSoC/AVT/px4+mavlink/Firmware/Build/px4io-v1_default.build/nuttx-export/libs/libnuttx.a(sched-task_setup.o)
                0x0800b4b4                task_schedsetup
 .text.task_argsetup
                0x0800b5d0       0x9c /media/data/coding/GSoC/AVT/px4+mavlink/Firmware/Build/px4io-v1_default.build/nuttx-export/libs/libnuttx.a(sched-task_setup.o)
                0x0800b5d0                task_argsetup
 .text.task_start
                0x0800b66c       0x40 /media/data/coding/GSoC/AVT/px4+mavlink/Firmware/Build/px4io-v1_default.build/nuttx-export/libs/libnuttx.a(sched-task_start.o)
                0x0800b66c                task_start
 .text.task_terminate
                0x0800b6ac       0x78 /media/data/coding/GSoC/AVT/px4+mavlink/Firmware/Build/px4io-v1_default.build/nuttx-export/libs/libnuttx.a(sched-task_terminate.o)
                0x0800b6ac                task_terminate
 .text.dq_addlast
                0x0800b724       0x1c /media/data/coding/GSoC/AVT/px4+mavlink/Firmware/Build/px4io-v1_default.build/nuttx-export/libs/libnuttx.a(c-dq_addlast.o)
                0x0800b724                dq_addlast
 .text.dq_rem   0x0800b740       0x24 /media/data/coding/GSoC/AVT/px4+mavlink/Firmware/Build/px4io-v1_default.build/nuttx-export/libs/libnuttx.a(c-dq_rem.o)
                0x0800b740                dq_rem
 .text.strdup   0x0800b764       0x1c /media/data/coding/GSoC/AVT/px4+mavlink/Firmware/Build/px4io-v1_default.build/nuttx-export/libs/libnuttx.a(c-lib_strdup.o)
                0x0800b764                strdup
 .text.up_timerisr
                0x0800b780        0xc /media/data/coding/GSoC/AVT/px4+mavlink/Firmware/Build/px4io-v1_default.build/nuttx-export/libs/libnuttx.a(arch-stm32_timerisr.o)
                0x0800b780                up_timerisr
 .text.up_timerinit
                0x0800b78c       0x50 /media/data/coding/GSoC/AVT/px4+mavlink/Firmware/Build/px4io-v1_default.build/nuttx-export/libs/libnuttx.a(arch-stm32_timerisr.o)
                0x0800b78c                up_timerinit
 .text.up_create_stack
                0x0800b7dc       0x44 /media/data/coding/GSoC/AVT/px4+mavlink/Firmware/Build/px4io-v1_default.build/nuttx-export/libs/libnuttx.a(arch-up_createstack.o)
                0x0800b7dc                up_create_stack
 .text.up_doirq
                0x0800b820       0x2c /media/data/coding/GSoC/AVT/px4+mavlink/Firmware/Build/px4io-v1_default.build/nuttx-export/libs/libnuttx.a(arch-up_doirq.o)
                0x0800b820                up_doirq
 .text.up_release_stack
                0x0800b84c       0x18 /media/data/coding/GSoC/AVT/px4+mavlink/Firmware/Build/px4io-v1_default.build/nuttx-export/libs/libnuttx.a(arch-up_releasestack.o)
                0x0800b84c                up_release_stack
 .text.close    0x0800b864       0x24 /media/data/coding/GSoC/AVT/px4+mavlink/Firmware/Build/px4io-v1_default.build/nuttx-export/libs/libnuttx.a(fs-fs_close.o)
                0x0800b864                close
 .text.dup2     0x0800b888       0x50 /media/data/coding/GSoC/AVT/px4+mavlink/Firmware/Build/px4io-v1_default.build/nuttx-export/libs/libnuttx.a(fs-fs_filedup2.o)
                0x0800b888                dup2
 .text.inode_reserve
                0x0800b8d8      0x15c /media/data/coding/GSoC/AVT/px4+mavlink/Firmware/Build/px4io-v1_default.build/nuttx-export/libs/libnuttx.a(fs-fs_inodereserve.o)
                0x0800b8d8                inode_reserve
 .text.group_setuptaskfiles
                0x0800ba34       0x10 /media/data/coding/GSoC/AVT/px4+mavlink/Firmware/Build/px4io-v1_default.build/nuttx-export/libs/libnuttx.a(sched-group_setuptaskfiles.o)
                0x0800ba34                group_setuptaskfiles
 .text.irq_dispatch
                0x0800ba44       0x28 /media/data/coding/GSoC/AVT/px4+mavlink/Firmware/Build/px4io-v1_default.build/nuttx-export/libs/libnuttx.a(sched-irq_dispatch.o)
                0x0800ba44                irq_dispatch
 .text.sched_gettcb
                0x0800ba6c       0x28 /media/data/coding/GSoC/AVT/px4+mavlink/Firmware/Build/px4io-v1_default.build/nuttx-export/libs/libnuttx.a(sched-sched_gettcb.o)
                0x0800ba6c                sched_gettcb
 .text.sched_lock
                0x0800ba94       0x30 /media/data/coding/GSoC/AVT/px4+mavlink/Firmware/Build/px4io-v1_default.build/nuttx-export/libs/libnuttx.a(sched-sched_lock.o)
                0x0800ba94                sched_lock
 .text.sched_process_timer
                0x0800bac4       0x1c /media/data/coding/GSoC/AVT/px4+mavlink/Firmware/Build/px4io-v1_default.build/nuttx-export/libs/libnuttx.a(sched-sched_processtimer.o)
                0x0800bac4                sched_process_timer
 .text.sched_releasetcb
                0x0800bae0       0x68 /media/data/coding/GSoC/AVT/px4+mavlink/Firmware/Build/px4io-v1_default.build/nuttx-export/libs/libnuttx.a(sched-sched_releasetcb.o)
                0x0800bae0                sched_releasetcb
 .text.sched_unlock
                0x0800bb48       0x50 /media/data/coding/GSoC/AVT/px4+mavlink/Firmware/Build/px4io-v1_default.build/nuttx-export/libs/libnuttx.a(sched-sched_unlock.o)
                0x0800bb48                sched_unlock
 .text.task_activate
                0x0800bb98       0x18 /media/data/coding/GSoC/AVT/px4+mavlink/Firmware/Build/px4io-v1_default.build/nuttx-export/libs/libnuttx.a(sched-task_activate.o)
                0x0800bb98                task_activate
 .text.strcpy   0x0800bbb0       0x10 /media/data/coding/GSoC/AVT/px4+mavlink/Firmware/Build/px4io-v1_default.build/nuttx-export/libs/libnuttx.a(c-lib_strcpy.o)
                0x0800bbb0                strcpy
 .text.up_release_pending
                0x0800bbc0       0x3c /media/data/coding/GSoC/AVT/px4+mavlink/Firmware/Build/px4io-v1_default.build/nuttx-export/libs/libnuttx.a(arch-up_releasepending.o)
                0x0800bbc0                up_release_pending
 .text          0x0800bbfc      0x21c /home/avnishks/gcc-arm-none-eabi-4_6-2012q2/bin/../lib/gcc/arm-none-eabi/4.6.2/armv7-m/libgcc.a(_arm_addsubsf3.o)
                0x0800bbfc                __aeabi_frsub
                0x0800bc04                __subsf3
                0x0800bc04                __aeabi_fsub
                0x0800bc08                __aeabi_fadd
                0x0800bc08                __addsf3
                0x0800bd68                __aeabi_ui2f
                0x0800bd68                __floatunsisf
                0x0800bd70                __aeabi_i2f
                0x0800bd70                __floatsisf
                0x0800bd8c                __floatundisf
                0x0800bd8c                __aeabi_ul2f
                0x0800bd9c                __floatdisf
                0x0800bd9c                __aeabi_l2f
 .text          0x0800be18      0x2a0 /home/avnishks/gcc-arm-none-eabi-4_6-2012q2/bin/../lib/gcc/arm-none-eabi/4.6.2/armv7-m/libgcc.a(_arm_muldivsf3.o)
                0x0800be18                __mulsf3
                0x0800be18                __aeabi_fmul
                0x0800bf80                __divsf3
                0x0800bf80                __aeabi_fdiv
 .text          0x0800c0b8       0xec /home/avnishks/gcc-arm-none-eabi-4_6-2012q2/bin/../lib/gcc/arm-none-eabi/4.6.2/armv7-m/libgcc.a(_arm_cmpsf2.o)
                0x0800c0b8                __gtsf2
                0x0800c0b8                __gesf2
                0x0800c0c0                __lesf2
                0x0800c0c0                __ltsf2
                0x0800c0c8                __nesf2
                0x0800c0c8                __eqsf2
                0x0800c0c8                __cmpsf2
                0x0800c128                __aeabi_cfrcmple
                0x0800c130                __aeabi_cfcmple
                0x0800c130                __aeabi_cfcmpeq
                0x0800c140                __aeabi_fcmpeq
                0x0800c154                __aeabi_fcmplt
                0x0800c168                __aeabi_fcmple
                0x0800c17c                __aeabi_fcmpge
                0x0800c190                __aeabi_fcmpgt
 .text          0x0800c1a4       0x4c /home/avnishks/gcc-arm-none-eabi-4_6-2012q2/bin/../lib/gcc/arm-none-eabi/4.6.2/armv7-m/libgcc.a(_arm_fixsfsi.o)
                0x0800c1a4                __fixsfsi
                0x0800c1a4                __aeabi_f2iz
 .text          0x0800c1f0       0x40 /home/avnishks/gcc-arm-none-eabi-4_6-2012q2/bin/../lib/gcc/arm-none-eabi/4.6.2/armv7-m/libgcc.a(_arm_fixunssfsi.o)
                0x0800c1f0                __aeabi_f2uiz
                0x0800c1f0                __fixunssfsi
 .text          0x0800c230       0x2c /home/avnishks/gcc-arm-none-eabi-4_6-2012q2/bin/../lib/gcc/arm-none-eabi/4.6.2/armv7-m/libgcc.a(_aeabi_uldivmod.o)
                0x0800c230                __aeabi_uldivmod
 .text          0x0800c25c       0x5c /home/avnishks/gcc-arm-none-eabi-4_6-2012q2/bin/../lib/gcc/arm-none-eabi/4.6.2/armv7-m/libgcc.a(bpabi.o)
                0x0800c25c                __gnu_ldivmod_helper
                0x0800c28c                __gnu_uldivmod_helper
 .text          0x0800c2b8      0xb4c /home/avnishks/gcc-arm-none-eabi-4_6-2012q2/bin/../lib/gcc/arm-none-eabi/4.6.2/armv7-m/libgcc.a(unwind-arm.o)
                0x0800c560                _Unwind_VRS_Get
                0x0800c5a0                _Unwind_VRS_Set
                0x0800c8f8                __aeabi_unwind_cpp_pr2
                0x0800c8fc                __aeabi_unwind_cpp_pr1
                0x0800c900                __aeabi_unwind_cpp_pr0
                0x0800c904                _Unwind_VRS_Pop
                0x0800ccb8                _Unwind_GetCFA
                0x0800ccbc                __gnu_Unwind_RaiseException
                0x0800cd1c                __gnu_Unwind_ForcedUnwind
                0x0800cd30                __gnu_Unwind_Resume
                0x0800cd6c                __gnu_Unwind_Resume_or_Rethrow
                0x0800cd7c                _Unwind_Complete
                0x0800cd80                _Unwind_DeleteException
                0x0800cd90                __gnu_Unwind_Backtrace
 .text          0x0800ce04      0x1ac /home/avnishks/gcc-arm-none-eabi-4_6-2012q2/bin/../lib/gcc/arm-none-eabi/4.6.2/armv7-m/libgcc.a(libunwind.o)
                0x0800ce04                __restore_core_regs
                0x0800ce04                restore_core_regs
                0x0800ce1c                __gnu_Unwind_Restore_VFP
                0x0800ce24                __gnu_Unwind_Save_VFP
                0x0800ce2c                __gnu_Unwind_Restore_VFP_D
                0x0800ce34                __gnu_Unwind_Save_VFP_D
                0x0800ce3c                __gnu_Unwind_Restore_VFP_D_16_to_31
                0x0800ce44                __gnu_Unwind_Save_VFP_D_16_to_31
                0x0800ce4c                __gnu_Unwind_Restore_WMMXD
                0x0800ce90                __gnu_Unwind_Save_WMMXD
                0x0800ced4                __gnu_Unwind_Restore_WMMXC
                0x0800cee8                __gnu_Unwind_Save_WMMXC
                0x0800cefc                ___Unwind_RaiseException
                0x0800cefc                _Unwind_RaiseException
                0x0800cf20                ___Unwind_Resume
                0x0800cf20                _Unwind_Resume
                0x0800cf44                _Unwind_Resume_or_Rethrow
                0x0800cf44                ___Unwind_Resume_or_Rethrow
                0x0800cf68                ___Unwind_ForcedUnwind
                0x0800cf68                _Unwind_ForcedUnwind
                0x0800cf8c                _Unwind_Backtrace
                0x0800cf8c                ___Unwind_Backtrace
 .text          0x0800cfb0      0x378 /home/avnishks/gcc-arm-none-eabi-4_6-2012q2/bin/../lib/gcc/arm-none-eabi/4.6.2/armv7-m/libgcc.a(pr-support.o)
                0x0800d004                __gnu_unwind_execute
                0x0800d2d0                __gnu_unwind_frame
                0x0800d2f8                _Unwind_GetRegionStart
                0x0800d304                _Unwind_GetLanguageSpecificData
                0x0800d318                _Unwind_GetDataRelBase
                0x0800d320                _Unwind_GetTextRelBase
 .text          0x0800d328        0x4 /home/avnishks/gcc-arm-none-eabi-4_6-2012q2/bin/../lib/gcc/arm-none-eabi/4.6.2/armv7-m/libgcc.a(_dvmd_tls.o)
                0x0800d328                __aeabi_ldiv0
                0x0800d328                __aeabi_idiv0
 .text          0x0800d32c      0x2c8 /home/avnishks/gcc-arm-none-eabi-4_6-2012q2/bin/../lib/gcc/arm-none-eabi/4.6.2/armv7-m/libgcc.a(_divdi3.o)
                0x0800d32c                __divdi3
 .text          0x0800d5f4      0x298 /home/avnishks/gcc-arm-none-eabi-4_6-2012q2/bin/../lib/gcc/arm-none-eabi/4.6.2/armv7-m/libgcc.a(_udivdi3.o)
                0x0800d5f4                __udivdi3
 *(.fixup)
 *(.gnu.warning)
 *(.rodata .rodata.*)
 .rodata.pwm_channels
                0x0800d88c       0x40 /media/data/coding/GSoC/AVT/px4+mavlink/Firmware/Build/px4io-v1_default.build//media/data/coding/GSoC/AVT/px4+mavlink/Firmware/src/drivers/boards/px4io-v1/module.pre.o
                0x0800d88c                pwm_channels
 .rodata.pwm_timers
                0x0800d8cc       0x40 /media/data/coding/GSoC/AVT/px4+mavlink/Firmware/Build/px4io-v1_default.build//media/data/coding/GSoC/AVT/px4+mavlink/Firmware/src/drivers/boards/px4io-v1/module.pre.o
                0x0800d8cc                pwm_timers
 .rodata.str1.4
                0x0800d90c      0x2d4 /media/data/coding/GSoC/AVT/px4+mavlink/Firmware/Build/px4io-v1_default.build//media/data/coding/GSoC/AVT/px4+mavlink/Firmware/src/modules/px4iofirmware/module.pre.o
 .rodata.r_page_config
                0x0800dbe0       0x14 /media/data/coding/GSoC/AVT/px4+mavlink/Firmware/Build/px4io-v1_default.build//media/data/coding/GSoC/AVT/px4+mavlink/Firmware/src/modules/px4iofirmware/module.pre.o
 *fill*         0x0800dbf4        0x4 00
 .rodata._ZTV5Mixer
                0x0800dbf8       0x18 /media/data/coding/GSoC/AVT/px4+mavlink/Firmware/Build/px4io-v1_default.build//media/data/coding/GSoC/AVT/px4+mavlink/Firmware/src/modules/px4iofirmware/module.pre.o
                0x0800dbf8                vtable for Mixer
 .rodata._ZTV9NullMixer
                0x0800dc10       0x18 /media/data/coding/GSoC/AVT/px4+mavlink/Firmware/Build/px4io-v1_default.build//media/data/coding/GSoC/AVT/px4+mavlink/Firmware/src/modules/px4iofirmware/module.pre.o
                0x0800dc10                vtable for NullMixer
 .rodata._ZTV10MixerGroup
                0x0800dc28       0x18 /media/data/coding/GSoC/AVT/px4+mavlink/Firmware/Build/px4io-v1_default.build//media/data/coding/GSoC/AVT/px4+mavlink/Firmware/src/modules/px4iofirmware/module.pre.o
                0x0800dc28                vtable for MixerGroup
 .rodata._ZN12_GLOBAL__N_1L13_config_hex_xE
                0x0800dc40       0x48 /media/data/coding/GSoC/AVT/px4+mavlink/Firmware/Build/px4io-v1_default.build//media/data/coding/GSoC/AVT/px4+mavlink/Firmware/src/modules/px4iofirmware/module.pre.o
 .rodata._ZN12_GLOBAL__N_1L14_config_octa_xE
                0x0800dc88       0x60 /media/data/coding/GSoC/AVT/px4+mavlink/Firmware/Build/px4io-v1_default.build//media/data/coding/GSoC/AVT/px4+mavlink/Firmware/src/modules/px4iofirmware/module.pre.o
 .rodata._ZN12_GLOBAL__N_1L19_config_rotor_countE
                0x0800dce8       0x20 /media/data/coding/GSoC/AVT/px4+mavlink/Firmware/Build/px4io-v1_default.build//media/data/coding/GSoC/AVT/px4+mavlink/Firmware/src/modules/px4iofirmware/module.pre.o
 .rodata._ZN12_GLOBAL__N_1L16_config_hex_plusE
                0x0800dd08       0x48 /media/data/coding/GSoC/AVT/px4+mavlink/Firmware/Build/px4io-v1_default.build//media/data/coding/GSoC/AVT/px4+mavlink/Firmware/src/modules/px4iofirmware/module.pre.o
 .rodata._ZN12_GLOBAL__N_1L17_config_octa_plusE
                0x0800dd50       0x60 /media/data/coding/GSoC/AVT/px4+mavlink/Firmware/Build/px4io-v1_default.build//media/data/coding/GSoC/AVT/px4+mavlink/Firmware/src/modules/px4iofirmware/module.pre.o
 .rodata._ZN12_GLOBAL__N_1L17_config_quad_plusE
                0x0800ddb0       0x30 /media/data/coding/GSoC/AVT/px4+mavlink/Firmware/Build/px4io-v1_default.build//media/data/coding/GSoC/AVT/px4+mavlink/Firmware/src/modules/px4iofirmware/module.pre.o
 .rodata._ZN12_GLOBAL__N_113_config_indexE
                0x0800dde0       0x20 /media/data/coding/GSoC/AVT/px4+mavlink/Firmware/Build/px4io-v1_default.build//media/data/coding/GSoC/AVT/px4+mavlink/Firmware/src/modules/px4iofirmware/module.pre.o
 .rodata._ZN12_GLOBAL__N_1L17_config_quad_wideE
                0x0800de00       0x30 /media/data/coding/GSoC/AVT/px4+mavlink/Firmware/Build/px4io-v1_default.build//media/data/coding/GSoC/AVT/px4+mavlink/Firmware/src/modules/px4iofirmware/module.pre.o
 .rodata._ZN12_GLOBAL__N_1L14_config_quad_vE
                0x0800de30       0x30 /media/data/coding/GSoC/AVT/px4+mavlink/Firmware/Build/px4io-v1_default.build//media/data/coding/GSoC/AVT/px4+mavlink/Firmware/src/modules/px4iofirmware/module.pre.o
 .rodata._ZN12_GLOBAL__N_1L14_config_quad_xE
                0x0800de60       0x30 /media/data/coding/GSoC/AVT/px4+mavlink/Firmware/Build/px4io-v1_default.build//media/data/coding/GSoC/AVT/px4+mavlink/Firmware/src/modules/px4iofirmware/module.pre.o
 .rodata._ZTV15MultirotorMixer
                0x0800de90       0x18 /media/data/coding/GSoC/AVT/px4+mavlink/Firmware/Build/px4io-v1_default.build//media/data/coding/GSoC/AVT/px4+mavlink/Firmware/src/modules/px4iofirmware/module.pre.o
                0x0800de90                vtable for MultirotorMixer
 .rodata._ZTV11SimpleMixer
                0x0800dea8       0x18 /media/data/coding/GSoC/AVT/px4+mavlink/Firmware/Build/px4io-v1_default.build//media/data/coding/GSoC/AVT/px4+mavlink/Firmware/src/modules/px4iofirmware/module.pre.o
                0x0800dea8                vtable for SimpleMixer
 .rodata.junk_buf
                0x0800dec0        0x4 /media/data/coding/GSoC/AVT/px4+mavlink/Firmware/Build/px4io-v1_default.build//media/data/coding/GSoC/AVT/px4+mavlink/Firmware/src/modules/px4iofirmware/module.pre.o
 .rodata.str1.4
                0x0800dec4       0x14 /media/data/coding/GSoC/AVT/px4+mavlink/Firmware/Build/px4io-v1_default.build/nuttx-export/libs/libnuttx.a(sched-irq_unexpectedisr.o)
 .rodata.str1.4
                0x0800ded8       0x16 /media/data/coding/GSoC/AVT/px4+mavlink/Firmware/Build/px4io-v1_default.build/nuttx-export/libs/libnuttx.a(c-lib_sscanf.o)
                                 0x18 (size before relaxing)
 *fill*         0x0800deee        0x2 00
 .rodata.spaces
                0x0800def0        0x8 /media/data/coding/GSoC/AVT/px4+mavlink/Firmware/Build/px4io-v1_default.build/nuttx-export/libs/libnuttx.a(c-lib_sscanf.o)
 .rodata.str1.4
                0x0800def8        0x9 /media/data/coding/GSoC/AVT/px4+mavlink/Firmware/Build/px4io-v1_default.build/nuttx-export/libs/libnuttx.a(mm-mm_sem.o)
                                  0xc (size before relaxing)
 *fill*         0x0800df01        0x3 00
 .rodata.str1.4
                0x0800df04       0x17 /media/data/coding/GSoC/AVT/px4+mavlink/Firmware/Build/px4io-v1_default.build/nuttx-export/libs/libnuttx.a(arch-stm32_dma.o)
                                 0x18 (size before relaxing)
 *fill*         0x0800df1b        0x1 00
 .rodata.g_gpiobase
                0x0800df1c       0x10 /media/data/coding/GSoC/AVT/px4+mavlink/Firmware/Build/px4io-v1_default.build/nuttx-export/libs/libnuttx.a(arch-stm32_gpio.o)
                0x0800df1c                g_gpiobase
 .rodata.str1.4
                0x0800df2c       0x1b /media/data/coding/GSoC/AVT/px4+mavlink/Firmware/Build/px4io-v1_default.build/nuttx-export/libs/libnuttx.a(arch-stm32_serial.o)
                                 0x28 (size before relaxing)
 *fill*         0x0800df47        0x1 00
 .rodata.g_uart_dma_ops
                0x0800df48       0x30 /media/data/coding/GSoC/AVT/px4+mavlink/Firmware/Build/px4io-v1_default.build/nuttx-export/libs/libnuttx.a(arch-stm32_serial.o)
 .rodata.g_uart_ops
                0x0800df78       0x30 /media/data/coding/GSoC/AVT/px4+mavlink/Firmware/Build/px4io-v1_default.build/nuttx-export/libs/libnuttx.a(arch-stm32_serial.o)
 .rodata.str1.4
                0x0800dfa8      0x16e /media/data/coding/GSoC/AVT/px4+mavlink/Firmware/Build/px4io-v1_default.build/nuttx-export/libs/libnuttx.a(arch-up_assert.o)
                                0x170 (size before relaxing)
 *fill*         0x0800e116        0x2 00
 .rodata.str1.4
                0x0800e118       0x17 /media/data/coding/GSoC/AVT/px4+mavlink/Firmware/Build/px4io-v1_default.build/nuttx-export/libs/libnuttx.a(arch-up_hardfault.o)
                                 0x18 (size before relaxing)
 *fill*         0x0800e12f        0x1 00
 .rodata.str1.4
                0x0800e130       0x19 /media/data/coding/GSoC/AVT/px4+mavlink/Firmware/Build/px4io-v1_default.build/nuttx-export/libs/libnuttx.a(cxx-libxx_cxapurevirtual.o)
                                 0x1c (size before relaxing)
 *fill*         0x0800e149        0x3 00
 .rodata.str1.4
                0x0800e14c       0x10 /media/data/coding/GSoC/AVT/px4+mavlink/Firmware/Build/px4io-v1_default.build/nuttx-export/libs/libnuttx.a(drivers-serial.o)
 .rodata.g_serialops
                0x0800e15c       0x18 /media/data/coding/GSoC/AVT/px4+mavlink/Firmware/Build/px4io-v1_default.build/nuttx-export/libs/libnuttx.a(drivers-serial.o)
 .rodata.g_idlename
                0x0800e174        0xc /media/data/coding/GSoC/AVT/px4+mavlink/Firmware/Build/px4io-v1_default.build/nuttx-export/libs/libnuttx.a(sched-os_start.o)
 .rodata.g_tasklisttable
                0x0800e180       0x30 /media/data/coding/GSoC/AVT/px4+mavlink/Firmware/Build/px4io-v1_default.build/nuttx-export/libs/libnuttx.a(sched-os_start.o)
                0x0800e180                g_tasklisttable
 .rodata.str1.4
                0x0800e1b0        0xb /media/data/coding/GSoC/AVT/px4+mavlink/Firmware/Build/px4io-v1_default.build/nuttx-export/libs/libnuttx.a(sched-sem_post.o)
                                  0xc (size before relaxing)
 *fill*         0x0800e1bb        0x1 00
 .rodata.str1.4
                0x0800e1bc        0xb /media/data/coding/GSoC/AVT/px4+mavlink/Firmware/Build/px4io-v1_default.build/nuttx-export/libs/libnuttx.a(sched-sem_wait.o)
                                  0xc (size before relaxing)
 *fill*         0x0800e1c7        0x1 00
 .rodata.str1.4
                0x0800e1c8        0xc /media/data/coding/GSoC/AVT/px4+mavlink/Firmware/Build/px4io-v1_default.build/nuttx-export/libs/libnuttx.a(sched-wd_cancel.o)
 .rodata.g_nullstring
                0x0800e1d4        0x8 /media/data/coding/GSoC/AVT/px4+mavlink/Firmware/Build/px4io-v1_default.build/nuttx-export/libs/libnuttx.a(c-lib_libvsprintf.o)
 .rodata.str1.4
                0x0800e1dc       0x1d /media/data/coding/GSoC/AVT/px4+mavlink/Firmware/Build/px4io-v1_default.build/nuttx-export/libs/libnuttx.a(c-lib_libvsprintf.o)
                                 0x20 (size before relaxing)
 .rodata        0x0800e1f9        0x4 /media/data/coding/GSoC/AVT/px4+mavlink/Firmware/Build/px4io-v1_default.build/nuttx-export/libs/libnuttx.a(arch-stm32_vectors.o)
                0x0800e1f9                g_idle_topstack
 *fill*         0x0800e1fd        0x3 00
 .rodata.str1.4
                0x0800e200       0x17 /media/data/coding/GSoC/AVT/px4+mavlink/Firmware/Build/px4io-v1_default.build/nuttx-export/libs/libnuttx.a(arch-up_blocktask.o)
                                 0x18 (size before relaxing)
 *fill*         0x0800e217        0x1 00
 .rodata.str1.4
                0x0800e218       0x19 /media/data/coding/GSoC/AVT/px4+mavlink/Firmware/Build/px4io-v1_default.build/nuttx-export/libs/libnuttx.a(arch-up_unblocktask.o)
                                 0x1c (size before relaxing)
 *fill*         0x0800e231        0x3 00
 .rodata.str1.4
                0x0800e234        0xb /media/data/coding/GSoC/AVT/px4+mavlink/Firmware/Build/px4io-v1_default.build/nuttx-export/libs/libnuttx.a(fs-fs_files.o)
                                  0xc (size before relaxing)
 *fill*         0x0800e23f        0x1 00
 .rodata.str1.4
                0x0800e240        0xb /media/data/coding/GSoC/AVT/px4+mavlink/Firmware/Build/px4io-v1_default.build/nuttx-export/libs/libnuttx.a(fs-fs_inode.o)
                                  0xc (size before relaxing)
 .rodata.str1.4
                0x00000000       0x10 /media/data/coding/GSoC/AVT/px4+mavlink/Firmware/Build/px4io-v1_default.build/nuttx-export/libs/libnuttx.a(sched-group_setupidlefiles.o)
 *fill*         0x0800e24b        0x1 00
 .rodata.str1.4
                0x0800e24c       0x15 /media/data/coding/GSoC/AVT/px4+mavlink/Firmware/Build/px4io-v1_default.build/nuttx-export/libs/libnuttx.a(sched-os_bringup.o)
                                 0x18 (size before relaxing)
 *fill*         0x0800e261        0x3 00
 .rodata.str1.4
                0x0800e264       0x13 /media/data/coding/GSoC/AVT/px4+mavlink/Firmware/Build/px4io-v1_default.build/nuttx-export/libs/libnuttx.a(sched-sched_addblocked.o)
                                 0x14 (size before relaxing)
 *fill*         0x0800e277        0x1 00
 .rodata.str1.4
                0x0800e278       0x17 /media/data/coding/GSoC/AVT/px4+mavlink/Firmware/Build/px4io-v1_default.build/nuttx-export/libs/libnuttx.a(sched-sched_addprioritized.o)
                                 0x18 (size before relaxing)
 *fill*         0x0800e28f        0x1 00
 .rodata.str1.4
                0x0800e290       0x16 /media/data/coding/GSoC/AVT/px4+mavlink/Firmware/Build/px4io-v1_default.build/nuttx-export/libs/libnuttx.a(sched-sched_addreadytorun.o)
                                 0x18 (size before relaxing)
 *fill*         0x0800e2a6        0x2 00
 .rodata.str1.4
                0x0800e2a8       0x15 /media/data/coding/GSoC/AVT/px4+mavlink/Firmware/Build/px4io-v1_default.build/nuttx-export/libs/libnuttx.a(sched-sched_mergepending.o)
                                 0x18 (size before relaxing)
 *fill*         0x0800e2bd        0x3 00
 .rodata.str1.4
                0x0800e2c0       0x16 /media/data/coding/GSoC/AVT/px4+mavlink/Firmware/Build/px4io-v1_default.build/nuttx-export/libs/libnuttx.a(sched-sched_removeblocked.o)
                                 0x18 (size before relaxing)
 *fill*         0x0800e2d6        0x2 00
 .rodata.str1.4
                0x0800e2d8       0x19 /media/data/coding/GSoC/AVT/px4+mavlink/Firmware/Build/px4io-v1_default.build/nuttx-export/libs/libnuttx.a(sched-sched_removereadytorun.o)
                                 0x1c (size before relaxing)
 *fill*         0x0800e2f1        0x3 00
 .rodata.g_noname
                0x0800e2f4        0xc /media/data/coding/GSoC/AVT/px4+mavlink/Firmware/Build/px4io-v1_default.build/nuttx-export/libs/libnuttx.a(sched-task_setup.o)
 .rodata.str1.4
                0x0800e300       0x11 /media/data/coding/GSoC/AVT/px4+mavlink/Firmware/Build/px4io-v1_default.build/nuttx-export/libs/libnuttx.a(sched-task_terminate.o)
                                 0x14 (size before relaxing)
 *fill*         0x0800e311        0x3 00
 .rodata.str1.4
                0x0800e314       0x10 /media/data/coding/GSoC/AVT/px4+mavlink/Firmware/Build/px4io-v1_default.build/nuttx-export/libs/libnuttx.a(sched-sched_lock.o)
 *(.gnu.linkonce.t.*)
 *(.glue_7)
 .glue_7        0x00000000        0x0 linker stubs
 *(.glue_7t)
 .glue_7t       0x00000000        0x0 linker stubs
 *(.got)
 *(.gcc_except_table)
 *(.gnu.linkonce.r.*)
                0x0800e324                _etext = ABSOLUTE (.)

.vfp11_veneer   0x0800e324        0x0
 .vfp11_veneer  0x00000000        0x0 linker stubs

.v4_bx          0x0800e324        0x0
 .v4_bx         0x00000000        0x0 linker stubs

.init_section   0x0800e324        0x4
                0x0800e324                _sinit = ABSOLUTE (.)
 *(.init_array .init_array.*)
 .init_array    0x0800e324        0x4 /media/data/coding/GSoC/AVT/px4+mavlink/Firmware/Build/px4io-v1_default.build//media/data/coding/GSoC/AVT/px4+mavlink/Firmware/src/modules/px4iofirmware/module.pre.o
                0x0800e328                _einit = ABSOLUTE (.)

.ARM.extab      0x0800e328       0x30
 *(.ARM.extab*)
 .ARM.extab     0x0800e328       0x18 /home/avnishks/gcc-arm-none-eabi-4_6-2012q2/bin/../lib/gcc/arm-none-eabi/4.6.2/armv7-m/libgcc.a(unwind-arm.o)
 .ARM.extab     0x0800e340       0x18 /home/avnishks/gcc-arm-none-eabi-4_6-2012q2/bin/../lib/gcc/arm-none-eabi/4.6.2/armv7-m/libgcc.a(pr-support.o)
                0x0800e358                __exidx_start = ABSOLUTE (.)

.ARM.exidx      0x0800e358       0xe8
 *(.ARM.exidx*)
 .ARM.exidx     0x0800e358       0x10 /home/avnishks/gcc-arm-none-eabi-4_6-2012q2/bin/../lib/gcc/arm-none-eabi/4.6.2/armv7-m/libgcc.a(bpabi.o)
 .ARM.exidx     0x0800e368       0x88 /home/avnishks/gcc-arm-none-eabi-4_6-2012q2/bin/../lib/gcc/arm-none-eabi/4.6.2/armv7-m/libgcc.a(unwind-arm.o)
                                 0xc0 (size before relaxing)
 .ARM.exidx     0x0800e3f0       0x38 /home/avnishks/gcc-arm-none-eabi-4_6-2012q2/bin/../lib/gcc/arm-none-eabi/4.6.2/armv7-m/libgcc.a(pr-support.o)
                                 0x48 (size before relaxing)
 .ARM.exidx     0x0800e428        0x8 /home/avnishks/gcc-arm-none-eabi-4_6-2012q2/bin/../lib/gcc/arm-none-eabi/4.6.2/armv7-m/libgcc.a(_divdi3.o)