
Memory Configuration

Name             Origin             Length             Attributes
*default*        0x00000000         0xffffffff

Linker script and memory map

LOAD ets_airspeed.cpp.o

.interp
 *(.interp)

.note.gnu.build-id
 *(.note.gnu.build-id)

.hash
 *(.hash)

.gnu.hash
 *(.gnu.hash)

.dynsym
 *(.dynsym)

.dynstr
 *(.dynstr)

.gnu.version
 *(.gnu.version)

.gnu.version_d
 *(.gnu.version_d)

.gnu.version_r
 *(.gnu.version_r)

.rel.init
 *(.rel.init)

.rela.init
 *(.rela.init)

.rel.text
 *(.rel.text)

.rela.text
 *(.rela.text)

.rel.fini
 *(.rel.fini)

.rela.fini
 *(.rela.fini)

.rel.rodata
 *(.rel.rodata)

.rela.rodata
 *(.rela.rodata)

.rel.data.rel.ro
 *(.rel.data.rel.ro)

.rela.data.rel.ro
 *(.rela.data.rel.ro)

.rel.data
 *(.rel.data)

.rela.data
 *(.rela.data)

.rel.tdata
 *(.rel.tdata)

.rela.tdata
 *(.rela.tdata)

.rel.tbss
 *(.rel.tbss)

.rela.tbss
 *(.rela.tbss)

.rel.ctors
 *(.rel.ctors)

.rela.ctors
 *(.rela.ctors)

.rel.dtors
 *(.rel.dtors)

.rela.dtors
 *(.rela.dtors)

.rel.got
 *(.rel.got)

.rela.got
 *(.rela.got)

.rel.bss
 *(.rel.bss)

.rela.bss
 *(.rela.bss)

.rel.iplt
 *(.rel.iplt)

.rela.iplt
 *(.rela.iplt)

.rel.plt
 *(.rel.plt)

.rela.plt
 *(.rela.plt)

.init
 *(.init)

.plt
 *(.plt)

.iplt
 *(.iplt)

.text           0x00000000        0x0
 *(.text .stub)
 .text          0x00000000        0x0 ets_airspeed.cpp.o
 *(.gnu.warning)

.text._ZN11ETSAirspeedD2Ev
                0x00000000       0x30
 .text._ZN11ETSAirspeedD2Ev
                0x00000000       0x30 ets_airspeed.cpp.o
                0x00000000                ETSAirspeed::~ETSAirspeed()
                0x00000000                ETSAirspeed::~ETSAirspeed()

.text._ZL18ets_airspeed_usagev
                0x00000000       0x60
 .text._ZL18ets_airspeed_usagev
                0x00000000       0x60 ets_airspeed.cpp.o

.text._ZN12ets_airspeed4stopEv
                0x00000000       0x34
 .text._ZN12ets_airspeed4stopEv
                0x00000000       0x34 ets_airspeed.cpp.o
                0x00000000                ets_airspeed::stop()

.text._ZN12ets_airspeed4infoEv
                0x00000000       0x3c
 .text._ZN12ets_airspeed4infoEv
                0x00000000       0x3c ets_airspeed.cpp.o
                0x00000000                ets_airspeed::info()

.text._ZN12ets_airspeed5resetEv
                0x00000000       0x70
 .text._ZN12ets_airspeed5resetEv
                0x00000000       0x70 ets_airspeed.cpp.o
                0x00000000                ets_airspeed::reset()

.text._ZN12ets_airspeed4testEv
                0x00000000      0x104
 .text._ZN12ets_airspeed4testEv
                0x00000000      0x104 ets_airspeed.cpp.o
                0x00000000                ets_airspeed::test()

.text._ZN11ETSAirspeed5cycleEv
                0x00000000       0xa8
 .text._ZN11ETSAirspeed5cycleEv
                0x00000000       0xa8 ets_airspeed.cpp.o
                0x00000000                ETSAirspeed::cycle()

.text._ZN11ETSAirspeed7measureEv
                0x00000000       0x54
 .text._ZN11ETSAirspeed7measureEv
                0x00000000       0x54 ets_airspeed.cpp.o
                0x00000000                ETSAirspeed::measure()

.text._ZN11ETSAirspeed7collectEv
                0x00000000      0x170
 .text._ZN11ETSAirspeed7collectEv
                0x00000000      0x170 ets_airspeed.cpp.o
                0x00000000                ETSAirspeed::collect()

.text._ZN11ETSAirspeedC2Eii
                0x00000000       0x40
 .text._ZN11ETSAirspeedC2Eii
                0x00000000       0x40 ets_airspeed.cpp.o
                0x00000000                ETSAirspeed::ETSAirspeed(int, int)
                0x00000000                ETSAirspeed::ETSAirspeed(int, int)

.text._ZN12ets_airspeed5startEi
                0x00000000       0x8c
 .text._ZN12ets_airspeed5startEi
                0x00000000       0x8c ets_airspeed.cpp.o
                0x00000000                ets_airspeed::start(int)

.text.ets_airspeed_main
                0x00000000       0xe8
 .text.ets_airspeed_main
                0x00000000       0xe8 ets_airspeed.cpp.o
                0x00000000                ets_airspeed_main

.text._ZN11ETSAirspeedD0Ev
                0x00000000       0x50
 .text._ZN11ETSAirspeedD0Ev
                0x00000000       0x50 ets_airspeed.cpp.o
                0x00000000                ETSAirspeed::~ETSAirspeed()

.fini
 *(.fini)

.rodata
 *(.rodata)

.rodata._ZTV11ETSAirspeed
                0x00000000       0x68
 .rodata._ZTV11ETSAirspeed
                0x00000000       0x68 ets_airspeed.cpp.o
                0x00000000                vtable for ETSAirspeed

.rodata.str1.4  0x00000000      0x2c8
 .rodata.str1.4
                0x00000000      0x2c8 ets_airspeed.cpp.o

.rodata1
 *(.rodata1)

.ARM.extab
 *(.ARM.extab)

.ARM.exidx
 *(.ARM.exidx)

.eh_frame_hdr
 *(.eh_frame_hdr)

.eh_frame
 *(.eh_frame)

.gcc_except_table
 *(.gcc_except_table .gcc_except_table.*)

.eh_frame
 *(.eh_frame)

.gcc_except_table
 *(.gcc_except_table .gcc_except_table.*)

.tdata
 *(.tdata)

.tbss
 *(.tbss)

.preinit_array
 *(.preinit_array)

.jcr
 *(.jcr)

.dynamic
 *(.dynamic)

.got
 *(.got.plt)
 *(.igot.plt)
 *(.got)
 *(.igot)

.data           0x00000000        0x0
 *(.data)
 .data          0x00000000        0x0 ets_airspeed.cpp.o

.data1
 *(.data1)

.bss            0x00000000        0x0
 *(.dynbss)
 *(.bss)
 .bss           0x00000000        0x0 ets_airspeed.cpp.o
 *(COMMON)

.bss._ZN12ets_airspeed5g_devE
                0x00000000        0x4
 .bss._ZN12ets_airspeed5g_devE
                0x00000000        0x4 ets_airspeed.cpp.o
                0x00000000                ets_airspeed::g_dev

.stab
 *(.stab)

.stabstr
 *(.stabstr)

.stab.excl
 *(.stab.excl)

.stab.exclstr
 *(.stab.exclstr)

.stab.index
 *(.stab.index)

.stab.indexstr
 *(.stab.indexstr)

.comment        0x00000000       0x71
 *(.comment)
 .comment       0x00000000       0x71 ets_airspeed.cpp.o

.group          0x00000000        0xc
 .group         0x00000000        0xc ets_airspeed.cpp.o

.debug
 *(.debug)

.line
 *(.line)

.debug_srcinfo
 *(.debug_srcinfo)

.debug_sfnames
 *(.debug_sfnames)

.debug_aranges  0x00000000       0x80
 *(.debug_aranges)
 .debug_aranges
                0x00000000       0x80 ets_airspeed.cpp.o

.debug_pubnames
 *(.debug_pubnames)

.debug_info     0x00000000     0x149b
 *(.debug_info)
 .debug_info    0x00000000     0x149b ets_airspeed.cpp.o

.debug_abbrev   0x00000000      0x3f2
 *(.debug_abbrev)
 .debug_abbrev  0x00000000      0x3f2 ets_airspeed.cpp.o

.debug_line     0x00000000      0x60d
 *(.debug_line)
 .debug_line    0x00000000      0x60d ets_airspeed.cpp.o

.debug_frame    0x00000000      0x18c
 *(.debug_frame)
 .debug_frame   0x00000000      0x18c ets_airspeed.cpp.o

.debug_str      0x00000000      0xa4b
 *(.debug_str)
 .debug_str     0x00000000      0xa4b ets_airspeed.cpp.o

.debug_loc      0x00000000      0x51b
 *(.debug_loc)
 .debug_loc     0x00000000      0x51b ets_airspeed.cpp.o

.debug_macinfo
 *(.debug_macinfo)

.debug_weaknames
 *(.debug_weaknames)

.debug_funcnames
 *(.debug_funcnames)

.debug_typenames
 *(.debug_typenames)

.debug_varnames
 *(.debug_varnames)

.debug_pubtypes
 *(.debug_pubtypes)

.debug_ranges   0x00000000       0xf0
 *(.debug_ranges)
 .debug_ranges  0x00000000       0xf0 ets_airspeed.cpp.o

.stack
 *(.stack)

.ARM.attributes
                0x00000000       0x37
 *(.ARM.attributes)
 .ARM.attributes
                0x00000000       0x37 ets_airspeed.cpp.o
 *(.gnu.attributes)

.note.gnu.arm.ident
 *(.note.gnu.arm.ident)
OUTPUT(/home/avnishks/src/Firmware/Build/px4fmu-v1_default.build//home/avnishks/src/Firmware/src/drivers/ets_airspeed/module.pre.o elf32-littlearm)
