Archive member included because of file (symbol)

/media/data/coding/GSoC/AVT/px4+mavlink/Firmware/Build/px4io-v2_default.build/nuttx-export/libs/libnuttx.a(sched-irq_attach.o)
                              /media/data/coding/GSoC/AVT/px4+mavlink/Firmware/Build/px4io-v2_default.build//media/data/coding/GSoC/AVT/px4+mavlink/Firmware/src/drivers/stm32/module.pre.o (irq_attach)
/media/data/coding/GSoC/AVT/px4+mavlink/Firmware/Build/px4io-v2_default.build/nuttx-export/libs/libnuttx.a(sched-irq_initialize.o)
                              /media/data/coding/GSoC/AVT/px4+mavlink/Firmware/Build/px4io-v2_default.build/nuttx-export/libs/libnuttx.a(sched-irq_attach.o) (g_irqvector)
/media/data/coding/GSoC/AVT/px4+mavlink/Firmware/Build/px4io-v2_default.build/nuttx-export/libs/libnuttx.a(sched-irq_unexpectedisr.o)
                              /media/data/coding/GSoC/AVT/px4+mavlink/Firmware/Build/px4io-v2_default.build/nuttx-export/libs/libnuttx.a(sched-irq_attach.o) (irq_unexpected_isr)
/media/data/coding/GSoC/AVT/px4+mavlink/Firmware/Build/px4io-v2_default.build/nuttx-export/libs/libnuttx.a(c-lib_abort.o)
                              (abort)
/media/data/coding/GSoC/AVT/px4+mavlink/Firmware/Build/px4io-v2_default.build/nuttx-export/libs/libnuttx.a(c-lib_cfsetspeed.o)
                              /media/data/coding/GSoC/AVT/px4+mavlink/Firmware/Build/px4io-v2_default.build//media/data/coding/GSoC/AVT/px4+mavlink/Firmware/src/modules/px4iofirmware/module.pre.o (cfsetspeed)
/media/data/coding/GSoC/AVT/px4+mavlink/Firmware/Build/px4io-v2_default.build/nuttx-export/libs/libnuttx.a(c-lib_crc32.o)
                              /media/data/coding/GSoC/AVT/px4+mavlink/Firmware/Build/px4io-v2_default.build//media/data/coding/GSoC/AVT/px4+mavlink/Firmware/src/modules/px4iofirmware/module.pre.o (crc32)
/media/data/coding/GSoC/AVT/px4+mavlink/Firmware/Build/px4io-v2_default.build/nuttx-export/libs/libnuttx.a(c-lib_lowsyslog.o)
                              /media/data/coding/GSoC/AVT/px4+mavlink/Firmware/Build/px4io-v2_default.build//media/data/coding/GSoC/AVT/px4+mavlink/Firmware/src/modules/px4iofirmware/module.pre.o (lowsyslog)
/media/data/coding/GSoC/AVT/px4+mavlink/Firmware/Build/px4io-v2_default.build/nuttx-export/libs/libnuttx.a(c-lib_memchr.o)
                              /media/data/coding/GSoC/AVT/px4+mavlink/Firmware/Build/px4io-v2_default.build//media/data/coding/GSoC/AVT/px4+mavlink/Firmware/src/modules/px4iofirmware/module.pre.o (memchr)
/media/data/coding/GSoC/AVT/px4+mavlink/Firmware/Build/px4io-v2_default.build/nuttx-export/libs/libnuttx.a(c-lib_memcpy.o)
                              /media/data/coding/GSoC/AVT/px4+mavlink/Firmware/Build/px4io-v2_default.build//media/data/coding/GSoC/AVT/px4+mavlink/Firmware/src/modules/px4iofirmware/module.pre.o (memcpy)
/media/data/coding/GSoC/AVT/px4+mavlink/Firmware/Build/px4io-v2_default.build/nuttx-export/libs/libnuttx.a(c-lib_memset.o)
                              /media/data/coding/GSoC/AVT/px4+mavlink/Firmware/Build/px4io-v2_default.build//media/data/coding/GSoC/AVT/px4+mavlink/Firmware/src/modules/px4iofirmware/module.pre.o (memset)
/media/data/coding/GSoC/AVT/px4+mavlink/Firmware/Build/px4io-v2_default.build/nuttx-export/libs/libnuttx.a(c-lib_printf.o)
                              /media/data/coding/GSoC/AVT/px4+mavlink/Firmware/Build/px4io-v2_default.build//media/data/coding/GSoC/AVT/px4+mavlink/Firmware/src/modules/px4iofirmware/module.pre.o (printf)
/media/data/coding/GSoC/AVT/px4+mavlink/Firmware/Build/px4io-v2_default.build/nuttx-export/libs/libnuttx.a(c-lib_sscanf.o)
                              /media/data/coding/GSoC/AVT/px4+mavlink/Firmware/Build/px4io-v2_default.build//media/data/coding/GSoC/AVT/px4+mavlink/Firmware/src/modules/px4iofirmware/module.pre.o (sscanf)
/media/data/coding/GSoC/AVT/px4+mavlink/Firmware/Build/px4io-v2_default.build/nuttx-export/libs/libnuttx.a(c-lib_strchr.o)
                              /media/data/coding/GSoC/AVT/px4+mavlink/Firmware/Build/px4io-v2_default.build/nuttx-export/libs/libnuttx.a(c-lib_sscanf.o) (strchr)
/media/data/coding/GSoC/AVT/px4+mavlink/Firmware/Build/px4io-v2_default.build/nuttx-export/libs/libnuttx.a(c-lib_strcmp.o)
                              /media/data/coding/GSoC/AVT/px4+mavlink/Firmware/Build/px4io-v2_default.build//media/data/coding/GSoC/AVT/px4+mavlink/Firmware/src/modules/px4iofirmware/module.pre.o (strcmp)
/media/data/coding/GSoC/AVT/px4+mavlink/Firmware/Build/px4io-v2_default.build/nuttx-export/libs/libnuttx.a(c-lib_strcspn.o)
                              /media/data/coding/GSoC/AVT/px4+mavlink/Firmware/Build/px4io-v2_default.build/nuttx-export/libs/libnuttx.a(c-lib_sscanf.o) (strcspn)
/media/data/coding/GSoC/AVT/px4+mavlink/Firmware/Build/px4io-v2_default.build/nuttx-export/libs/libnuttx.a(c-lib_strncpy.o)
                              /media/data/coding/GSoC/AVT/px4+mavlink/Firmware/Build/px4io-v2_default.build/nuttx-export/libs/libnuttx.a(c-lib_sscanf.o) (strncpy)
[...]
Memory Configuration

Name             Origin             Length             Attributes
flash            0x08001000         0x0000f000         xr
sram             0x20000000         0x00002000         xrw
*default*        0x00000000         0xffffffff

Linker script and memory map


.text           0x08001000     0xd5e8
                0x08001000                _stext = ABSOLUTE (.)
 *(.vectors)
 .vectors       0x08001000      0x134 /media/data/coding/GSoC/AVT/px4+mavlink/Firmware/Build/px4io-v2_default.build/nuttx-export/libs/libnuttx.a(arch-up_vectors.o)
                0x08001000                _vectors
 *(.text .text.*)
 .text.stm32_boardinitialize
                0x08001134      0x11c /media/data/coding/GSoC/AVT/px4+mavlink/Firmware/Build/px4io-v2_default.build//media/data/coding/GSoC/AVT/px4+mavlink/Firmware/src/drivers/boards/px4io-v2/module.pre.o
                0x08001134                stm32_boardinitialize
 .text.hrt_call_enter
                0x08001250       0xf0 /media/data/coding/GSoC/AVT/px4+mavlink/Firmware/Build/px4io-v2_default.build//media/data/coding/GSoC/AVT/px4+mavlink/Firmware/src/drivers/stm32/module.pre.o
 .text.hrt_tim_isr
                0x08001340      0x428 /media/data/coding/GSoC/AVT/px4+mavlink/Firmware/Build/px4io-v2_default.build//media/data/coding/GSoC/AVT/px4+mavlink/Firmware/src/drivers/stm32/module.pre.o
 .text.hrt_absolute_time
                0x08001768       0x50 /media/data/coding/GSoC/AVT/px4+mavlink/Firmware/Build/px4io-v2_default.build//media/data/coding/GSoC/AVT/px4+mavlink/Firmware/src/drivers/stm32/module.pre.o
                0x08001768                hrt_absolute_time
 .text.hrt_elapsed_time
                0x080017b8       0x6c /media/data/coding/GSoC/AVT/px4+mavlink/Firmware/Build/px4io-v2_default.build//media/data/coding/GSoC/AVT/px4+mavlink/Firmware/src/drivers/stm32/module.pre.o
                0x080017b8                hrt_elapsed_time
 .text.hrt_init
                0x08001824       0xe4 /media/data/coding/GSoC/AVT/px4+mavlink/Firmware/Build/px4io-v2_default.build//media/data/coding/GSoC/AVT/px4+mavlink/Firmware/src/drivers/stm32/module.pre.o
                0x08001824                hrt_init
 .text.hrt_call_every
                0x08001908       0xa0 /media/data/coding/GSoC/AVT/px4+mavlink/Firmware/Build/px4io-v2_default.build//media/data/coding/GSoC/AVT/px4+mavlink/Firmware/src/drivers/stm32/module.pre.o
                0x08001908                hrt_call_every
 .text.up_pwm_servo_set
                0x080019a8       0x64 /media/data/coding/GSoC/AVT/px4+mavlink/Firmware/Build/px4io-v2_default.build//media/data/coding/GSoC/AVT/px4+mavlink/Firmware/src/drivers/stm32/module.pre.o
                0x080019a8                up_pwm_servo_set
 .text.up_pwm_servo_init
                0x08001a0c      0x6d4 /media/data/coding/GSoC/AVT/px4+mavlink/Firmware/Build/px4io-v2_default.build//media/data/coding/GSoC/AVT/px4+mavlink/Firmware/src/drivers/stm32/module.pre.o
                0x08001a0c                up_pwm_servo_init
 .text.up_pwm_servo_set_rate_group_update
                0x080020e0       0x44 /media/data/coding/GSoC/AVT/px4+mavlink/Firmware/Build/px4io-v2_default.build//media/data/coding/GSoC/AVT/px4+mavlink/Firmware/src/drivers/stm32/module.pre.o
                0x080020e0                up_pwm_servo_set_rate_group_update
 .text.up_pwm_servo_get_rate_group
                0x08002124       0x9c /media/data/coding/GSoC/AVT/px4+mavlink/Firmware/Build/px4io-v2_default.build//media/data/coding/GSoC/AVT/px4+mavlink/Firmware/src/drivers/stm32/module.pre.o
                0x08002124                up_pwm_servo_get_rate_group
 .text.up_pwm_servo_arm
                0x080021c0       0x68 /media/data/coding/GSoC/AVT/px4+mavlink/Firmware/Build/px4io-v2_default.build//media/data/coding/GSoC/AVT/px4+mavlink/Firmware/src/drivers/stm32/module.pre.o
                0x080021c0                up_pwm_servo_arm
 .text.adc_measure
                0x08002228       0xa8 /media/data/coding/GSoC/AVT/px4+mavlink/Firmware/Build/px4io-v2_default.build//media/data/coding/GSoC/AVT/px4+mavlink/Firmware/src/modules/px4iofirmware/module.pre.o
 .text.controls_init
                0x080022d0      0x15c /media/data/coding/GSoC/AVT/px4+mavlink/Firmware/Build/px4io-v2_default.build//media/data/coding/GSoC/AVT/px4+mavlink/Firmware/src/modules/px4iofirmware/module.pre.o
 *fill*         0x0800242c        0x4 00
 .text.controls_tick
                0x08002430      0x3d0 /media/data/coding/GSoC/AVT/px4+mavlink/Firmware/Build/px4io-v2_default.build//media/data/coding/GSoC/AVT/px4+mavlink/Firmware/src/modules/px4iofirmware/module.pre.o
 .text.dsm_guess_format
                0x08002800      0x240 /media/data/coding/GSoC/AVT/px4+mavlink/Firmware/Build/px4io-v2_default.build//media/data/coding/GSoC/AVT/px4+mavlink/Firmware/src/modules/px4iofirmware/module.pre.o
 .text.dsm_init
                0x08002a40       0x70 /media/data/coding/GSoC/AVT/px4+mavlink/Firmware/Build/px4io-v2_default.build//media/data/coding/GSoC/AVT/px4+mavlink/Firmware/src/modules/px4iofirmware/module.pre.o
 .text.dsm_bind
                0x08002ab0        0x4 /media/data/coding/GSoC/AVT/px4+mavlink/Firmware/Build/px4io-v2_default.build//media/data/coding/GSoC/AVT/px4+mavlink/Firmware/src/modules/px4iofirmware/module.pre.o
 .text.dsm_input
                0x08002ab4      0x634 /media/data/coding/GSoC/AVT/px4+mavlink/Firmware/Build/px4io-v2_default.build//media/data/coding/GSoC/AVT/px4+mavlink/Firmware/src/modules/px4iofirmware/module.pre.o
 .text.isr_debug
                0x080030e8       0x5c /media/data/coding/GSoC/AVT/px4+mavlink/Firmware/Build/px4io-v2_default.build//media/data/coding/GSoC/AVT/px4+mavlink/Firmware/src/modules/px4iofirmware/module.pre.o
 .text.user_start
                0x08003144      0x228 /media/data/coding/GSoC/AVT/px4+mavlink/Firmware/Build/px4io-v2_default.build//media/data/coding/GSoC/AVT/px4+mavlink/Firmware/src/modules/px4iofirmware/module.pre.o
                0x08003144                user_start
 .text.pwm_configure_rates
                0x0800336c      0x2fc /media/data/coding/GSoC/AVT/px4+mavlink/Firmware/Build/px4io-v2_default.build//media/data/coding/GSoC/AVT/px4+mavlink/Firmware/src/modules/px4iofirmware/module.pre.o
 .text.registers_set
                0x08003668      0x6e0 /media/data/coding/GSoC/AVT/px4+mavlink/Firmware/Build/px4io-v2_default.build//media/data/coding/GSoC/AVT/px4+mavlink/Firmware/src/modules/px4iofirmware/module.pre.o
 .text.registers_get
                0x08003d48      0x2c0 /media/data/coding/GSoC/AVT/px4+mavlink/Firmware/Build/px4io-v2_default.build//media/data/coding/GSoC/AVT/px4+mavlink/Firmware/src/modules/px4iofirmware/module.pre.o
 .text.heartbeat_blink
                0x08004008       0x20 /media/data/coding/GSoC/AVT/px4+mavlink/Firmware/Build/px4io-v2_default.build//media/data/coding/GSoC/AVT/px4+mavlink/Firmware/src/modules/px4iofirmware/module.pre.o
 .text.safety_check_button
                0x08004028      0x104 /media/data/coding/GSoC/AVT/px4+mavlink/Firmware/Build/px4io-v2_default.build//media/data/coding/GSoC/AVT/px4+mavlink/Firmware/src/modules/px4iofirmware/module.pre.o
 .text.failsafe_blink
                0x0800412c       0x3c /media/data/coding/GSoC/AVT/px4+mavlink/Firmware/Build/px4io-v2_default.build//media/data/coding/GSoC/AVT/px4+mavlink/Firmware/src/modules/px4iofirmware/module.pre.o
 .text.safety_init
                0x08004168       0x90 /media/data/coding/GSoC/AVT/px4+mavlink/Firmware/Build/px4io-v2_default.build//media/data/coding/GSoC/AVT/px4+mavlink/Firmware/src/modules/px4iofirmware/module.pre.o
 .text.sbus_init
                0x080041f8       0x80 /media/data/coding/GSoC/AVT/px4+mavlink/Firmware/Build/px4io-v2_default.build//media/data/coding/GSoC/AVT/px4+mavlink/Firmware/src/modules/px4iofirmware/module.pre.o
 .text.sbus_input
                0x08004278      0x21c /media/data/coding/GSoC/AVT/px4+mavlink/Firmware/Build/px4io-v2_default.build//media/data/coding/GSoC/AVT/px4+mavlink/Firmware/src/modules/px4iofirmware/module.pre.o
 .text.up_cxxinitialize
                0x08004494       0x94 /media/data/coding/GSoC/AVT/px4+mavlink/Firmware/Build/px4io-v2_default.build//media/data/coding/GSoC/AVT/px4+mavlink/Firmware/src/modules/px4iofirmware/module.pre.o
                0x08004494                up_cxxinitialize
 .text.perf_alloc
                0x08004528       0x50 /media/data/coding/GSoC/AVT/px4+mavlink/Firmware/Build/px4io-v2_default.build//media/data/coding/GSoC/AVT/px4+mavlink/Firmware/src/modules/px4iofirmware/module.pre.o
                0x08004528                perf_alloc
 .text.perf_count
                0x08004578       0xa8 /media/data/coding/GSoC/AVT/px4+mavlink/Firmware/Build/px4io-v2_default.build//media/data/coding/GSoC/AVT/px4+mavlink/Firmware/src/modules/px4iofirmware/module.pre.o
                0x08004578                perf_count
 .text.perf_begin
                0x08004620       0x1c /media/data/coding/GSoC/AVT/px4+mavlink/Firmware/Build/px4io-v2_default.build//media/data/coding/GSoC/AVT/px4+mavlink/Firmware/src/modules/px4iofirmware/module.pre.o
                0x08004620                perf_begin
 .text.perf_end
                0x0800463c       0x84 /media/data/coding/GSoC/AVT/px4+mavlink/Firmware/Build/px4io-v2_default.build//media/data/coding/GSoC/AVT/px4+mavlink/Firmware/src/modules/px4iofirmware/module.pre.o
                0x0800463c                perf_end
 .text._ZL14mixer_callbackjhhRf
                0x080046c0       0x74 /media/data/coding/GSoC/AVT/px4+mavlink/Firmware/Build/px4io-v2_default.build//media/data/coding/GSoC/AVT/px4+mavlink/Firmware/src/modules/px4iofirmware/module.pre.o
 *fill*         0x08004734        0x4 00
 .text.mixer_tick
                0x08004738      0x6a8 /media/data/coding/GSoC/AVT/px4+mavlink/Firmware/Build/px4io-v2_default.build//media/data/coding/GSoC/AVT/px4+mavlink/Firmware/src/modules/px4iofirmware/module.pre.o
 .text.mixer_handle_text
                0x08004de0      0x2b0 /media/data/coding/GSoC/AVT/px4+mavlink/Firmware/Build/px4io-v2_default.build//media/data/coding/GSoC/AVT/px4+mavlink/Firmware/src/modules/px4iofirmware/module.pre.o
 .text.startup._GLOBAL__sub_I_mixer_tick
                0x08005090       0x34 /media/data/coding/GSoC/AVT/px4+mavlink/Firmware/Build/px4io-v2_default.build//media/data/coding/GSoC/AVT/px4+mavlink/Firmware/src/modules/px4iofirmware/module.pre.o
 .text._ZN5MixerD2Ev
                0x080050c4        0xc /media/data/coding/GSoC/AVT/px4+mavlink/Firmware/Build/px4io-v2_default.build//media/data/coding/GSoC/AVT/px4+mavlink/Firmware/src/modules/px4iofirmware/module.pre.o
                0x080050c4                Mixer::~Mixer()
                0x080050c4                Mixer::~Mixer()
 .text._ZN9NullMixerD2Ev
                0x080050d0        0xc /media/data/coding/GSoC/AVT/px4+mavlink/Firmware/Build/px4io-v2_default.build//media/data/coding/GSoC/AVT/px4+mavlink/Firmware/src/modules/px4iofirmware/module.pre.o
                0x080050d0                NullMixer::~NullMixer()
                0x080050d0                NullMixer::~NullMixer()
 .text._ZN9NullMixer3mixEPfj
                0x080050dc       0x10 /media/data/coding/GSoC/AVT/px4+mavlink/Firmware/Build/px4io-v2_default.build//media/data/coding/GSoC/AVT/px4+mavlink/Firmware/src/modules/px4iofirmware/module.pre.o
                0x080050dc                NullMixer::mix(float*, unsigned int)
 .text._ZN9NullMixer15groups_requiredERj
                0x080050ec        0x4 /media/data/coding/GSoC/AVT/px4+mavlink/Firmware/Build/px4io-v2_default.build//media/data/coding/GSoC/AVT/px4+mavlink/Firmware/src/modules/px4iofirmware/module.pre.o
                0x080050ec                NullMixer::groups_required(unsigned int&)
 .text._ZN9NullMixerD0Ev
                0x080050f0       0x14 /media/data/coding/GSoC/AVT/px4+mavlink/Firmware/Build/px4io-v2_default.build//media/data/coding/GSoC/AVT/px4+mavlink/Firmware/src/modules/px4iofirmware/module.pre.o
                0x080050f0                NullMixer::~NullMixer()
 .text._ZN5MixerD0Ev
                0x08005104       0x14 /media/data/coding/GSoC/AVT/px4+mavlink/Firmware/Build/px4io-v2_default.build//media/data/coding/GSoC/AVT/px4+mavlink/Firmware/src/modules/px4iofirmware/module.pre.o
                0x08005104                Mixer::~Mixer()
 .text._ZN5MixerC2EPFijhhRfEj
                0x08005118       0x14 /media/data/coding/GSoC/AVT/px4+mavlink/Firmware/Build/px4io-v2_default.build//media/data/coding/GSoC/AVT/px4+mavlink/Firmware/src/modules/px4iofirmware/module.pre.o
                0x08005118                Mixer::Mixer(int (*)(unsigned int, unsigned char, unsigned char, float&), unsigned int)
                0x08005118                Mixer::Mixer(int (*)(unsigned int, unsigned char, unsigned char, float&), unsigned int)
 .text._ZN5Mixer11get_controlEhh
                0x0800512c       0x14 /media/data/coding/GSoC/AVT/px4+mavlink/Firmware/Build/px4io-v2_default.build//media/data/coding/GSoC/AVT/px4+mavlink/Firmware/src/modules/px4iofirmware/module.pre.o
                0x0800512c                Mixer::get_control(unsigned char, unsigned char)
 .text._ZN5Mixer5scaleERK14mixer_scaler_sf
                0x08005140       0x44 /media/data/coding/GSoC/AVT/px4+mavlink/Firmware/Build/px4io-v2_default.build//media/data/coding/GSoC/AVT/px4+mavlink/Firmware/src/modules/px4iofirmware/module.pre.o
                0x08005140                Mixer::scale(mixer_scaler_s const&, float)
 .text._ZN9NullMixer9from_textEPKcRj
                0x08005184       0x3c /media/data/coding/GSoC/AVT/px4+mavlink/Firmware/Build/px4io-v2_default.build//media/data/coding/GSoC/AVT/px4+mavlink/Firmware/src/modules/px4iofirmware/module.pre.o
                0x08005184                NullMixer::from_text(char const*, unsigned int&)
 .text._ZN10MixerGroupD2Ev
                0x080051c0       0x30 /media/data/coding/GSoC/AVT/px4+mavlink/Firmware/Build/px4io-v2_default.build//media/data/coding/GSoC/AVT/px4+mavlink/Firmware/src/modules/px4iofirmware/module.pre.o
                0x080051c0                MixerGroup::~MixerGroup()
                0x080051c0                MixerGroup::~MixerGroup()
 .text._ZN10MixerGroup3mixEPfj
                0x080051f0       0x34 /media/data/coding/GSoC/AVT/px4+mavlink/Firmware/Build/px4io-v2_default.build//media/data/coding/GSoC/AVT/px4+mavlink/Firmware/src/modules/px4iofirmware/module.pre.o
                0x080051f0                MixerGroup::mix(float*, unsigned int)
 .text._ZN10MixerGroup15groups_requiredERj
                0x08005224       0x1c /media/data/coding/GSoC/AVT/px4+mavlink/Firmware/Build/px4io-v2_default.build//media/data/coding/GSoC/AVT/px4+mavlink/Firmware/src/modules/px4iofirmware/module.pre.o
                0x08005224                MixerGroup::groups_required(unsigned int&)
 .text._ZN10MixerGroupD0Ev
                0x08005240       0x34 /media/data/coding/GSoC/AVT/px4+mavlink/Firmware/Build/px4io-v2_default.build//media/data/coding/GSoC/AVT/px4+mavlink/Firmware/src/modules/px4iofirmware/module.pre.o
                0x08005240                MixerGroup::~MixerGroup()
 .text._ZN10MixerGroupC2EPFijhhRfEj
                0x08005274       0x18 /media/data/coding/GSoC/AVT/px4+mavlink/Firmware/Build/px4io-v2_default.build//media/data/coding/GSoC/AVT/px4+mavlink/Firmware/src/modules/px4iofirmware/module.pre.o
                0x08005274                MixerGroup::MixerGroup(int (*)(unsigned int, unsigned char, unsigned char, float&), unsigned int)
                0x08005274                MixerGroup::MixerGroup(int (*)(unsigned int, unsigned char, unsigned char, float&), unsigned int)
 .text._ZN10MixerGroup5resetEv
                0x0800528c       0x1c /media/data/coding/GSoC/AVT/px4+mavlink/Firmware/Build/px4io-v2_default.build//media/data/coding/GSoC/AVT/px4+mavlink/Firmware/src/modules/px4iofirmware/module.pre.o
                0x0800528c                MixerGroup::reset()
 .text._ZN10MixerGroup13load_from_bufEPKcRj
                0x080052a8       0x8c /media/data/coding/GSoC/AVT/px4+mavlink/Firmware/Build/px4io-v2_default.build//media/data/coding/GSoC/AVT/px4+mavlink/Firmware/src/modules/px4iofirmware/module.pre.o
                0x080052a8                MixerGroup::load_from_buf(char const*, unsigned int&)
 .text._ZN15MultirotorMixerD2Ev
                0x08005334        0xc /media/data/coding/GSoC/AVT/px4+mavlink/Firmware/Build/px4io-v2_default.build//media/data/coding/GSoC/AVT/px4+mavlink/Firmware/src/modules/px4iofirmware/module.pre.o
                0x08005334                MultirotorMixer::~MultirotorMixer()
                0x08005334                MultirotorMixer::~MultirotorMixer()
 .text._ZN15MultirotorMixer15groups_requiredERj
                0x08005340        0xc /media/data/coding/GSoC/AVT/px4+mavlink/Firmware/Build/px4io-v2_default.build//media/data/coding/GSoC/AVT/px4+mavlink/Firmware/src/modules/px4iofirmware/module.pre.o
                0x08005340                MultirotorMixer::groups_required(unsigned int&)
 .text._ZN15MultirotorMixer3mixEPfj
                0x0800534c      0x190 /media/data/coding/GSoC/AVT/px4+mavlink/Firmware/Build/px4io-v2_default.build//media/data/coding/GSoC/AVT/px4+mavlink/Firmware/src/modules/px4iofirmware/module.pre.o
                0x0800534c                MultirotorMixer::mix(float*, unsigned int)
 .text._ZN15MultirotorMixerD0Ev
                0x080054dc       0x14 /media/data/coding/GSoC/AVT/px4+mavlink/Firmware/Build/px4io-v2_default.build//media/data/coding/GSoC/AVT/px4+mavlink/Firmware/src/modules/px4iofirmware/module.pre.o
                0x080054dc                MultirotorMixer::~MultirotorMixer()
 .text._ZN15MultirotorMixer9from_textEPFijhhRfEjPKcRj
                0x080054f0      0x184 /media/data/coding/GSoC/AVT/px4+mavlink/Firmware/Build/px4io-v2_default.build//media/data/coding/GSoC/AVT/px4+mavlink/Firmware/src/modules/px4iofirmware/module.pre.o
                0x080054f0                MultirotorMixer::from_text(int (*)(unsigned int, unsigned char, unsigned char, float&), unsigned int, char const*, unsigned int&)
 .text._ZN11SimpleMixer15groups_requiredERj
                0x08005674       0x2c /media/data/coding/GSoC/AVT/px4+mavlink/Firmware/Build/px4io-v2_default.build//media/data/coding/GSoC/AVT/px4+mavlink/Firmware/src/modules/px4iofirmware/module.pre.o
                0x08005674                SimpleMixer::groups_required(unsigned int&)
 .text._ZN11SimpleMixerD2Ev
                0x080056a0       0x20 /media/data/coding/GSoC/AVT/px4+mavlink/Firmware/Build/px4io-v2_default.build//media/data/coding/GSoC/AVT/px4+mavlink/Firmware/src/modules/px4iofirmware/module.pre.o
                0x080056a0                SimpleMixer::~SimpleMixer()
                0x080056a0                SimpleMixer::~SimpleMixer()
 .text._ZN11SimpleMixer3mixEPfj
                0x080056c0       0x70 /media/data/coding/GSoC/AVT/px4+mavlink/Firmware/Build/px4io-v2_default.build//media/data/coding/GSoC/AVT/px4+mavlink/Firmware/src/modules/px4iofirmware/module.pre.o
                0x080056c0                SimpleMixer::mix(float*, unsigned int)
 .text._ZN11SimpleMixerD0Ev
                0x08005730       0x28 /media/data/coding/GSoC/AVT/px4+mavlink/Firmware/Build/px4io-v2_default.build//media/data/coding/GSoC/AVT/px4+mavlink/Firmware/src/modules/px4iofirmware/module.pre.o
                0x08005730                SimpleMixer::~SimpleMixer()
 .text._ZN11SimpleMixer19parse_output_scalerEPKcRjR14mixer_scaler_s
                0x08005758      0x150 /media/data/coding/GSoC/AVT/px4+mavlink/Firmware/Build/px4io-v2_default.build//media/data/coding/GSoC/AVT/px4+mavlink/Firmware/src/modules/px4iofirmware/module.pre.o
                0x08005758                SimpleMixer::parse_output_scaler(char const*, unsigned int&, mixer_scaler_s&)
 .text._ZN11SimpleMixer20parse_control_scalerEPKcRjR14mixer_scaler_sRhS5_
                0x080058a8      0x184 /media/data/coding/GSoC/AVT/px4+mavlink/Firmware/Build/px4io-v2_default.build//media/data/coding/GSoC/AVT/px4+mavlink/Firmware/src/modules/px4iofirmware/module.pre.o
                0x080058a8                SimpleMixer::parse_control_scaler(char const*, unsigned int&, mixer_scaler_s&, unsigned char&, unsigned char&)
 .text._ZN11SimpleMixer9from_textEPFijhhRfEjPKcRj
                0x08005a2c       0xb8 /media/data/coding/GSoC/AVT/px4+mavlink/Firmware/Build/px4io-v2_default.build//media/data/coding/GSoC/AVT/px4+mavlink/Firmware/src/modules/px4iofirmware/module.pre.o
                0x08005a2c                SimpleMixer::from_text(int (*)(unsigned int, unsigned char, unsigned char, float&), unsigned int, char const*, unsigned int&)
 .text.rx_dma_callback
                0x08005ae4      0x258 /media/data/coding/GSoC/AVT/px4+mavlink/Firmware/Build/px4io-v2_default.build//media/data/coding/GSoC/AVT/px4+mavlink/Firmware/src/modules/px4iofirmware/module.pre.o
 .text.serial_interrupt
                0x08005d3c      0x14c /media/data/coding/GSoC/AVT/px4+mavlink/Firmware/Build/px4io-v2_default.build//media/data/coding/GSoC/AVT/px4+mavlink/Firmware/src/modules/px4iofirmware/module.pre.o
 .text.interface_init
                0x08005e88      0x1f0 /media/data/coding/GSoC/AVT/px4+mavlink/Firmware/Build/px4io-v2_default.build//media/data/coding/GSoC/AVT/px4+mavlink/Firmware/src/modules/px4iofirmware/module.pre.o
 .text.interface_tick
                0x08006078       0x88 /media/data/coding/GSoC/AVT/px4+mavlink/Firmware/Build/px4io-v2_default.build//media/data/coding/GSoC/AVT/px4+mavlink/Firmware/src/modules/px4iofirmware/module.pre.o
 .text.irq_attach
                0x08006100       0x38 /media/data/coding/GSoC/AVT/px4+mavlink/Firmware/Build/px4io-v2_default.build/nuttx-export/libs/libnuttx.a(sched-irq_attach.o)
                0x08006100                irq_attach
 .text.irq_initialize
                0x08006138       0x20 /media/data/coding/GSoC/AVT/px4+mavlink/Firmware/Build/px4io-v2_default.build/nuttx-export/libs/libnuttx.a(sched-irq_initialize.o)
                0x08006138                irq_initialize
 .text.irq_unexpected_isr
                0x08006158       0x18 /media/data/coding/GSoC/AVT/px4+mavlink/Firmware/Build/px4io-v2_default.build/nuttx-export/libs/libnuttx.a(sched-irq_unexpectedisr.o)
                0x08006158                irq_unexpected_isr
 .text.abort    0x08006170        0x8 /media/data/coding/GSoC/AVT/px4+mavlink/Firmware/Build/px4io-v2_default.build/nuttx-export/libs/libnuttx.a(c-lib_abort.o)
                0x08006170                abort
 .text.cfsetspeed
                0x08006178        0x8 /media/data/coding/GSoC/AVT/px4+mavlink/Firmware/Build/px4io-v2_default.build/nuttx-export/libs/libnuttx.a(c-lib_cfsetspeed.o)
                0x08006178                cfsetspeed
 .text.lowsyslog
                0x08006180       0x28 /media/data/coding/GSoC/AVT/px4+mavlink/Firmware/Build/px4io-v2_default.build/nuttx-export/libs/libnuttx.a(c-lib_lowsyslog.o)
                0x08006180                lowsyslog
 .text.memchr   0x080061a8       0x4c /media/data/coding/GSoC/AVT/px4+mavlink/Firmware/Build/px4io-v2_default.build/nuttx-export/libs/libnuttx.a(c-lib_memchr.o)
                0x080061a8                memchr
 .text.memcpy   0x080061f4       0xdc /media/data/coding/GSoC/AVT/px4+mavlink/Firmware/Build/px4io-v2_default.build/nuttx-export/libs/libnuttx.a(c-lib_memcpy.o)
                0x080061f4                memcpy
 .text.memset   0x080062d0       0xec /media/data/coding/GSoC/AVT/px4+mavlink/Firmware/Build/px4io-v2_default.build/nuttx-export/libs/libnuttx.a(c-lib_memset.o)
                0x080062d0                memset
 .text.findwidth
                0x080063bc       0x40 /media/data/coding/GSoC/AVT/px4+mavlink/Firmware/Build/px4io-v2_default.build/nuttx-export/libs/libnuttx.a(c-lib_sscanf.o)
 .text.vsscanf  0x080063fc      0x314 /media/data/coding/GSoC/AVT/px4+mavlink/Firmware/Build/px4io-v2_default.build/nuttx-export/libs/libnuttx.a(c-lib_sscanf.o)
                0x080063fc                vsscanf
 .text.sscanf   0x08006710       0x20 /media/data/coding/GSoC/AVT/px4+mavlink/Firmware/Build/px4io-v2_default.build/nuttx-export/libs/libnuttx.a(c-lib_sscanf.o)
                0x08006710                sscanf
 .text.strchr   0x08006730       0x24 /media/data/coding/GSoC/AVT/px4+mavlink/Firmware/Build/px4io-v2_default.build/nuttx-export/libs/libnuttx.a(c-lib_strchr.o)
                0x08006730                strchr
 .text.strcmp   0x08006754       0x1c /media/data/coding/GSoC/AVT/px4+mavlink/Firmware/Build/px4io-v2_default.build/nuttx-export/libs/libnuttx.a(c-lib_strcmp.o)
                0x08006754                strcmp
 .text.strcspn  0x08006770       0x2c /media/data/coding/GSoC/AVT/px4+mavlink/Firmware/Build/px4io-v2_default.build/nuttx-export/libs/libnuttx.a(c-lib_strcspn.o)
                0x08006770                strcspn
 .text.strncpy  0x0800679c       0x48 /media/data/coding/GSoC/AVT/px4+mavlink/Firmware/Build/px4io-v2_default.build/nuttx-export/libs/libnuttx.a(c-lib_strncpy.o)
                0x0800679c                strncpy
 .text.strtol   0x080067e4       0x44 /media/data/coding/GSoC/AVT/px4+mavlink/Firmware/Build/px4io-v2_default.build/nuttx-export/libs/libnuttx.a(c-lib_strtol.o)
                0x080067e4                strtol
 .text.strtoul  0x08006828       0x4c /media/data/coding/GSoC/AVT/px4+mavlink/Firmware/Build/px4io-v2_default.build/nuttx-export/libs/libnuttx.a(c-lib_strtoul.o)
                0x08006828                strtoul
 .text.tcgetattr
                0x08006874        0xc /media/data/coding/GSoC/AVT/px4+mavlink/Firmware/Build/px4io-v2_default.build/nuttx-export/libs/libnuttx.a(c-lib_tcgetattr.o)
                0x08006874                tcgetattr
 .text.tcsetattr
                0x08006880       0x10 /media/data/coding/GSoC/AVT/px4+mavlink/Firmware/Build/px4io-v2_default.build/nuttx-export/libs/libnuttx.a(c-lib_tcsetattr.o)
                0x08006880                tcsetattr
 .text.vsnprintf
                0x08006890       0x24 /media/data/coding/GSoC/AVT/px4+mavlink/Firmware/Build/px4io-v2_default.build/nuttx-export/libs/libnuttx.a(c-lib_vsnprintf.o)
                0x08006890                vsnprintf
 .text.sq_addafter
                0x080068b4       0x1c /media/data/coding/GSoC/AVT/px4+mavlink/Firmware/Build/px4io-v2_default.build/nuttx-export/libs/libnuttx.a(c-sq_addafter.o)
                0x080068b4                sq_addafter
 .text.sq_addfirst
                0x080068d0       0x14 /media/data/coding/GSoC/AVT/px4+mavlink/Firmware/Build/px4io-v2_default.build/nuttx-export/libs/libnuttx.a(c-sq_addfirst.o)
                0x080068d0                sq_addfirst
 .text.sq_addlast
                0x080068e4       0x18 /media/data/coding/GSoC/AVT/px4+mavlink/Firmware/Build/px4io-v2_default.build/nuttx-export/libs/libnuttx.a(c-sq_addlast.o)
                0x080068e4                sq_addlast
 .text.sq_rem   0x080068fc       0x3c /media/data/coding/GSoC/AVT/px4+mavlink/Firmware/Build/px4io-v2_default.build/nuttx-export/libs/libnuttx.a(c-sq_rem.o)
                0x080068fc                sq_rem
 .text.calloc   0x08006938       0x10 /media/data/coding/GSoC/AVT/px4+mavlink/Firmware/Build/px4io-v2_default.build/nuttx-export/libs/libnuttx.a(mm-mm_calloc.o)
                0x08006938                calloc
 .text.free     0x08006948       0xc0 /media/data/coding/GSoC/AVT/px4+mavlink/Firmware/Build/px4io-v2_default.build/nuttx-export/libs/libnuttx.a(mm-mm_free.o)
                0x08006948                free
 .text.mallinfo
                0x08006a08       0x70 /media/data/coding/GSoC/AVT/px4+mavlink/Firmware/Build/px4io-v2_default.build/nuttx-export/libs/libnuttx.a(mm-mm_mallinfo.o)
                0x08006a08                mallinfo
 .text.malloc   0x08006a78       0xa8 /media/data/coding/GSoC/AVT/px4+mavlink/Firmware/Build/px4io-v2_default.build/nuttx-export/libs/libnuttx.a(mm-mm_malloc.o)
                0x08006a78                malloc
 .text.mm_seminitialize
                0x08006b20       0x18 /media/data/coding/GSoC/AVT/px4+mavlink/Firmware/Build/px4io-v2_default.build/nuttx-export/libs/libnuttx.a(mm-mm_sem.o)
                0x08006b20                mm_seminitialize
 .text.mm_trysemaphore
                0x08006b38       0x34 /media/data/coding/GSoC/AVT/px4+mavlink/Firmware/Build/px4io-v2_default.build/nuttx-export/libs/libnuttx.a(mm-mm_sem.o)
                0x08006b38                mm_trysemaphore
 .text.mm_takesemaphore
                0x08006b6c       0x44 /media/data/coding/GSoC/AVT/px4+mavlink/Firmware/Build/px4io-v2_default.build/nuttx-export/libs/libnuttx.a(mm-mm_sem.o)
                0x08006b6c                mm_takesemaphore
 .text.mm_givesemaphore
                0x08006bb0       0x2c /media/data/coding/GSoC/AVT/px4+mavlink/Firmware/Build/px4io-v2_default.build/nuttx-export/libs/libnuttx.a(mm-mm_sem.o)
                0x08006bb0                mm_givesemaphore
 .text.mm_size2ndx
                0x08006bdc       0x20 /media/data/coding/GSoC/AVT/px4+mavlink/Firmware/Build/px4io-v2_default.build/nuttx-export/libs/libnuttx.a(mm-mm_size2ndx.o)
                0x08006bdc                mm_size2ndx
 .text.umm_initialize
                0x08006bfc       0x14 /media/data/coding/GSoC/AVT/px4+mavlink/Firmware/Build/px4io-v2_default.build/nuttx-export/libs/libnuttx.a(mm-mm_user.o)
                0x08006bfc                umm_initialize
 .text.umm_trysemaphore
                0x08006c10        0xc /media/data/coding/GSoC/AVT/px4+mavlink/Firmware/Build/px4io-v2_default.build/nuttx-export/libs/libnuttx.a(mm-mm_user.o)
                0x08006c10                umm_trysemaphore
 .text.umm_givesemaphore
                0x08006c1c        0xc /media/data/coding/GSoC/AVT/px4+mavlink/Firmware/Build/px4io-v2_default.build/nuttx-export/libs/libnuttx.a(mm-mm_user.o)
                0x08006c1c                umm_givesemaphore
 .text.zalloc   0x08006c28       0x18 /media/data/coding/GSoC/AVT/px4+mavlink/Firmware/Build/px4io-v2_default.build/nuttx-export/libs/libnuttx.a(mm-mm_zalloc.o)
                0x08006c28                zalloc
 .text.stm32_dmainterrupt
                0x08006c40       0x54 /media/data/coding/GSoC/AVT/px4+mavlink/Firmware/Build/px4io-v2_default.build/nuttx-export/libs/libnuttx.a(arch-stm32_dma.o)
 .text.up_dmainitialize
                0x08006c94      0x20c /media/data/coding/GSoC/AVT/px4+mavlink/Firmware/Build/px4io-v2_default.build/nuttx-export/libs/libnuttx.a(arch-stm32_dma.o)
                0x08006c94                up_dmainitialize
 .text.stm32_dmachannel
                0x08006ea0       0x34 /media/data/coding/GSoC/AVT/px4+mavlink/Firmware/Build/px4io-v2_default.build/nuttx-export/libs/libnuttx.a(arch-stm32_dma.o)
                0x08006ea0                stm32_dmachannel
 .text.stm32_dmafree
                0x08006ed4        0x8 /media/data/coding/GSoC/AVT/px4+mavlink/Firmware/Build/px4io-v2_default.build/nuttx-export/libs/libnuttx.a(arch-stm32_dma.o)
                0x08006ed4                stm32_dmafree
 .text.stm32_dmasetup
                0x08006edc       0x30 /media/data/coding/GSoC/AVT/px4+mavlink/Firmware/Build/px4io-v2_default.build/nuttx-export/libs/libnuttx.a(arch-stm32_dma.o)
                0x08006edc                stm32_dmasetup
 .text.stm32_dmastart
                0x08006f0c       0x30 /media/data/coding/GSoC/AVT/px4+mavlink/Firmware/Build/px4io-v2_default.build/nuttx-export/libs/libnuttx.a(arch-stm32_dma.o)
                0x08006f0c                stm32_dmastart
 .text.stm32_dmastop
                0x08006f3c       0x24 /media/data/coding/GSoC/AVT/px4+mavlink/Firmware/Build/px4io-v2_default.build/nuttx-export/libs/libnuttx.a(arch-stm32_dma.o)
                0x08006f3c                stm32_dmastop
 .text.stm32_dmaresidual
                0x08006f60        0x8 /media/data/coding/GSoC/AVT/px4+mavlink/Firmware/Build/px4io-v2_default.build/nuttx-export/libs/libnuttx.a(arch-stm32_dma.o)
                0x08006f60                stm32_dmaresidual
 .text.stm32_gpioinit
                0x08006f68        0xc /media/data/coding/GSoC/AVT/px4+mavlink/Firmware/Build/px4io-v2_default.build/nuttx-export/libs/libnuttx.a(arch-stm32_gpio.o)
                0x08006f68                stm32_gpioinit
 .text.stm32_configgpio
                0x08006f74       0xf0 /media/data/coding/GSoC/AVT/px4+mavlink/Firmware/Build/px4io-v2_default.build/nuttx-export/libs/libnuttx.a(arch-stm32_gpio.o)
                0x08006f74                stm32_configgpio
 .text.stm32_gpiowrite
                0x08007064       0x28 /media/data/coding/GSoC/AVT/px4+mavlink/Firmware/Build/px4io-v2_default.build/nuttx-export/libs/libnuttx.a(arch-stm32_gpio.o)
                0x08007064                stm32_gpiowrite
 .text.stm32_gpioread
                0x0800708c       0x2c /media/data/coding/GSoC/AVT/px4+mavlink/Firmware/Build/px4io-v2_default.build/nuttx-export/libs/libnuttx.a(arch-stm32_gpio.o)
                0x0800708c                stm32_gpioread
 .text.up_irqinitialize
                0x080070b8       0xb8 /media/data/coding/GSoC/AVT/px4+mavlink/Firmware/Build/px4io-v2_default.build/nuttx-export/libs/libnuttx.a(arch-stm32_irq.o)
                0x080070b8                up_irqinitialize
 .text.up_disable_irq
                0x08007170       0x84 /media/data/coding/GSoC/AVT/px4+mavlink/Firmware/Build/px4io-v2_default.build/nuttx-export/libs/libnuttx.a(arch-stm32_irq.o)
                0x08007170                up_disable_irq
 .text.up_enable_irq
                0x080071f4       0x80 /media/data/coding/GSoC/AVT/px4+mavlink/Firmware/Build/px4io-v2_default.build/nuttx-export/libs/libnuttx.a(arch-stm32_irq.o)
                0x080071f4                up_enable_irq
 .text.up_maskack_irq
                0x08007274        0x4 /media/data/coding/GSoC/AVT/px4+mavlink/Firmware/Build/px4io-v2_default.build/nuttx-export/libs/libnuttx.a(arch-stm32_irq.o)
                0x08007274                up_maskack_irq
 .text.up_prioritize_irq
                0x08007278       0x44 /media/data/coding/GSoC/AVT/px4+mavlink/Firmware/Build/px4io-v2_default.build/nuttx-export/libs/libnuttx.a(arch-stm32_irq.o)
                0x08007278                up_prioritize_irq
 .text.up_set_format
                0x080072bc       0x60 /media/data/coding/GSoC/AVT/px4+mavlink/Firmware/Build/px4io-v2_default.build/nuttx-export/libs/libnuttx.a(arch-stm32_serial.o)
 .text.up_receive
                0x0800731c       0x18 /media/data/coding/GSoC/AVT/px4+mavlink/Firmware/Build/px4io-v2_default.build/nuttx-export/libs/libnuttx.a(arch-stm32_serial.o)
 .text.up_rxavailable
                0x08007334        0xc /media/data/coding/GSoC/AVT/px4+mavlink/Firmware/Build/px4io-v2_default.build/nuttx-export/libs/libnuttx.a(arch-stm32_serial.o)
 .text.up_dma_rxint
                0x08007340        0x8 /media/data/coding/GSoC/AVT/px4+mavlink/Firmware/Build/px4io-v2_default.build/nuttx-export/libs/libnuttx.a(arch-stm32_serial.o)
 .text.up_send  0x08007348        0x8 /media/data/coding/GSoC/AVT/px4+mavlink/Firmware/Build/px4io-v2_default.build/nuttx-export/libs/libnuttx.a(arch-stm32_serial.o)
 .text.up_txready
                0x08007350        0xc /media/data/coding/GSoC/AVT/px4+mavlink/Firmware/Build/px4io-v2_default.build/nuttx-export/libs/libnuttx.a(arch-stm32_serial.o)
 .text.up_setup
                0x0800735c       0x6c /media/data/coding/GSoC/AVT/px4+mavlink/Firmware/Build/px4io-v2_default.build/nuttx-export/libs/libnuttx.a(arch-stm32_serial.o)
 .text.up_dma_rxavailable
                0x080073c8       0x18 /media/data/coding/GSoC/AVT/px4+mavlink/Firmware/Build/px4io-v2_default.build/nuttx-export/libs/libnuttx.a(arch-stm32_serial.o)
 .text.up_dma_receive
                0x080073e0       0x2c /media/data/coding/GSoC/AVT/px4+mavlink/Firmware/Build/px4io-v2_default.build/nuttx-export/libs/libnuttx.a(arch-stm32_serial.o)
 .text.up_ioctl
                0x0800740c       0xa8 /media/data/coding/GSoC/AVT/px4+mavlink/Firmware/Build/px4io-v2_default.build/nuttx-export/libs/libnuttx.a(arch-stm32_serial.o)
 .text.up_detach
                0x080074b4       0x1c /media/data/coding/GSoC/AVT/px4+mavlink/Firmware/Build/px4io-v2_default.build/nuttx-export/libs/libnuttx.a(arch-stm32_serial.o)
 .text.up_attach
                0x080074d0       0x20 /media/data/coding/GSoC/AVT/px4+mavlink/Firmware/Build/px4io-v2_default.build/nuttx-export/libs/libnuttx.a(arch-stm32_serial.o)
 .text.up_dma_setup
                0x080074f0       0x50 /media/data/coding/GSoC/AVT/px4+mavlink/Firmware/Build/px4io-v2_default.build/nuttx-export/libs/libnuttx.a(arch-stm32_serial.o)
 .text.up_interrupt_common
                0x08007540       0xe4 /media/data/coding/GSoC/AVT/px4+mavlink/Firmware/Build/px4io-v2_default.build/nuttx-export/libs/libnuttx.a(arch-stm32_serial.o)
 .text.up_interrupt_usart3
                0x08007624        0xc /media/data/coding/GSoC/AVT/px4+mavlink/Firmware/Build/px4io-v2_default.build/nuttx-export/libs/libnuttx.a(arch-stm32_serial.o)
 .text.up_interrupt_usart2
                0x08007630        0xc /media/data/coding/GSoC/AVT/px4+mavlink/Firmware/Build/px4io-v2_default.build/nuttx-export/libs/libnuttx.a(arch-stm32_serial.o)
 .text.up_interrupt_usart1
                0x0800763c        0xc /media/data/coding/GSoC/AVT/px4+mavlink/Firmware/Build/px4io-v2_default.build/nuttx-export/libs/libnuttx.a(arch-stm32_serial.o)
 .text.up_dma_rxcallback
                0x08007648       0x28 /media/data/coding/GSoC/AVT/px4+mavlink/Firmware/Build/px4io-v2_default.build/nuttx-export/libs/libnuttx.a(arch-stm32_serial.o)
 .text.up_dma_shutdown
                0x08007670       0x3c /media/data/coding/GSoC/AVT/px4+mavlink/Firmware/Build/px4io-v2_default.build/nuttx-export/libs/libnuttx.a(arch-stm32_serial.o)
 .text.up_rxint
                0x080076ac       0x4c /media/data/coding/GSoC/AVT/px4+mavlink/Firmware/Build/px4io-v2_default.build/nuttx-export/libs/libnuttx.a(arch-stm32_serial.o)
 .text.up_shutdown
                0x080076f8       0x2c /media/data/coding/GSoC/AVT/px4+mavlink/Firmware/Build/px4io-v2_default.build/nuttx-export/libs/libnuttx.a(arch-stm32_serial.o)
 .text.up_txint
                0x08007724       0x84 /media/data/coding/GSoC/AVT/px4+mavlink/Firmware/Build/px4io-v2_default.build/nuttx-export/libs/libnuttx.a(arch-stm32_serial.o)
 .text.up_earlyserialinit
                0x080077a8       0x6c /media/data/coding/GSoC/AVT/px4+mavlink/Firmware/Build/px4io-v2_default.build/nuttx-export/libs/libnuttx.a(arch-stm32_serial.o)
                0x080077a8                up_earlyserialinit
 .text.up_serialinit
                0x08007814       0x94 /media/data/coding/GSoC/AVT/px4+mavlink/Firmware/Build/px4io-v2_default.build/nuttx-export/libs/libnuttx.a(arch-stm32_serial.o)
                0x08007814                up_serialinit
 .text.stm32_serial_dma_poll
                0x080078a8       0x70 /media/data/coding/GSoC/AVT/px4+mavlink/Firmware/Build/px4io-v2_default.build/nuttx-export/libs/libnuttx.a(arch-stm32_serial.o)
                0x080078a8                stm32_serial_dma_poll
 .text.up_putc  0x08007918       0x70 /media/data/coding/GSoC/AVT/px4+mavlink/Firmware/Build/px4io-v2_default.build/nuttx-export/libs/libnuttx.a(arch-stm32_serial.o)
                0x08007918                up_putc
 .text.__start  0x08007988       0xb4 /media/data/coding/GSoC/AVT/px4+mavlink/Firmware/Build/px4io-v2_default.build/nuttx-export/libs/libnuttx.a(arch-stm32_start.o)
                0x08007988                __start
 .text.up_assert
                0x08007a3c      0x208 /media/data/coding/GSoC/AVT/px4+mavlink/Firmware/Build/px4io-v2_default.build/nuttx-export/libs/libnuttx.a(arch-up_assert.o)
                0x08007a3c                up_assert
 .text.up_hardfault
                0x08007c44       0x40 /media/data/coding/GSoC/AVT/px4+mavlink/Firmware/Build/px4io-v2_default.build/nuttx-export/libs/libnuttx.a(arch-up_hardfault.o)
                0x08007c44                up_hardfault
 .text.modifyreg32
                0x08007c84       0x20 /media/data/coding/GSoC/AVT/px4+mavlink/Firmware/Build/px4io-v2_default.build/nuttx-export/libs/libnuttx.a(arch-up_modifyreg32.o)
                0x08007c84                modifyreg32
 .text.up_svcall
                0x08007ca4       0x3c /media/data/coding/GSoC/AVT/px4+mavlink/Firmware/Build/px4io-v2_default.build/nuttx-export/libs/libnuttx.a(arch-up_svcall.o)
                0x08007ca4                up_svcall
 .text.__cxa_atexit
                0x08007ce0        0x4 /media/data/coding/GSoC/AVT/px4+mavlink/Firmware/Build/px4io-v2_default.build/nuttx-export/libs/libnuttx.a(cxx-libxx_cxa_atexit.o)
                0x08007ce0                __cxa_atexit
 .text.__cxa_pure_virtual
                0x08007ce4       0x10 /media/data/coding/GSoC/AVT/px4+mavlink/Firmware/Build/px4io-v2_default.build/nuttx-export/libs/libnuttx.a(cxx-libxx_cxapurevirtual.o)
                0x08007ce4                __cxa_pure_virtual
 .text._ZdlPv   0x08007cf4        0x4 /media/data/coding/GSoC/AVT/px4+mavlink/Firmware/Build/px4io-v2_default.build/nuttx-export/libs/libnuttx.a(cxx-libxx_delete.o)
                0x08007cf4                operator delete(void*)
 .text.__aeabi_atexit
                0x08007cf8        0xc /media/data/coding/GSoC/AVT/px4+mavlink/Firmware/Build/px4io-v2_default.build/nuttx-export/libs/libnuttx.a(cxx-libxx_eabi_atexit.o)
                0x08007cf8                __aeabi_atexit
 .text._Znwj    0x08007d04        0xc /media/data/coding/GSoC/AVT/px4+mavlink/Firmware/Build/px4io-v2_default.build/nuttx-export/libs/libnuttx.a(cxx-libxx_new.o)
                0x08007d04                operator new(unsigned int)
 .text.ioctl    0x08007d10       0x50 /media/data/coding/GSoC/AVT/px4+mavlink/Firmware/Build/px4io-v2_default.build/nuttx-export/libs/libnuttx.a(fs-fs_ioctl.o)
                0x08007d10                ioctl
 .text.open     0x08007d60       0xa4 /media/data/coding/GSoC/AVT/px4+mavlink/Firmware/Build/px4io-v2_default.build/nuttx-export/libs/libnuttx.a(fs-fs_open.o)
                0x08007d60                open
 .text.read     0x08007e04       0x5c /media/data/coding/GSoC/AVT/px4+mavlink/Firmware/Build/px4io-v2_default.build/nuttx-export/libs/libnuttx.a(fs-fs_read.o)
                0x08007e04                read
 .text.uart_xmitchars
                0x08007e60       0x7c /media/data/coding/GSoC/AVT/px4+mavlink/Firmware/Build/px4io-v2_default.build/nuttx-export/libs/libnuttx.a(drivers-serialirq.o)
                0x08007e60                uart_xmitchars
 .text.uart_recvchars
                0x08007edc       0x78 /media/data/coding/GSoC/AVT/px4+mavlink/Firmware/Build/px4io-v2_default.build/nuttx-export/libs/libnuttx.a(drivers-serialirq.o)
                0x08007edc                uart_recvchars
 .text.uart_ioctl
                0x08007f54      0x100 /media/data/coding/GSoC/AVT/px4+mavlink/Firmware/Build/px4io-v2_default.build/nuttx-export/libs/libnuttx.a(drivers-serial.o)
 .text.uart_putxmitchar
                0x08008054       0xac /media/data/coding/GSoC/AVT/px4+mavlink/Firmware/Build/px4io-v2_default.build/nuttx-export/libs/libnuttx.a(drivers-serial.o)
 .text.uart_write
                0x08008100      0x1f0 /media/data/coding/GSoC/AVT/px4+mavlink/Firmware/Build/px4io-v2_default.build/nuttx-export/libs/libnuttx.a(drivers-serial.o)
 .text.uart_close
                0x080082f0       0xb0 /media/data/coding/GSoC/AVT/px4+mavlink/Firmware/Build/px4io-v2_default.build/nuttx-export/libs/libnuttx.a(drivers-serial.o)
 .text.uart_read
                0x080083a0      0x11c /media/data/coding/GSoC/AVT/px4+mavlink/Firmware/Build/px4io-v2_default.build/nuttx-export/libs/libnuttx.a(drivers-serial.o)
 .text.uart_open
                0x080084bc       0xc4 /media/data/coding/GSoC/AVT/px4+mavlink/Firmware/Build/px4io-v2_default.build/nuttx-export/libs/libnuttx.a(drivers-serial.o)
 .text.uart_register
                0x08008580       0x58 /media/data/coding/GSoC/AVT/px4+mavlink/Firmware/Build/px4io-v2_default.build/nuttx-export/libs/libnuttx.a(drivers-serial.o)
                0x08008580                uart_register
 .text.uart_datareceived
                0x080085d8       0x14 /media/data/coding/GSoC/AVT/px4+mavlink/Firmware/Build/px4io-v2_default.build/nuttx-export/libs/libnuttx.a(drivers-serial.o)
                0x080085d8                uart_datareceived
 .text.uart_datasent
                0x080085ec       0x14 /media/data/coding/GSoC/AVT/px4+mavlink/Firmware/Build/px4io-v2_default.build/nuttx-export/libs/libnuttx.a(drivers-serial.o)
                0x080085ec                uart_datasent
 .text.get_errno_ptr
                0x08008600       0x28 /media/data/coding/GSoC/AVT/px4+mavlink/Firmware/Build/px4io-v2_default.build/nuttx-export/libs/libnuttx.a(sched-errno_getptr.o)
                0x08008600                get_errno_ptr
 .text.exit     0x08008628       0x20 /media/data/coding/GSoC/AVT/px4+mavlink/Firmware/Build/px4io-v2_default.build/nuttx-export/libs/libnuttx.a(sched-exit.o)
                0x08008628                exit
 .text.getpid   0x08008648       0x10 /media/data/coding/GSoC/AVT/px4+mavlink/Firmware/Build/px4io-v2_default.build/nuttx-export/libs/libnuttx.a(sched-getpid.o)
                0x08008648                getpid
 .text.os_start
                0x08008658      0x154 /media/data/coding/GSoC/AVT/px4+mavlink/Firmware/Build/px4io-v2_default.build/nuttx-export/libs/libnuttx.a(sched-os_start.o)
                0x08008658                os_start
 .text.sched_garbagecollection
                0x080087ac       0x30 /media/data/coding/GSoC/AVT/px4+mavlink/Firmware/Build/px4io-v2_default.build/nuttx-export/libs/libnuttx.a(sched-sched_garbage.o)
                0x080087ac                sched_garbagecollection
 .text.sched_getfiles
                0x080087dc       0x10 /media/data/coding/GSoC/AVT/px4+mavlink/Firmware/Build/px4io-v2_default.build/nuttx-export/libs/libnuttx.a(sched-sched_getfiles.o)
                0x080087dc                sched_getfiles
 .text.sem_post
                0x080087ec       0x60 /media/data/coding/GSoC/AVT/px4+mavlink/Firmware/Build/px4io-v2_default.build/nuttx-export/libs/libnuttx.a(sched-sem_post.o)
                0x080087ec                sem_post
 .text.sem_trywait
                0x0800884c       0x54 /media/data/coding/GSoC/AVT/px4+mavlink/Firmware/Build/px4io-v2_default.build/nuttx-export/libs/libnuttx.a(sched-sem_trywait.o)
                0x0800884c                sem_trywait
 .text.sem_wait
                0x080088a0       0x9c /media/data/coding/GSoC/AVT/px4+mavlink/Firmware/Build/px4io-v2_default.build/nuttx-export/libs/libnuttx.a(sched-sem_wait.o)
                0x080088a0                sem_wait
 .text.task_exithook
                0x0800893c       0x20 /media/data/coding/GSoC/AVT/px4+mavlink/Firmware/Build/px4io-v2_default.build/nuttx-export/libs/libnuttx.a(sched-task_exithook.o)
                0x0800893c                task_exithook
 .text.task_recover
                0x0800895c       0x28 /media/data/coding/GSoC/AVT/px4+mavlink/Firmware/Build/px4io-v2_default.build/nuttx-export/libs/libnuttx.a(sched-task_recover.o)
                0x0800895c                task_recover
 .text.wd_cancel
                0x08008984       0x74 /media/data/coding/GSoC/AVT/px4+mavlink/Firmware/Build/px4io-v2_default.build/nuttx-export/libs/libnuttx.a(sched-wd_cancel.o)
                0x08008984                wd_cancel
 .text.wd_delete
                0x080089f8       0x40 /media/data/coding/GSoC/AVT/px4+mavlink/Firmware/Build/px4io-v2_default.build/nuttx-export/libs/libnuttx.a(sched-wd_delete.o)
                0x080089f8                wd_delete
 .text.wd_initialize
                0x08008a38       0x54 /media/data/coding/GSoC/AVT/px4+mavlink/Firmware/Build/px4io-v2_default.build/nuttx-export/libs/libnuttx.a(sched-wd_initialize.o)
                0x08008a38                wd_initialize
 .text.dq_addfirst
                0x08008a8c       0x18 /media/data/coding/GSoC/AVT/px4+mavlink/Firmware/Build/px4io-v2_default.build/nuttx-export/libs/libnuttx.a(c-dq_addfirst.o)
                0x08008a8c                dq_addfirst
 .text.cfgetspeed
                0x08008aa4        0x4 /media/data/coding/GSoC/AVT/px4+mavlink/Firmware/Build/px4io-v2_default.build/nuttx-export/libs/libnuttx.a(c-lib_cfgetspeed.o)
                0x08008aa4                cfgetspeed
 .text.lib_checkbase
                0x08008aa8       0x54 /media/data/coding/GSoC/AVT/px4+mavlink/Firmware/Build/px4io-v2_default.build/nuttx-export/libs/libnuttx.a(c-lib_checkbase.o)
                0x08008aa8                lib_checkbase
 .text.lib_isbasedigit
                0x08008afc       0x50 /media/data/coding/GSoC/AVT/px4+mavlink/Firmware/Build/px4io-v2_default.build/nuttx-export/libs/libnuttx.a(c-lib_isbasedigit.o)
                0x08008afc                lib_isbasedigit
 .text.prejustify
                0x08008b4c       0xc4 /media/data/coding/GSoC/AVT/px4+mavlink/Firmware/Build/px4io-v2_default.build/nuttx-export/libs/libnuttx.a(c-lib_libvsprintf.o)
 .text.llutobin
                0x08008c10      0x130 /media/data/coding/GSoC/AVT/px4+mavlink/Firmware/Build/px4io-v2_default.build/nuttx-export/libs/libnuttx.a(c-lib_libvsprintf.o)
 .text.llutooct
                0x08008d40      0x148 /media/data/coding/GSoC/AVT/px4+mavlink/Firmware/Build/px4io-v2_default.build/nuttx-export/libs/libnuttx.a(c-lib_libvsprintf.o)
 .text.utooct   0x08008e88       0xd4 /media/data/coding/GSoC/AVT/px4+mavlink/Firmware/Build/px4io-v2_default.build/nuttx-export/libs/libnuttx.a(c-lib_libvsprintf.o)
 .text.utobin   0x08008f5c       0xd4 /media/data/coding/GSoC/AVT/px4+mavlink/Firmware/Build/px4io-v2_default.build/nuttx-export/libs/libnuttx.a(c-lib_libvsprintf.o)
 .text.llutodec
                0x08009030      0x1c0 /media/data/coding/GSoC/AVT/px4+mavlink/Firmware/Build/px4io-v2_default.build/nuttx-export/libs/libnuttx.a(c-lib_libvsprintf.o)
 .text.utodec   0x080091f0      0x124 /media/data/coding/GSoC/AVT/px4+mavlink/Firmware/Build/px4io-v2_default.build/nuttx-export/libs/libnuttx.a(c-lib_libvsprintf.o)
 .text.utoascii
                0x08009314      0x2d8 /media/data/coding/GSoC/AVT/px4+mavlink/Firmware/Build/px4io-v2_default.build/nuttx-export/libs/libnuttx.a(c-lib_libvsprintf.o)
 .text.llutoascii
                0x080095ec      0x5e8 /media/data/coding/GSoC/AVT/px4+mavlink/Firmware/Build/px4io-v2_default.build/nuttx-export/libs/libnuttx.a(c-lib_libvsprintf.o)
 .text.lib_vsprintf
                0x08009bd4      0x43c /media/data/coding/GSoC/AVT/px4+mavlink/Firmware/Build/px4io-v2_default.build/nuttx-export/libs/libnuttx.a(c-lib_libvsprintf.o)
                0x08009bd4                lib_vsprintf
 .text.lowoutstream_putc
                0x0800a010       0x18 /media/data/coding/GSoC/AVT/px4+mavlink/Firmware/Build/px4io-v2_default.build/nuttx-export/libs/libnuttx.a(c-lib_lowoutstream.o)
 .text.lib_lowoutstream
                0x0800a028       0x10 /media/data/coding/GSoC/AVT/px4+mavlink/Firmware/Build/px4io-v2_default.build/nuttx-export/libs/libnuttx.a(c-lib_lowoutstream.o)
                0x0800a028                lib_lowoutstream
 .text.memoutstream_putc
                0x0800a038       0x1c /media/data/coding/GSoC/AVT/px4+mavlink/Firmware/Build/px4io-v2_default.build/nuttx-export/libs/libnuttx.a(c-lib_memoutstream.o)
 .text.lib_memoutstream
                0x0800a054       0x1c /media/data/coding/GSoC/AVT/px4+mavlink/Firmware/Build/px4io-v2_default.build/nuttx-export/libs/libnuttx.a(c-lib_memoutstream.o)
                0x0800a054                lib_memoutstream
 .text.nulloutstream_putc
                0x0800a070        0x8 /media/data/coding/GSoC/AVT/px4+mavlink/Firmware/Build/px4io-v2_default.build/nuttx-export/libs/libnuttx.a(c-lib_nulloutstream.o)
 .text.lib_nulloutstream
                0x0800a078       0x10 /media/data/coding/GSoC/AVT/px4+mavlink/Firmware/Build/px4io-v2_default.build/nuttx-export/libs/libnuttx.a(c-lib_nulloutstream.o)
                0x0800a078                lib_nulloutstream
 .text.lib_skipspace
                0x0800a088       0x24 /media/data/coding/GSoC/AVT/px4+mavlink/Firmware/Build/px4io-v2_default.build/nuttx-export/libs/libnuttx.a(c-lib_skipspace.o)
                0x0800a088                lib_skipspace
 .text.strlen   0x0800a0ac       0x1c /media/data/coding/GSoC/AVT/px4+mavlink/Firmware/Build/px4io-v2_default.build/nuttx-export/libs/libnuttx.a(c-lib_strlen.o)
                0x0800a0ac                strlen
 .text.sem_init
                0x0800a0c8       0x20 /media/data/coding/GSoC/AVT/px4+mavlink/Firmware/Build/px4io-v2_default.build/nuttx-export/libs/libnuttx.a(c-sem_init.o)
                0x0800a0c8                sem_init
 .text.sq_remafter
                0x0800a0e8       0x24 /media/data/coding/GSoC/AVT/px4+mavlink/Firmware/Build/px4io-v2_default.build/nuttx-export/libs/libnuttx.a(c-sq_remafter.o)
                0x0800a0e8                sq_remafter
 .text.sq_remfirst
                0x0800a10c       0x18 /media/data/coding/GSoC/AVT/px4+mavlink/Firmware/Build/px4io-v2_default.build/nuttx-export/libs/libnuttx.a(c-sq_remfirst.o)
                0x0800a10c                sq_remfirst
 .text.mm_addfreechunk
                0x0800a124       0x58 /media/data/coding/GSoC/AVT/px4+mavlink/Firmware/Build/px4io-v2_default.build/nuttx-export/libs/libnuttx.a(mm-mm_addfreechunk.o)
                0x0800a124                mm_addfreechunk
 .text.mm_initialize
                0x0800a17c       0xf0 /media/data/coding/GSoC/AVT/px4+mavlink/Firmware/Build/px4io-v2_default.build/nuttx-export/libs/libnuttx.a(mm-mm_initialize.o)
                0x0800a17c                mm_initialize
 .text.up_allocate_heap
                0x0800a26c       0x18 /media/data/coding/GSoC/AVT/px4+mavlink/Firmware/Build/px4io-v2_default.build/nuttx-export/libs/libnuttx.a(arch-stm32_allocateheap.o)
                0x0800a26c                up_allocate_heap
 .text.up_idle  0x0800a284        0x4 /media/data/coding/GSoC/AVT/px4+mavlink/Firmware/Build/px4io-v2_default.build/nuttx-export/libs/libnuttx.a(arch-stm32_idle.o)
                0x0800a284                up_idle
 .text.up_lowputc
                0x0800a288       0x1c /media/data/coding/GSoC/AVT/px4+mavlink/Firmware/Build/px4io-v2_default.build/nuttx-export/libs/libnuttx.a(arch-stm32_lowputc.o)
                0x0800a288                up_lowputc
 .text.stm32_lowsetup
                0x0800a2a4       0x78 /media/data/coding/GSoC/AVT/px4+mavlink/Firmware/Build/px4io-v2_default.build/nuttx-export/libs/libnuttx.a(arch-stm32_lowputc.o)
                0x0800a2a4                stm32_lowsetup
 .text.stm32_clockconfig
                0x0800a31c      0x148 /media/data/coding/GSoC/AVT/px4+mavlink/Firmware/Build/px4io-v2_default.build/nuttx-export/libs/libnuttx.a(arch-stm32_rcc.o)
                0x0800a31c                stm32_clockconfig
 .text.up_block_task
                0x0800a464       0x7c /media/data/coding/GSoC/AVT/px4+mavlink/Firmware/Build/px4io-v2_default.build/nuttx-export/libs/libnuttx.a(arch-up_blocktask.o)
                0x0800a464                up_block_task
 .text.up_copystate
                0x0800a4e0       0x30 /media/data/coding/GSoC/AVT/px4+mavlink/Firmware/Build/px4io-v2_default.build/nuttx-export/libs/libnuttx.a(arch-up_copystate.o)
                0x0800a4e0                up_copystate
 .text          0x0800a510       0x5e /media/data/coding/GSoC/AVT/px4+mavlink/Firmware/Build/px4io-v2_default.build/nuttx-export/libs/libnuttx.a(arch-up_exception.o)
                0x0800a510                exception_common
 *fill*         0x0800a56e        0x2 00
 .text._exit    0x0800a570       0x1c /media/data/coding/GSoC/AVT/px4+mavlink/Firmware/Build/px4io-v2_default.build/nuttx-export/libs/libnuttx.a(arch-up_exit.o)
                0x0800a570                _exit
 .text          0x0800a58c        0xa /media/data/coding/GSoC/AVT/px4+mavlink/Firmware/Build/px4io-v2_default.build/nuttx-export/libs/libnuttx.a(arch-up_fullcontextrestore.o)
                0x0800a58c                up_fullcontextrestore
 *fill*         0x0800a596        0x2 00
 .text.up_initialize
                0x0800a598       0x28 /media/data/coding/GSoC/AVT/px4+mavlink/Firmware/Build/px4io-v2_default.build/nuttx-export/libs/libnuttx.a(arch-up_initialize.o)
                0x0800a598                up_initialize
 .text.up_initial_state
                0x0800a5c0       0x2c /media/data/coding/GSoC/AVT/px4+mavlink/Firmware/Build/px4io-v2_default.build/nuttx-export/libs/libnuttx.a(arch-up_initialstate.o)
                0x0800a5c0                up_initial_state
 .text.up_interrupt_context
                0x0800a5ec       0x14 /media/data/coding/GSoC/AVT/px4+mavlink/Firmware/Build/px4io-v2_default.build/nuttx-export/libs/libnuttx.a(arch-up_interruptcontext.o)
                0x0800a5ec                up_interrupt_context
 .text.up_mdelay
                0x0800a600       0x34 /media/data/coding/GSoC/AVT/px4+mavlink/Firmware/Build/px4io-v2_default.build/nuttx-export/libs/libnuttx.a(arch-up_mdelay.o)
                0x0800a600                up_mdelay
 .text          0x0800a634        0xc /media/data/coding/GSoC/AVT/px4+mavlink/Firmware/Build/px4io-v2_default.build/nuttx-export/libs/libnuttx.a(arch-up_switchcontext.o)
                0x0800a634                up_switchcontext
 .text.up_unblock_task
                0x0800a640       0x5c /media/data/coding/GSoC/AVT/px4+mavlink/Firmware/Build/px4io-v2_default.build/nuttx-export/libs/libnuttx.a(arch-up_unblocktask.o)
                0x0800a640                up_unblock_task
 .text.files_initialize
                0x0800a69c        0x4 /media/data/coding/GSoC/AVT/px4+mavlink/Firmware/Build/px4io-v2_default.build/nuttx-export/libs/libnuttx.a(fs-fs_files.o)
                0x0800a69c                files_initialize
 .text.files_initlist
                0x0800a6a0        0x8 /media/data/coding/GSoC/AVT/px4+mavlink/Firmware/Build/px4io-v2_default.build/nuttx-export/libs/libnuttx.a(fs-fs_files.o)
                0x0800a6a0                files_initlist
 .text.files_releaselist
                0x0800a6a8      0x10c /media/data/coding/GSoC/AVT/px4+mavlink/Firmware/Build/px4io-v2_default.build/nuttx-export/libs/libnuttx.a(fs-fs_files.o)
                0x0800a6a8                files_releaselist
 .text.files_dup
                0x0800a7b4       0xe0 /media/data/coding/GSoC/AVT/px4+mavlink/Firmware/Build/px4io-v2_default.build/nuttx-export/libs/libnuttx.a(fs-fs_files.o)
                0x0800a7b4                files_dup
 .text.files_allocate
                0x0800a894       0x9c /media/data/coding/GSoC/AVT/px4+mavlink/Firmware/Build/px4io-v2_default.build/nuttx-export/libs/libnuttx.a(fs-fs_files.o)
                0x0800a894                files_allocate
 .text.files_close
                0x0800a930       0x84 /media/data/coding/GSoC/AVT/px4+mavlink/Firmware/Build/px4io-v2_default.build/nuttx-export/libs/libnuttx.a(fs-fs_files.o)
                0x0800a930                files_close
 .text.files_release
                0x0800a9b4       0x48 /media/data/coding/GSoC/AVT/px4+mavlink/Firmware/Build/px4io-v2_default.build/nuttx-export/libs/libnuttx.a(fs-fs_files.o)
                0x0800a9b4                files_release
 .text.inode_addref
                0x0800a9fc       0x1c /media/data/coding/GSoC/AVT/px4+mavlink/Firmware/Build/px4io-v2_default.build/nuttx-export/libs/libnuttx.a(fs-fs_inodeaddref.o)
                0x0800a9fc                inode_addref
 .text.inode_find
                0x0800aa18       0x38 /media/data/coding/GSoC/AVT/px4+mavlink/Firmware/Build/px4io-v2_default.build/nuttx-export/libs/libnuttx.a(fs-fs_inodefind.o)
                0x0800aa18                inode_find
 .text.fs_initialize
                0x0800aa50       0x20 /media/data/coding/GSoC/AVT/px4+mavlink/Firmware/Build/px4io-v2_default.build/nuttx-export/libs/libnuttx.a(fs-fs_inode.o)
                0x0800aa50                fs_initialize
 .text.inode_semtake
                0x0800aa70       0x2c /media/data/coding/GSoC/AVT/px4+mavlink/Firmware/Build/px4io-v2_default.build/nuttx-export/libs/libnuttx.a(fs-fs_inode.o)
                0x0800aa70                inode_semtake
 .text.inode_semgive
                0x0800aa9c        0xc /media/data/coding/GSoC/AVT/px4+mavlink/Firmware/Build/px4io-v2_default.build/nuttx-export/libs/libnuttx.a(fs-fs_inode.o)
                0x0800aa9c                inode_semgive
 .text.inode_search
                0x0800aaa8       0xf4 /media/data/coding/GSoC/AVT/px4+mavlink/Firmware/Build/px4io-v2_default.build/nuttx-export/libs/libnuttx.a(fs-fs_inode.o)
                0x0800aaa8                inode_search
 .text.inode_free
                0x0800ab9c      0x5d0 /media/data/coding/GSoC/AVT/px4+mavlink/Firmware/Build/px4io-v2_default.build/nuttx-export/libs/libnuttx.a(fs-fs_inode.o)
                0x0800ab9c                inode_free
 .text.inode_nextname
                0x0800b16c       0x20 /media/data/coding/GSoC/AVT/px4+mavlink/Firmware/Build/px4io-v2_default.build/nuttx-export/libs/libnuttx.a(fs-fs_inode.o)
                0x0800b16c                inode_nextname
 .text.inode_release
                0x0800b18c       0x40 /media/data/coding/GSoC/AVT/px4+mavlink/Firmware/Build/px4io-v2_default.build/nuttx-export/libs/libnuttx.a(fs-fs_inoderelease.o)
                0x0800b18c                inode_release
 .text.register_driver
                0x0800b1cc       0x38 /media/data/coding/GSoC/AVT/px4+mavlink/Firmware/Build/px4io-v2_default.build/nuttx-export/libs/libnuttx.a(fs-fs_registerdriver.o)
                0x0800b1cc                register_driver
 .text.group_allocate
                0x0800b204       0x18 /media/data/coding/GSoC/AVT/px4+mavlink/Firmware/Build/px4io-v2_default.build/nuttx-export/libs/libnuttx.a(sched-group_create.o)
                0x0800b204                group_allocate
 .text.group_initialize
                0x0800b21c        0xc /media/data/coding/GSoC/AVT/px4+mavlink/Firmware/Build/px4io-v2_default.build/nuttx-export/libs/libnuttx.a(sched-group_create.o)
                0x0800b21c                group_initialize
 .text.group_leave
                0x0800b228       0x28 /media/data/coding/GSoC/AVT/px4+mavlink/Firmware/Build/px4io-v2_default.build/nuttx-export/libs/libnuttx.a(sched-group_leave.o)
                0x0800b228                group_leave
 .text.group_setupidlefiles
                0x0800b250       0x40 /media/data/coding/GSoC/AVT/px4+mavlink/Firmware/Build/px4io-v2_default.build/nuttx-export/libs/libnuttx.a(sched-group_setupidlefiles.o)
                0x0800b250                group_setupidlefiles
 .text.os_bringup
                0x0800b290       0x34 /media/data/coding/GSoC/AVT/px4+mavlink/Firmware/Build/px4io-v2_default.build/nuttx-export/libs/libnuttx.a(sched-os_bringup.o)
                0x0800b290                os_bringup
 .text.sched_addblocked
                0x0800b2c4       0x40 /media/data/coding/GSoC/AVT/px4+mavlink/Firmware/Build/px4io-v2_default.build/nuttx-export/libs/libnuttx.a(sched-sched_addblocked.o)
                0x0800b2c4                sched_addblocked
 .text.sched_addprioritized
                0x0800b304       0x60 /media/data/coding/GSoC/AVT/px4+mavlink/Firmware/Build/px4io-v2_default.build/nuttx-export/libs/libnuttx.a(sched-sched_addprioritized.o)
                0x0800b304                sched_addprioritized
 .text.sched_addreadytorun
                0x0800b364       0x60 /media/data/coding/GSoC/AVT/px4+mavlink/Firmware/Build/px4io-v2_default.build/nuttx-export/libs/libnuttx.a(sched-sched_addreadytorun.o)
                0x0800b364                sched_addreadytorun
 .text.sched_ufree
                0x0800b3c4       0x3c /media/data/coding/GSoC/AVT/px4+mavlink/Firmware/Build/px4io-v2_default.build/nuttx-export/libs/libnuttx.a(sched-sched_free.o)
                0x0800b3c4                sched_ufree
 .text.sched_mergepending
                0x0800b400       0x84 /media/data/coding/GSoC/AVT/px4+mavlink/Firmware/Build/px4io-v2_default.build/nuttx-export/libs/libnuttx.a(sched-sched_mergepending.o)
                0x0800b400                sched_mergepending
 .text.sched_removeblocked
                0x0800b484       0x30 /media/data/coding/GSoC/AVT/px4+mavlink/Firmware/Build/px4io-v2_default.build/nuttx-export/libs/libnuttx.a(sched-sched_removeblocked.o)
                0x0800b484                sched_removeblocked
 .text.sched_removereadytorun
                0x0800b4b4       0x44 /media/data/coding/GSoC/AVT/px4+mavlink/Firmware/Build/px4io-v2_default.build/nuttx-export/libs/libnuttx.a(sched-sched_removereadytorun.o)
                0x0800b4b4                sched_removereadytorun
 .text.sem_destroy
                0x0800b4f8       0x28 /media/data/coding/GSoC/AVT/px4+mavlink/Firmware/Build/px4io-v2_default.build/nuttx-export/libs/libnuttx.a(sched-sem_destroy.o)
                0x0800b4f8                sem_destroy
 .text.thread_create
                0x0800b520       0xa8 /media/data/coding/GSoC/AVT/px4+mavlink/Firmware/Build/px4io-v2_default.build/nuttx-export/libs/libnuttx.a(sched-task_create.o)
 .text.task_create
                0x0800b5c8       0x20 /media/data/coding/GSoC/AVT/px4+mavlink/Firmware/Build/px4io-v2_default.build/nuttx-export/libs/libnuttx.a(sched-task_create.o)
                0x0800b5c8                task_create
 .text.task_exit
                0x0800b5e8       0x4c /media/data/coding/GSoC/AVT/px4+mavlink/Firmware/Build/px4io-v2_default.build/nuttx-export/libs/libnuttx.a(sched-task_exit.o)
                0x0800b5e8                task_exit
 .text.task_schedsetup
                0x0800b634      0x11c /media/data/coding/GSoC/AVT/px4+mavlink/Firmware/Build/px4io-v2_default.build/nuttx-export/libs/libnuttx.a(sched-task_setup.o)
                0x0800b634                task_schedsetup
 .text.task_argsetup
                0x0800b750       0x9c /media/data/coding/GSoC/AVT/px4+mavlink/Firmware/Build/px4io-v2_default.build/nuttx-export/libs/libnuttx.a(sched-task_setup.o)
                0x0800b750                task_argsetup
 .text.task_start
                0x0800b7ec       0x40 /media/data/coding/GSoC/AVT/px4+mavlink/Firmware/Build/px4io-v2_default.build/nuttx-export/libs/libnuttx.a(sched-task_start.o)
                0x0800b7ec                task_start
 .text.task_terminate
                0x0800b82c       0x78 /media/data/coding/GSoC/AVT/px4+mavlink/Firmware/Build/px4io-v2_default.build/nuttx-export/libs/libnuttx.a(sched-task_terminate.o)
                0x0800b82c                task_terminate
 .text.dq_addlast
                0x0800b8a4       0x1c /media/data/coding/GSoC/AVT/px4+mavlink/Firmware/Build/px4io-v2_default.build/nuttx-export/libs/libnuttx.a(c-dq_addlast.o)
                0x0800b8a4                dq_addlast
 .text.dq_rem   0x0800b8c0       0x24 /media/data/coding/GSoC/AVT/px4+mavlink/Firmware/Build/px4io-v2_default.build/nuttx-export/libs/libnuttx.a(c-dq_rem.o)
                0x0800b8c0                dq_rem
 .text.strdup   0x0800b8e4       0x1c /media/data/coding/GSoC/AVT/px4+mavlink/Firmware/Build/px4io-v2_default.build/nuttx-export/libs/libnuttx.a(c-lib_strdup.o)
                0x0800b8e4                strdup
 .text.up_timerisr
                0x0800b900        0xc /media/data/coding/GSoC/AVT/px4+mavlink/Firmware/Build/px4io-v2_default.build/nuttx-export/libs/libnuttx.a(arch-stm32_timerisr.o)
                0x0800b900                up_timerisr
 .text.up_timerinit
                0x0800b90c       0x50 /media/data/coding/GSoC/AVT/px4+mavlink/Firmware/Build/px4io-v2_default.build/nuttx-export/libs/libnuttx.a(arch-stm32_timerisr.o)
                0x0800b90c                up_timerinit
 .text.up_create_stack
                0x0800b95c       0x44 /media/data/coding/GSoC/AVT/px4+mavlink/Firmware/Build/px4io-v2_default.build/nuttx-export/libs/libnuttx.a(arch-up_createstack.o)
                0x0800b95c                up_create_stack
 .text.up_doirq
                0x0800b9a0       0x2c /media/data/coding/GSoC/AVT/px4+mavlink/Firmware/Build/px4io-v2_default.build/nuttx-export/libs/libnuttx.a(arch-up_doirq.o)
                0x0800b9a0                up_doirq
 .text.up_release_stack
                0x0800b9cc       0x18 /media/data/coding/GSoC/AVT/px4+mavlink/Firmware/Build/px4io-v2_default.build/nuttx-export/libs/libnuttx.a(arch-up_releasestack.o)
                0x0800b9cc                up_release_stack
 .text.close    0x0800b9e4       0x24 /media/data/coding/GSoC/AVT/px4+mavlink/Firmware/Build/px4io-v2_default.build/nuttx-export/libs/libnuttx.a(fs-fs_close.o)
                0x0800b9e4                close
 .text.dup2     0x0800ba08       0x50 /media/data/coding/GSoC/AVT/px4+mavlink/Firmware/Build/px4io-v2_default.build/nuttx-export/libs/libnuttx.a(fs-fs_filedup2.o)
                0x0800ba08                dup2
 .text.inode_reserve
                0x0800ba58      0x15c /media/data/coding/GSoC/AVT/px4+mavlink/Firmware/Build/px4io-v2_default.build/nuttx-export/libs/libnuttx.a(fs-fs_inodereserve.o)
                0x0800ba58                inode_reserve
 .text.group_setuptaskfiles
                0x0800bbb4       0x10 /media/data/coding/GSoC/AVT/px4+mavlink/Firmware/Build/px4io-v2_default.build/nuttx-export/libs/libnuttx.a(sched-group_setuptaskfiles.o)
                0x0800bbb4                group_setuptaskfiles
 .text.irq_dispatch
                0x0800bbc4       0x28 /media/data/coding/GSoC/AVT/px4+mavlink/Firmware/Build/px4io-v2_default.build/nuttx-export/libs/libnuttx.a(sched-irq_dispatch.o)
                0x0800bbc4                irq_dispatch
 .text.sched_gettcb
                0x0800bbec       0x28 /media/data/coding/GSoC/AVT/px4+mavlink/Firmware/Build/px4io-v2_default.build/nuttx-export/libs/libnuttx.a(sched-sched_gettcb.o)
                0x0800bbec                sched_gettcb
 .text.sched_lock
                0x0800bc14       0x30 /media/data/coding/GSoC/AVT/px4+mavlink/Firmware/Build/px4io-v2_default.build/nuttx-export/libs/libnuttx.a(sched-sched_lock.o)
                0x0800bc14                sched_lock
 .text.sched_process_timer
                0x0800bc44       0x1c /media/data/coding/GSoC/AVT/px4+mavlink/Firmware/Build/px4io-v2_default.build/nuttx-export/libs/libnuttx.a(sched-sched_processtimer.o)
                0x0800bc44                sched_process_timer
 .text.sched_releasetcb
                0x0800bc60       0x68 /media/data/coding/GSoC/AVT/px4+mavlink/Firmware/Build/px4io-v2_default.build/nuttx-export/libs/libnuttx.a(sched-sched_releasetcb.o)
                0x0800bc60                sched_releasetcb
 .text.sched_unlock
                0x0800bcc8       0x50 /media/data/coding/GSoC/AVT/px4+mavlink/Firmware/Build/px4io-v2_default.build/nuttx-export/libs/libnuttx.a(sched-sched_unlock.o)
                0x0800bcc8                sched_unlock
 .text.task_activate
                0x0800bd18       0x18 /media/data/coding/GSoC/AVT/px4+mavlink/Firmware/Build/px4io-v2_default.build/nuttx-export/libs/libnuttx.a(sched-task_activate.o)
                0x0800bd18                task_activate
 .text.strcpy   0x0800bd30       0x10 /media/data/coding/GSoC/AVT/px4+mavlink/Firmware/Build/px4io-v2_default.build/nuttx-export/libs/libnuttx.a(c-lib_strcpy.o)
                0x0800bd30                strcpy
 .text.up_release_pending
                0x0800bd40       0x3c /media/data/coding/GSoC/AVT/px4+mavlink/Firmware/Build/px4io-v2_default.build/nuttx-export/libs/libnuttx.a(arch-up_releasepending.o)
                0x0800bd40                up_release_pending
 .text          0x0800bd7c      0x21c /home/avnishks/gcc-arm-none-eabi-4_6-2012q2/bin/../lib/gcc/arm-none-eabi/4.6.2/armv7-m/libgcc.a(_arm_addsubsf3.o)
                0x0800bd7c                __aeabi_frsub
                0x0800bd84                __subsf3
                0x0800bd84                __aeabi_fsub
                0x0800bd88                __aeabi_fadd
                0x0800bd88                __addsf3
                0x0800bee8                __aeabi_ui2f
                0x0800bee8                __floatunsisf
                0x0800bef0                __aeabi_i2f
                0x0800bef0                __floatsisf
                0x0800bf0c                __floatundisf
                0x0800bf0c                __aeabi_ul2f
                0x0800bf1c                __floatdisf
                0x0800bf1c                __aeabi_l2f
 .text          0x0800bf98      0x2a0 /home/avnishks/gcc-arm-none-eabi-4_6-2012q2/bin/../lib/gcc/arm-none-eabi/4.6.2/armv7-m/libgcc.a(_arm_muldivsf3.o)
                0x0800bf98                __mulsf3
                0x0800bf98                __aeabi_fmul
                0x0800c100                __divsf3
                0x0800c100                __aeabi_fdiv
 .text          0x0800c238       0xec /home/avnishks/gcc-arm-none-eabi-4_6-2012q2/bin/../lib/gcc/arm-none-eabi/4.6.2/armv7-m/libgcc.a(_arm_cmpsf2.o)
                0x0800c238                __gtsf2
                0x0800c238                __gesf2
                0x0800c240                __lesf2
                0x0800c240                __ltsf2
                0x0800c248                __nesf2
                0x0800c248                __eqsf2
                0x0800c248                __cmpsf2
                0x0800c2a8                __aeabi_cfrcmple
                0x0800c2b0                __aeabi_cfcmple
                0x0800c2b0                __aeabi_cfcmpeq
                0x0800c2c0                __aeabi_fcmpeq
                0x0800c2d4                __aeabi_fcmplt
                0x0800c2e8                __aeabi_fcmple
                0x0800c2fc                __aeabi_fcmpge
                0x0800c310                __aeabi_fcmpgt
 .text          0x0800c324       0x4c /home/avnishks/gcc-arm-none-eabi-4_6-2012q2/bin/../lib/gcc/arm-none-eabi/4.6.2/armv7-m/libgcc.a(_arm_fixsfsi.o)
                0x0800c324                __fixsfsi
                0x0800c324                __aeabi_f2iz
 .text          0x0800c370       0x40 /home/avnishks/gcc-arm-none-eabi-4_6-2012q2/bin/../lib/gcc/arm-none-eabi/4.6.2/armv7-m/libgcc.a(_arm_fixunssfsi.o)
                0x0800c370                __aeabi_f2uiz
                0x0800c370                __fixunssfsi
 .text          0x0800c3b0       0x2c /home/avnishks/gcc-arm-none-eabi-4_6-2012q2/bin/../lib/gcc/arm-none-eabi/4.6.2/armv7-m/libgcc.a(_aeabi_uldivmod.o)
                0x0800c3b0                __aeabi_uldivmod
 .text          0x0800c3dc       0x5c /home/avnishks/gcc-arm-none-eabi-4_6-2012q2/bin/../lib/gcc/arm-none-eabi/4.6.2/armv7-m/libgcc.a(bpabi.o)
                0x0800c3dc                __gnu_ldivmod_helper
                0x0800c40c                __gnu_uldivmod_helper
 .text          0x0800c438      0xb4c /home/avnishks/gcc-arm-none-eabi-4_6-2012q2/bin/../lib/gcc/arm-none-eabi/4.6.2/armv7-m/libgcc.a(unwind-arm.o)
                0x0800c6e0                _Unwind_VRS_Get
                0x0800c720                _Unwind_VRS_Set
                0x0800ca78                __aeabi_unwind_cpp_pr2
                0x0800ca7c                __aeabi_unwind_cpp_pr1
                0x0800ca80                __aeabi_unwind_cpp_pr0
                0x0800ca84                _Unwind_VRS_Pop
                0x0800ce38                _Unwind_GetCFA
                0x0800ce3c                __gnu_Unwind_RaiseException
                0x0800ce9c                __gnu_Unwind_ForcedUnwind
                0x0800ceb0                __gnu_Unwind_Resume
                0x0800ceec                __gnu_Unwind_Resume_or_Rethrow
                0x0800cefc                _Unwind_Complete
                0x0800cf00                _Unwind_DeleteException
                0x0800cf10                __gnu_Unwind_Backtrace
 .text          0x0800cf84      0x1ac /home/avnishks/gcc-arm-none-eabi-4_6-2012q2/bin/../lib/gcc/arm-none-eabi/4.6.2/armv7-m/libgcc.a(libunwind.o)
                0x0800cf84                __restore_core_regs
                0x0800cf84                restore_core_regs
                0x0800cf9c                __gnu_Unwind_Restore_VFP
                0x0800cfa4                __gnu_Unwind_Save_VFP
                0x0800cfac                __gnu_Unwind_Restore_VFP_D
                0x0800cfb4                __gnu_Unwind_Save_VFP_D
                0x0800cfbc                __gnu_Unwind_Restore_VFP_D_16_to_31
                0x0800cfc4                __gnu_Unwind_Save_VFP_D_16_to_31
                0x0800cfcc                __gnu_Unwind_Restore_WMMXD
                0x0800d010                __gnu_Unwind_Save_WMMXD
                0x0800d054                __gnu_Unwind_Restore_WMMXC
                0x0800d068                __gnu_Unwind_Save_WMMXC
                0x0800d07c                ___Unwind_RaiseException
                0x0800d07c                _Unwind_RaiseException
                0x0800d0a0                ___Unwind_Resume
                0x0800d0a0                _Unwind_Resume
                0x0800d0c4                _Unwind_Resume_or_Rethrow
                0x0800d0c4                ___Unwind_Resume_or_Rethrow
                0x0800d0e8                ___Unwind_ForcedUnwind
                0x0800d0e8                _Unwind_ForcedUnwind
                0x0800d10c                _Unwind_Backtrace
                0x0800d10c                ___Unwind_Backtrace
 .text          0x0800d130      0x378 /home/avnishks/gcc-arm-none-eabi-4_6-2012q2/bin/../lib/gcc/arm-none-eabi/4.6.2/armv7-m/libgcc.a(pr-support.o)
                0x0800d184                __gnu_unwind_execute
                0x0800d450                __gnu_unwind_frame
                0x0800d478                _Unwind_GetRegionStart
                0x0800d484                _Unwind_GetLanguageSpecificData
                0x0800d498                _Unwind_GetDataRelBase
                0x0800d4a0                _Unwind_GetTextRelBase
 .text          0x0800d4a8        0x4 /home/avnishks/gcc-arm-none-eabi-4_6-2012q2/bin/../lib/gcc/arm-none-eabi/4.6.2/armv7-m/libgcc.a(_dvmd_tls.o)
                0x0800d4a8                __aeabi_ldiv0
                0x0800d4a8                __aeabi_idiv0
 .text          0x0800d4ac      0x2c8 /home/avnishks/gcc-arm-none-eabi-4_6-2012q2/bin/../lib/gcc/arm-none-eabi/4.6.2/armv7-m/libgcc.a(_divdi3.o)
                0x0800d4ac                __divdi3
 .text          0x0800d774      0x298 /home/avnishks/gcc-arm-none-eabi-4_6-2012q2/bin/../lib/gcc/arm-none-eabi/4.6.2/armv7-m/libgcc.a(_udivdi3.o)
                0x0800d774                __udivdi3
 *(.fixup)
 *(.gnu.warning)
 *(.rodata .rodata.*)
 .rodata.pwm_channels
                0x0800da0c       0x40 /media/data/coding/GSoC/AVT/px4+mavlink/Firmware/Build/px4io-v2_default.build//media/data/coding/GSoC/AVT/px4+mavlink/Firmware/src/drivers/boards/px4io-v2/module.pre.o
                0x0800da0c                pwm_channels
 .rodata.pwm_timers
                0x0800da4c       0x40 /media/data/coding/GSoC/AVT/px4+mavlink/Firmware/Build/px4io-v2_default.build//media/data/coding/GSoC/AVT/px4+mavlink/Firmware/src/drivers/boards/px4io-v2/module.pre.o
                0x0800da4c                pwm_timers
 .rodata.str1.4
                0x0800da8c      0x31b /media/data/coding/GSoC/AVT/px4+mavlink/Firmware/Build/px4io-v2_default.build//media/data/coding/GSoC/AVT/px4+mavlink/Firmware/src/modules/px4iofirmware/module.pre.o
                                0x31c (size before relaxing)
 *fill*         0x0800dda7        0x1 00
 .rodata.r_page_config
                0x0800dda8       0x14 /media/data/coding/GSoC/AVT/px4+mavlink/Firmware/Build/px4io-v2_default.build//media/data/coding/GSoC/AVT/px4+mavlink/Firmware/src/modules/px4iofirmware/module.pre.o
 *fill*         0x0800ddbc        0x4 00
 .rodata._ZTV5Mixer
                0x0800ddc0       0x18 /media/data/coding/GSoC/AVT/px4+mavlink/Firmware/Build/px4io-v2_default.build//media/data/coding/GSoC/AVT/px4+mavlink/Firmware/src/modules/px4iofirmware/module.pre.o
                0x0800ddc0                vtable for Mixer
 .rodata._ZTV9NullMixer
                0x0800ddd8       0x18 /media/data/coding/GSoC/AVT/px4+mavlink/Firmware/Build/px4io-v2_default.build//media/data/coding/GSoC/AVT/px4+mavlink/Firmware/src/modules/px4iofirmware/module.pre.o
                0x0800ddd8                vtable for NullMixer
 .rodata._ZTV10MixerGroup
                0x0800ddf0       0x18 /media/data/coding/GSoC/AVT/px4+mavlink/Firmware/Build/px4io-v2_default.build//media/data/coding/GSoC/AVT/px4+mavlink/Firmware/src/modules/px4iofirmware/module.pre.o
                0x0800ddf0                vtable for MixerGroup
 .rodata._ZN12_GLOBAL__N_1L13_config_hex_xE
                0x0800de08       0x48 /media/data/coding/GSoC/AVT/px4+mavlink/Firmware/Build/px4io-v2_default.build//media/data/coding/GSoC/AVT/px4+mavlink/Firmware/src/modules/px4iofirmware/module.pre.o
 .rodata._ZN12_GLOBAL__N_1L14_config_octa_xE
                0x0800de50       0x60 /media/data/coding/GSoC/AVT/px4+mavlink/Firmware/Build/px4io-v2_default.build//media/data/coding/GSoC/AVT/px4+mavlink/Firmware/src/modules/px4iofirmware/module.pre.o
 .rodata._ZN12_GLOBAL__N_1L19_config_rotor_countE
                0x0800deb0       0x20 /media/data/coding/GSoC/AVT/px4+mavlink/Firmware/Build/px4io-v2_default.build//media/data/coding/GSoC/AVT/px4+mavlink/Firmware/src/modules/px4iofirmware/module.pre.o
 .rodata._ZN12_GLOBAL__N_1L16_config_hex_plusE
                0x0800ded0       0x48 /media/data/coding/GSoC/AVT/px4+mavlink/Firmware/Build/px4io-v2_default.build//media/data/coding/GSoC/AVT/px4+mavlink/Firmware/src/modules/px4iofirmware/module.pre.o
 .rodata._ZN12_GLOBAL__N_1L17_config_octa_plusE
                0x0800df18       0x60 /media/data/coding/GSoC/AVT/px4+mavlink/Firmware/Build/px4io-v2_default.build//media/data/coding/GSoC/AVT/px4+mavlink/Firmware/src/modules/px4iofirmware/module.pre.o
 .rodata._ZN12_GLOBAL__N_1L17_config_quad_plusE
                0x0800df78       0x30 /media/data/coding/GSoC/AVT/px4+mavlink/Firmware/Build/px4io-v2_default.build//media/data/coding/GSoC/AVT/px4+mavlink/Firmware/src/modules/px4iofirmware/module.pre.o
 .rodata._ZN12_GLOBAL__N_113_config_indexE
                0x0800dfa8       0x20 /media/data/coding/GSoC/AVT/px4+mavlink/Firmware/Build/px4io-v2_default.build//media/data/coding/GSoC/AVT/px4+mavlink/Firmware/src/modules/px4iofirmware/module.pre.o
 .rodata._ZN12_GLOBAL__N_1L17_config_quad_wideE
                0x0800dfc8       0x30 /media/data/coding/GSoC/AVT/px4+mavlink/Firmware/Build/px4io-v2_default.build//media/data/coding/GSoC/AVT/px4+mavlink/Firmware/src/modules/px4iofirmware/module.pre.o
 .rodata._ZN12_GLOBAL__N_1L14_config_quad_vE
                0x0800dff8       0x30 /media/data/coding/GSoC/AVT/px4+mavlink/Firmware/Build/px4io-v2_default.build//media/data/coding/GSoC/AVT/px4+mavlink/Firmware/src/modules/px4iofirmware/module.pre.o
 .rodata._ZN12_GLOBAL__N_1L14_config_quad_xE
                0x0800e028       0x30 /media/data/coding/GSoC/AVT/px4+mavlink/Firmware/Build/px4io-v2_default.build//media/data/coding/GSoC/AVT/px4+mavlink/Firmware/src/modules/px4iofirmware/module.pre.o
 .rodata._ZTV15MultirotorMixer
                0x0800e058       0x18 /media/data/coding/GSoC/AVT/px4+mavlink/Firmware/Build/px4io-v2_default.build//media/data/coding/GSoC/AVT/px4+mavlink/Firmware/src/modules/px4iofirmware/module.pre.o
                0x0800e058                vtable for MultirotorMixer
 .rodata._ZTV11SimpleMixer
                0x0800e070       0x18 /media/data/coding/GSoC/AVT/px4+mavlink/Firmware/Build/px4io-v2_default.build//media/data/coding/GSoC/AVT/px4+mavlink/Firmware/src/modules/px4iofirmware/module.pre.o
                0x0800e070                vtable for SimpleMixer
 .rodata.crc8_tab
                0x0800e088      0x100 /media/data/coding/GSoC/AVT/px4+mavlink/Firmware/Build/px4io-v2_default.build//media/data/coding/GSoC/AVT/px4+mavlink/Firmware/src/modules/px4iofirmware/module.pre.o
 .rodata.str1.4
                0x0800e188       0x14 /media/data/coding/GSoC/AVT/px4+mavlink/Firmware/Build/px4io-v2_default.build/nuttx-export/libs/libnuttx.a(sched-irq_unexpectedisr.o)
 .rodata.str1.4
                0x0800e19c       0x16 /media/data/coding/GSoC/AVT/px4+mavlink/Firmware/Build/px4io-v2_default.build/nuttx-export/libs/libnuttx.a(c-lib_sscanf.o)
                                 0x18 (size before relaxing)
 *fill*         0x0800e1b2        0x2 00
 .rodata.spaces
                0x0800e1b4        0x8 /media/data/coding/GSoC/AVT/px4+mavlink/Firmware/Build/px4io-v2_default.build/nuttx-export/libs/libnuttx.a(c-lib_sscanf.o)
 .rodata.str1.4
                0x0800e1bc        0x9 /media/data/coding/GSoC/AVT/px4+mavlink/Firmware/Build/px4io-v2_default.build/nuttx-export/libs/libnuttx.a(mm-mm_sem.o)
                                  0xc (size before relaxing)
 *fill*         0x0800e1c5        0x3 00
 .rodata.str1.4
                0x0800e1c8       0x17 /media/data/coding/GSoC/AVT/px4+mavlink/Firmware/Build/px4io-v2_default.build/nuttx-export/libs/libnuttx.a(arch-stm32_dma.o)
                                 0x18 (size before relaxing)
 *fill*         0x0800e1df        0x1 00
 .rodata.g_gpiobase
                0x0800e1e0       0x10 /media/data/coding/GSoC/AVT/px4+mavlink/Firmware/Build/px4io-v2_default.build/nuttx-export/libs/libnuttx.a(arch-stm32_gpio.o)
                0x0800e1e0                g_gpiobase
 .rodata.str1.4
                0x0800e1f0       0x1b /media/data/coding/GSoC/AVT/px4+mavlink/Firmware/Build/px4io-v2_default.build/nuttx-export/libs/libnuttx.a(arch-stm32_serial.o)
                                 0x28 (size before relaxing)
 *fill*         0x0800e20b        0x1 00
 .rodata.g_uart_dma_ops
                0x0800e20c       0x30 /media/data/coding/GSoC/AVT/px4+mavlink/Firmware/Build/px4io-v2_default.build/nuttx-export/libs/libnuttx.a(arch-stm32_serial.o)
 .rodata.g_uart_ops
                0x0800e23c       0x30 /media/data/coding/GSoC/AVT/px4+mavlink/Firmware/Build/px4io-v2_default.build/nuttx-export/libs/libnuttx.a(arch-stm32_serial.o)
 .rodata.str1.4
                0x0800e26c      0x16e /media/data/coding/GSoC/AVT/px4+mavlink/Firmware/Build/px4io-v2_default.build/nuttx-export/libs/libnuttx.a(arch-up_assert.o)
                                0x170 (size before relaxing)
 *fill*         0x0800e3da        0x2 00
 .rodata.str1.4
                0x0800e3dc       0x17 /media/data/coding/GSoC/AVT/px4+mavlink/Firmware/Build/px4io-v2_default.build/nuttx-export/libs/libnuttx.a(arch-up_hardfault.o)
                                 0x18 (size before relaxing)
 *fill*         0x0800e3f3        0x1 00
 .rodata.str1.4
                0x0800e3f4       0x19 /media/data/coding/GSoC/AVT/px4+mavlink/Firmware/Build/px4io-v2_default.build/nuttx-export/libs/libnuttx.a(cxx-libxx_cxapurevirtual.o)
                                 0x1c (size before relaxing)
 *fill*         0x0800e40d        0x3 00
 .rodata.str1.4
                0x0800e410       0x10 /media/data/coding/GSoC/AVT/px4+mavlink/Firmware/Build/px4io-v2_default.build/nuttx-export/libs/libnuttx.a(drivers-serial.o)
 .rodata.g_serialops
                0x0800e420       0x18 /media/data/coding/GSoC/AVT/px4+mavlink/Firmware/Build/px4io-v2_default.build/nuttx-export/libs/libnuttx.a(drivers-serial.o)
 .rodata.g_idlename
                0x0800e438        0xc /media/data/coding/GSoC/AVT/px4+mavlink/Firmware/Build/px4io-v2_default.build/nuttx-export/libs/libnuttx.a(sched-os_start.o)
 .rodata.g_tasklisttable
                0x0800e444       0x30 /media/data/coding/GSoC/AVT/px4+mavlink/Firmware/Build/px4io-v2_default.build/nuttx-export/libs/libnuttx.a(sched-os_start.o)
                0x0800e444                g_tasklisttable
 .rodata.str1.4
                0x0800e474        0xb /media/data/coding/GSoC/AVT/px4+mavlink/Firmware/Build/px4io-v2_default.build/nuttx-export/libs/libnuttx.a(sched-sem_post.o)
                                  0xc (size before relaxing)
 *fill*         0x0800e47f        0x1 00
 .rodata.str1.4
                0x0800e480        0xb /media/data/coding/GSoC/AVT/px4+mavlink/Firmware/Build/px4io-v2_default.build/nuttx-export/libs/libnuttx.a(sched-sem_wait.o)
                                  0xc (size before relaxing)
 *fill*         0x0800e48b        0x1 00
 .rodata.str1.4
                0x0800e48c        0xc /media/data/coding/GSoC/AVT/px4+mavlink/Firmware/Build/px4io-v2_default.build/nuttx-export/libs/libnuttx.a(sched-wd_cancel.o)
 .rodata.g_nullstring
                0x0800e498        0x8 /media/data/coding/GSoC/AVT/px4+mavlink/Firmware/Build/px4io-v2_default.build/nuttx-export/libs/libnuttx.a(c-lib_libvsprintf.o)
 .rodata.str1.4
                0x0800e4a0       0x1d /media/data/coding/GSoC/AVT/px4+mavlink/Firmware/Build/px4io-v2_default.build/nuttx-export/libs/libnuttx.a(c-lib_libvsprintf.o)
                                 0x20 (size before relaxing)
 .rodata        0x0800e4bd        0x4 /media/data/coding/GSoC/AVT/px4+mavlink/Firmware/Build/px4io-v2_default.build/nuttx-export/libs/libnuttx.a(arch-stm32_vectors.o)
                0x0800e4bd                g_idle_topstack
 *fill*         0x0800e4c1        0x3 00
 .rodata.str1.4
                0x0800e4c4       0x17 /media/data/coding/GSoC/AVT/px4+mavlink/Firmware/Build/px4io-v2_default.build/nuttx-export/libs/libnuttx.a(arch-up_blocktask.o)
                                 0x18 (size before relaxing)
 *fill*         0x0800e4db        0x1 00
 .rodata.str1.4
                0x0800e4dc       0x19 /media/data/coding/GSoC/AVT/px4+mavlink/Firmware/Build/px4io-v2_default.build/nuttx-export/libs/libnuttx.a(arch-up_unblocktask.o)
                                 0x1c (size before relaxing)
 *fill*         0x0800e4f5        0x3 00
 .rodata.str1.4
                0x0800e4f8        0xb /media/data/coding/GSoC/AVT/px4+mavlink/Firmware/Build/px4io-v2_default.build/nuttx-export/libs/libnuttx.a(fs-fs_files.o)
                                  0xc (size before relaxing)
 *fill*         0x0800e503        0x1 00
 .rodata.str1.4
                0x0800e504        0xb /media/data/coding/GSoC/AVT/px4+mavlink/Firmware/Build/px4io-v2_default.build/nuttx-export/libs/libnuttx.a(fs-fs_inode.o)
                                  0xc (size before relaxing)
 .rodata.str1.4
                0x00000000       0x10 /media/data/coding/GSoC/AVT/px4+mavlink/Firmware/Build/px4io-v2_default.build/nuttx-export/libs/libnuttx.a(sched-group_setupidlefiles.o)
 *fill*         0x0800e50f        0x1 00
 .rodata.str1.4
                0x0800e510       0x15 /media/data/coding/GSoC/AVT/px4+mavlink/Firmware/Build/px4io-v2_default.build/nuttx-export/libs/libnuttx.a(sched-os_bringup.o)
                                 0x18 (size before relaxing)
 *fill*         0x0800e525        0x3 00
 .rodata.str1.4
                0x0800e528       0x13 /media/data/coding/GSoC/AVT/px4+mavlink/Firmware/Build/px4io-v2_default.build/nuttx-export/libs/libnuttx.a(sched-sched_addblocked.o)
                                 0x14 (size before relaxing)
 *fill*         0x0800e53b        0x1 00
 .rodata.str1.4
                0x0800e53c       0x17 /media/data/coding/GSoC/AVT/px4+mavlink/Firmware/Build/px4io-v2_default.build/nuttx-export/libs/libnuttx.a(sched-sched_addprioritized.o)
                                 0x18 (size before relaxing)
 *fill*         0x0800e553        0x1 00
 .rodata.str1.4
                0x0800e554       0x16 /media/data/coding/GSoC/AVT/px4+mavlink/Firmware/Build/px4io-v2_default.build/nuttx-export/libs/libnuttx.a(sched-sched_addreadytorun.o)
                                 0x18 (size before relaxing)
 *fill*         0x0800e56a        0x2 00
 .rodata.str1.4
                0x0800e56c       0x15 /media/data/coding/GSoC/AVT/px4+mavlink/Firmware/Build/px4io-v2_default.build/nuttx-export/libs/libnuttx.a(sched-sched_mergepending.o)
                                 0x18 (size before relaxing)
 *fill*         0x0800e581        0x3 00
 .rodata.str1.4
                0x0800e584       0x16 /media/data/coding/GSoC/AVT/px4+mavlink/Firmware/Build/px4io-v2_default.build/nuttx-export/libs/libnuttx.a(sched-sched_removeblocked.o)
                                 0x18 (size before relaxing)
 *fill*         0x0800e59a        0x2 00
 .rodata.str1.4
                0x0800e59c       0x19 /media/data/coding/GSoC/AVT/px4+mavlink/Firmware/Build/px4io-v2_default.build/nuttx-export/libs/libnuttx.a(sched-sched_removereadytorun.o)
                                 0x1c (size before relaxing)
 *fill*         0x0800e5b5        0x3 00
 .rodata.g_noname
                0x0800e5b8        0xc /media/data/coding/GSoC/AVT/px4+mavlink/Firmware/Build/px4io-v2_default.build/nuttx-export/libs/libnuttx.a(sched-task_setup.o)
 .rodata.str1.4
                0x0800e5c4       0x11 /media/data/coding/GSoC/AVT/px4+mavlink/Firmware/Build/px4io-v2_default.build/nuttx-export/libs/libnuttx.a(sched-task_terminate.o)
                                 0x14 (size before relaxing)
 *fill*         0x0800e5d5        0x3 00
 .rodata.str1.4
                0x0800e5d8       0x10 /media/data/coding/GSoC/AVT/px4+mavlink/Firmware/Build/px4io-v2_default.build/nuttx-export/libs/libnuttx.a(sched-sched_lock.o)
 *(.gnu.linkonce.t.*)
 *(.glue_7)
 .glue_7        0x00000000        0x0 linker stubs
 *(.glue_7t)
 .glue_7t       0x00000000        0x0 linker stubs
 *(.got)
 *(.gcc_except_table)
 *(.gnu.linkonce.r.*)
                0x0800e5e8                _etext = ABSOLUTE (.)

.vfp11_veneer   0x0800e5e8        0x0
 .vfp11_veneer  0x00000000        0x0 linker stubs

.v4_bx          0x0800e5e8        0x0
 .v4_bx         0x00000000        0x0 linker stubs

.init_section   0x0800e5e8        0x4
                0x0800e5e8                _sinit = ABSOLUTE (.)
 *(.init_array .init_array.*)
 .init_array    0x0800e5e8        0x4 /media/data/coding/GSoC/AVT/px4+mavlink/Firmware/Build/px4io-v2_default.build//media/data/coding/GSoC/AVT/px4+mavlink/Firmware/src/modules/px4iofirmware/module.pre.o
                0x0800e5ec                _einit = ABSOLUTE (.)

.ARM.extab      0x0800e5ec       0x30
 *(.ARM.extab*)
 .ARM.extab     0x0800e5ec       0x18 /home/avnishks/gcc-arm-none-eabi-4_6-2012q2/bin/../lib/gcc/arm-none-eabi/4.6.2/armv7-m/libgcc.a(unwind-arm.o)
 .ARM.extab     0x0800e604       0x18 /home/avnishks/gcc-arm-none-eabi-4_6-2012q2/bin/../lib/gcc/arm-none-eabi/4.6.2/armv7-m/libgcc.a(pr-support.o)
                0x0800e61c                __exidx_start = ABSOLUTE (.)

.ARM.exidx      0x0800e61c       0xe8
 *(.ARM.exidx*)
 .ARM.exidx     0x0800e61c       0x10 /home/avnishks/gcc-arm-none-eabi-4_6-2012q2/bin/../lib/gcc/arm-none-eabi/4.6.2/armv7-m/libgcc.a(bpabi.o)
 .ARM.exidx     0x0800e62c       0x88 /home/avnishks/gcc-arm-none-eabi-4_6-2012q2/bin/../lib/gcc/arm-none-eabi/4.6.2/armv7-m/libgcc.a(unwind-arm.o)
                                 0xc0 (size before relaxing)
 .ARM.exidx     0x0800e6b4       0x38 /home/avnishks/gcc-arm-none-eabi-4_6-2012q2/bin/../lib/gcc/arm-none-eabi/4.6.2/armv7-m/libgcc.a(pr-support.o)
                                 0x48 (size before relaxing)