
Discarded input sections

 .group         0x00000000        0xc ../systemlib/mixer/mixer_group.cpp.o
 .group         0x00000000        0x8 ../systemlib/mixer/mixer_group.cpp.o
 .text._ZN5MixerD2Ev
                0x00000000        0xc ../systemlib/mixer/mixer_group.cpp.o
 .text._ZN5MixerD0Ev
                0x00000000       0x14 ../systemlib/mixer/mixer_group.cpp.o
 .rodata._ZTV5Mixer
                0x00000000       0x18 ../systemlib/mixer/mixer_group.cpp.o
 .group         0x00000000        0xc ../systemlib/mixer/mixer_multirotor.cpp.o
 .group         0x00000000        0x8 ../systemlib/mixer/mixer_multirotor.cpp.o
 .text._ZN5MixerD2Ev
                0x00000000        0xc ../systemlib/mixer/mixer_multirotor.cpp.o
 .text._ZN5MixerD0Ev
                0x00000000       0x14 ../systemlib/mixer/mixer_multirotor.cpp.o
 .rodata._ZTV5Mixer
                0x00000000       0x18 ../systemlib/mixer/mixer_multirotor.cpp.o
 .group         0x00000000        0xc ../systemlib/mixer/mixer_simple.cpp.o
 .group         0x00000000        0x8 ../systemlib/mixer/mixer_simple.cpp.o
 .text._ZN5MixerD2Ev
                0x00000000        0xc ../systemlib/mixer/mixer_simple.cpp.o
 .text._ZN5MixerD0Ev
                0x00000000       0x14 ../systemlib/mixer/mixer_simple.cpp.o
 .rodata._ZTV5Mixer
                0x00000000       0x18 ../systemlib/mixer/mixer_simple.cpp.o

Memory Configuration

Name             Origin             Length             Attributes
*default*        0x00000000         0xffffffff

Linker script and memory map

LOAD adc.c.o
LOAD controls.c.o
LOAD dsm.c.o
LOAD px4io.c.o
LOAD registers.c.o
LOAD safety.c.o
LOAD sbus.c.o
LOAD ../systemlib/up_cxxinitialize.c.o
LOAD ../systemlib/perf_counter.c.o
LOAD mixer.cpp.o
LOAD ../systemlib/mixer/mixer.cpp.o
LOAD ../systemlib/mixer/mixer_group.cpp.o
LOAD ../systemlib/mixer/mixer_multirotor.cpp.o
LOAD ../systemlib/mixer/mixer_simple.cpp.o
LOAD serial.c.o
LOAD ../systemlib/hx_stream.c.o

.interp
 *(.interp)

.note.gnu.build-id
 *(.note.gnu.build-id)

.hash
 *(.hash)

.gnu.hash
 *(.gnu.hash)

.dynsym
 *(.dynsym)

.dynstr
 *(.dynstr)

.gnu.version
 *(.gnu.version)

.gnu.version_d
 *(.gnu.version_d)

.gnu.version_r
 *(.gnu.version_r)

.rel.init
 *(.rel.init)

.rela.init
 *(.rela.init)

.rel.text
 *(.rel.text)

.rela.text
 *(.rela.text)

.rel.fini
 *(.rel.fini)

.rela.fini
 *(.rela.fini)

.rel.rodata
 *(.rel.rodata)

.rela.rodata
 *(.rela.rodata)

.rel.data.rel.ro
 *(.rel.data.rel.ro)

.rela.data.rel.ro
 *(.rela.data.rel.ro)

.rel.data
 *(.rel.data)

.rela.data
 *(.rela.data)

.rel.tdata
 *(.rel.tdata)

.rela.tdata
 *(.rela.tdata)

.rel.tbss
 *(.rel.tbss)

.rela.tbss
 *(.rela.tbss)

.rel.ctors
 *(.rel.ctors)

.rela.ctors
 *(.rela.ctors)

.rel.dtors
 *(.rel.dtors)

.rela.dtors
 *(.rela.dtors)

.rel.got
 *(.rel.got)

.rela.got
 *(.rela.got)

.rel.bss
 *(.rel.bss)

.rela.bss
 *(.rela.bss)

.rel.iplt
 *(.rel.iplt)

.rela.iplt
 *(.rela.iplt)

.rel.plt
 *(.rel.plt)

.rela.plt
 *(.rela.plt)

.init
 *(.init)

.plt
 *(.plt)

.iplt
 *(.iplt)

.text           0x00000000        0x0
 *(.text .stub)
 .text          0x00000000        0x0 adc.c.o
 .text          0x00000000        0x0 controls.c.o
 .text          0x00000000        0x0 dsm.c.o
 .text          0x00000000        0x0 px4io.c.o
 .text          0x00000000        0x0 registers.c.o
 .text          0x00000000        0x0 safety.c.o
 .text          0x00000000        0x0 sbus.c.o
 .text          0x00000000        0x0 ../systemlib/up_cxxinitialize.c.o
 .text          0x00000000        0x0 ../systemlib/perf_counter.c.o
 .text          0x00000000        0x0 mixer.cpp.o
 .text          0x00000000        0x0 ../systemlib/mixer/mixer.cpp.o
 .text          0x00000000        0x0 ../systemlib/mixer/mixer_group.cpp.o
 .text          0x00000000        0x0 ../systemlib/mixer/mixer_multirotor.cpp.o
 .text          0x00000000        0x0 ../systemlib/mixer/mixer_simple.cpp.o
 .text          0x00000000        0x0 serial.c.o
 .text          0x00000000        0x0 ../systemlib/hx_stream.c.o
 *(.gnu.warning)

.text.adc_init  0x00000000       0xd4
 .text.adc_init
                0x00000000       0xd4 adc.c.o
                0x00000000                adc_init

.text.adc_measure
                0x00000000       0xa8
 .text.adc_measure
                0x00000000       0xa8 adc.c.o
                0x00000000                adc_measure

.text.controls_init
                0x00000000      0x15c
 .text.controls_init
                0x00000000      0x15c controls.c.o
                0x00000000                controls_init

.text.controls_tick
                0x00000000      0x3d0
 .text.controls_tick
                0x00000000      0x3d0 controls.c.o
                0x00000000                controls_tick

.text.dsm_guess_format
                0x00000000      0x240
 .text.dsm_guess_format
                0x00000000      0x240 dsm.c.o

.text.dsm_init  0x00000000       0x70
 .text.dsm_init
                0x00000000       0x70 dsm.c.o
                0x00000000                dsm_init

.text.dsm_bind  0x00000000        0x4
 .text.dsm_bind
                0x00000000        0x4 dsm.c.o
                0x00000000                dsm_bind

.text.dsm_input
                0x00000000      0x634
 .text.dsm_input
                0x00000000      0x634 dsm.c.o
                0x00000000                dsm_input

.text.isr_debug
                0x00000000       0x5c
 .text.isr_debug
                0x00000000       0x5c px4io.c.o
                0x00000000                isr_debug

.text.user_start
                0x00000000      0x228
 .text.user_start
                0x00000000      0x228 px4io.c.o
                0x00000000                user_start

.text.pwm_configure_rates
                0x00000000      0x2fc
 .text.pwm_configure_rates
                0x00000000      0x2fc registers.c.o

.text.registers_set
                0x00000000      0x6e0
 .text.registers_set
                0x00000000      0x6e0 registers.c.o
                0x00000000                registers_set

.text.registers_get
                0x00000000      0x2c0
 .text.registers_get
                0x00000000      0x2c0 registers.c.o
                0x00000000                registers_get

.text.heartbeat_blink
                0x00000000       0x20
 .text.heartbeat_blink
                0x00000000       0x20 safety.c.o

.text.safety_check_button
                0x00000000      0x104
 .text.safety_check_button
                0x00000000      0x104 safety.c.o

.text.failsafe_blink
                0x00000000       0x3c
 .text.failsafe_blink
                0x00000000       0x3c safety.c.o

.text.safety_init
                0x00000000       0x90
 .text.safety_init
                0x00000000       0x90 safety.c.o
                0x00000000                safety_init

.text.sbus_init
                0x00000000       0x80
 .text.sbus_init
                0x00000000       0x80 sbus.c.o
                0x00000000                sbus_init

.text.sbus_input
                0x00000000      0x21c
 .text.sbus_input
                0x00000000      0x21c sbus.c.o
                0x00000000                sbus_input

.text.up_cxxinitialize
                0x00000000       0x94
 .text.up_cxxinitialize
                0x00000000       0x94 ../systemlib/up_cxxinitialize.c.o
                0x00000000                up_cxxinitialize

.text.perf_alloc
                0x00000000       0x50
 .text.perf_alloc
                0x00000000       0x50 ../systemlib/perf_counter.c.o
                0x00000000                perf_alloc

.text.perf_free
                0x00000000       0x1c
 .text.perf_free
                0x00000000       0x1c ../systemlib/perf_counter.c.o
                0x00000000                perf_free

.text.perf_count
                0x00000000       0xa8
 .text.perf_count
                0x00000000       0xa8 ../systemlib/perf_counter.c.o
                0x00000000                perf_count

.text.perf_begin
                0x00000000       0x1c
 .text.perf_begin
                0x00000000       0x1c ../systemlib/perf_counter.c.o
                0x00000000                perf_begin

.text.perf_end  0x00000000       0x84
 .text.perf_end
                0x00000000       0x84 ../systemlib/perf_counter.c.o
                0x00000000                perf_end

.text.perf_cancel
                0x00000000       0x14
 .text.perf_cancel
                0x00000000       0x14 ../systemlib/perf_counter.c.o
                0x00000000                perf_cancel

.text.perf_reset
                0x00000000       0x50
 .text.perf_reset
                0x00000000       0x50 ../systemlib/perf_counter.c.o
                0x00000000                perf_reset

.text.perf_print_counter
                0x00000000       0xa4
 .text.perf_print_counter
                0x00000000       0xa4 ../systemlib/perf_counter.c.o
                0x00000000                perf_print_counter

.text.perf_print_all
                0x00000000       0x1c
 .text.perf_print_all
                0x00000000       0x1c ../systemlib/perf_counter.c.o
                0x00000000                perf_print_all

.text.perf_reset_all
                0x00000000       0x5c
 .text.perf_reset_all
                0x00000000       0x5c ../systemlib/perf_counter.c.o
                0x00000000                perf_reset_all

.text._ZL14mixer_callbackjhhRf
                0x00000000       0x74
 .text._ZL14mixer_callbackjhhRf
                0x00000000       0x74 mixer.cpp.o

.text.mixer_tick
                0x00000000      0x6a8
 .text.mixer_tick
                0x00000000      0x6a8 mixer.cpp.o
                0x00000000                mixer_tick

.text.mixer_handle_text
                0x00000000      0x2b0
 .text.mixer_handle_text
                0x00000000      0x2b0 mixer.cpp.o
                0x00000000                mixer_handle_text

.text.startup._GLOBAL__sub_I_mixer_tick
                0x00000000       0x34
 .text.startup._GLOBAL__sub_I_mixer_tick
                0x00000000       0x34 mixer.cpp.o

.text._ZN5MixerD2Ev
                0x00000000        0xc
 .text._ZN5MixerD2Ev
                0x00000000        0xc ../systemlib/mixer/mixer.cpp.o
                0x00000000                Mixer::~Mixer()
                0x00000000                Mixer::~Mixer()

.text._ZN9NullMixerD2Ev
                0x00000000        0xc
 .text._ZN9NullMixerD2Ev
                0x00000000        0xc ../systemlib/mixer/mixer.cpp.o
                0x00000000                NullMixer::~NullMixer()
                0x00000000                NullMixer::~NullMixer()

.text._ZN9NullMixer3mixEPfj
                0x00000000       0x10
 .text._ZN9NullMixer3mixEPfj
                0x00000000       0x10 ../systemlib/mixer/mixer.cpp.o
                0x00000000                NullMixer::mix(float*, unsigned int)

.text._ZN9NullMixer15groups_requiredERj
                0x00000000        0x4
 .text._ZN9NullMixer15groups_requiredERj
                0x00000000        0x4 ../systemlib/mixer/mixer.cpp.o
                0x00000000                NullMixer::groups_required(unsigned int&)

.text._ZN9NullMixerD0Ev
                0x00000000       0x14
 .text._ZN9NullMixerD0Ev
                0x00000000       0x14 ../systemlib/mixer/mixer.cpp.o
                0x00000000                NullMixer::~NullMixer()

.text._ZN5MixerD0Ev
                0x00000000       0x14
 .text._ZN5MixerD0Ev
                0x00000000       0x14 ../systemlib/mixer/mixer.cpp.o
                0x00000000                Mixer::~Mixer()

.text._ZN5MixerC2EPFijhhRfEj
                0x00000000       0x14
 .text._ZN5MixerC2EPFijhhRfEj
                0x00000000       0x14 ../systemlib/mixer/mixer.cpp.o
                0x00000000                Mixer::Mixer(int (*)(unsigned int, unsigned char, unsigned char, float&), unsigned int)
                0x00000000                Mixer::Mixer(int (*)(unsigned int, unsigned char, unsigned char, float&), unsigned int)

.text._ZN5Mixer11get_controlEhh
                0x00000000       0x14
 .text._ZN5Mixer11get_controlEhh
                0x00000000       0x14 ../systemlib/mixer/mixer.cpp.o
                0x00000000                Mixer::get_control(unsigned char, unsigned char)

.text._ZN5Mixer5scaleERK14mixer_scaler_sf
                0x00000000       0x44
 .text._ZN5Mixer5scaleERK14mixer_scaler_sf
                0x00000000       0x44 ../systemlib/mixer/mixer.cpp.o
                0x00000000                Mixer::scale(mixer_scaler_s const&, float)

.text._ZN5Mixer11scale_checkER14mixer_scaler_s
                0x00000000       0x6c
 .text._ZN5Mixer11scale_checkER14mixer_scaler_s
                0x00000000       0x6c ../systemlib/mixer/mixer.cpp.o
                0x00000000                Mixer::scale_check(mixer_scaler_s&)

.text._ZN9NullMixerC2Ev
                0x00000000       0x14
 .text._ZN9NullMixerC2Ev
                0x00000000       0x14 ../systemlib/mixer/mixer.cpp.o
                0x00000000                NullMixer::NullMixer()
                0x00000000                NullMixer::NullMixer()

.text._ZN9NullMixer9from_textEPKcRj
                0x00000000       0x3c
 .text._ZN9NullMixer9from_textEPKcRj
                0x00000000       0x3c ../systemlib/mixer/mixer.cpp.o
                0x00000000                NullMixer::from_text(char const*, unsigned int&)

.text._ZN10MixerGroupD2Ev
                0x00000000       0x30
 .text._ZN10MixerGroupD2Ev
                0x00000000       0x30 ../systemlib/mixer/mixer_group.cpp.o
                0x00000000                MixerGroup::~MixerGroup()
                0x00000000                MixerGroup::~MixerGroup()

.text._ZN10MixerGroup3mixEPfj
                0x00000000       0x34
 .text._ZN10MixerGroup3mixEPfj
                0x00000000       0x34 ../systemlib/mixer/mixer_group.cpp.o
                0x00000000                MixerGroup::mix(float*, unsigned int)

.text._ZN10MixerGroup15groups_requiredERj
                0x00000000       0x1c
 .text._ZN10MixerGroup15groups_requiredERj
                0x00000000       0x1c ../systemlib/mixer/mixer_group.cpp.o
                0x00000000                MixerGroup::groups_required(unsigned int&)

.text._ZN10MixerGroupD0Ev
                0x00000000       0x34
 .text._ZN10MixerGroupD0Ev
                0x00000000       0x34 ../systemlib/mixer/mixer_group.cpp.o
                0x00000000                MixerGroup::~MixerGroup()

.text._ZN10MixerGroupC2EPFijhhRfEj
                0x00000000       0x18
 .text._ZN10MixerGroupC2EPFijhhRfEj
                0x00000000       0x18 ../systemlib/mixer/mixer_group.cpp.o
                0x00000000                MixerGroup::MixerGroup(int (*)(unsigned int, unsigned char, unsigned char, float&), unsigned int)
                0x00000000                MixerGroup::MixerGroup(int (*)(unsigned int, unsigned char, unsigned char, float&), unsigned int)

.text._ZN10MixerGroup9add_mixerEP5Mixer
                0x00000000       0x18
 .text._ZN10MixerGroup9add_mixerEP5Mixer
                0x00000000       0x18 ../systemlib/mixer/mixer_group.cpp.o
                0x00000000                MixerGroup::add_mixer(Mixer*)

.text._ZN10MixerGroup5resetEv
                0x00000000       0x1c
 .text._ZN10MixerGroup5resetEv
                0x00000000       0x1c ../systemlib/mixer/mixer_group.cpp.o
                0x00000000                MixerGroup::reset()

.text._ZN10MixerGroup13load_from_bufEPKcRj
                0x00000000       0x8c
 .text._ZN10MixerGroup13load_from_bufEPKcRj
                0x00000000       0x8c ../systemlib/mixer/mixer_group.cpp.o
                0x00000000                MixerGroup::load_from_buf(char const*, unsigned int&)

.text._ZN15MultirotorMixerD2Ev
                0x00000000        0xc
 .text._ZN15MultirotorMixerD2Ev
                0x00000000        0xc ../systemlib/mixer/mixer_multirotor.cpp.o
                0x00000000                MultirotorMixer::~MultirotorMixer()
                0x00000000                MultirotorMixer::~MultirotorMixer()

.text._ZN15MultirotorMixer15groups_requiredERj
                0x00000000        0xc
 .text._ZN15MultirotorMixer15groups_requiredERj
                0x00000000        0xc ../systemlib/mixer/mixer_multirotor.cpp.o
                0x00000000                MultirotorMixer::groups_required(unsigned int&)

.text._ZN15MultirotorMixer3mixEPfj
                0x00000000      0x190
 .text._ZN15MultirotorMixer3mixEPfj
                0x00000000      0x190 ../systemlib/mixer/mixer_multirotor.cpp.o
                0x00000000                MultirotorMixer::mix(float*, unsigned int)

.text._ZN15MultirotorMixerD0Ev
                0x00000000       0x14
 .text._ZN15MultirotorMixerD0Ev
                0x00000000       0x14 ../systemlib/mixer/mixer_multirotor.cpp.o
                0x00000000                MultirotorMixer::~MultirotorMixer()

.text._ZN15MultirotorMixerC2EPFijhhRfEjNS_8GeometryEffff
                0x00000000       0x4c
 .text._ZN15MultirotorMixerC2EPFijhhRfEjNS_8GeometryEffff
                0x00000000       0x4c ../systemlib/mixer/mixer_multirotor.cpp.o
                0x00000000                MultirotorMixer::MultirotorMixer(int (*)(unsigned int, unsigned char, unsigned char, float&), unsigned int, MultirotorMixer::Geometry, float, float, float, float)
                0x00000000                MultirotorMixer::MultirotorMixer(int (*)(unsigned int, unsigned char, unsigned char, float&), unsigned int, MultirotorMixer::Geometry, float, float, float, float)

.text._ZN15MultirotorMixer9from_textEPFijhhRfEjPKcRj
                0x00000000      0x184
 .text._ZN15MultirotorMixer9from_textEPFijhhRfEjPKcRj
                0x00000000      0x184 ../systemlib/mixer/mixer_multirotor.cpp.o
                0x00000000                MultirotorMixer::from_text(int (*)(unsigned int, unsigned char, unsigned char, float&), unsigned int, char const*, unsigned int&)

.text._ZN11SimpleMixer15groups_requiredERj
                0x00000000       0x2c
 .text._ZN11SimpleMixer15groups_requiredERj
                0x00000000       0x2c ../systemlib/mixer/mixer_simple.cpp.o
                0x00000000                SimpleMixer::groups_required(unsigned int&)

.text._ZN11SimpleMixerD2Ev
                0x00000000       0x20
 .text._ZN11SimpleMixerD2Ev
                0x00000000       0x20 ../systemlib/mixer/mixer_simple.cpp.o
                0x00000000                SimpleMixer::~SimpleMixer()
                0x00000000                SimpleMixer::~SimpleMixer()

.text._ZN11SimpleMixer3mixEPfj
                0x00000000       0x70
 .text._ZN11SimpleMixer3mixEPfj
                0x00000000       0x70 ../systemlib/mixer/mixer_simple.cpp.o
                0x00000000                SimpleMixer::mix(float*, unsigned int)

.text._ZN11SimpleMixerD0Ev
                0x00000000       0x28
 .text._ZN11SimpleMixerD0Ev
                0x00000000       0x28 ../systemlib/mixer/mixer_simple.cpp.o
                0x00000000                SimpleMixer::~SimpleMixer()

.text._ZN11SimpleMixerC2EPFijhhRfEjP14mixer_simple_s
                0x00000000       0x18
 .text._ZN11SimpleMixerC2EPFijhhRfEjP14mixer_simple_s
                0x00000000       0x18 ../systemlib/mixer/mixer_simple.cpp.o
                0x00000000                SimpleMixer::SimpleMixer(int (*)(unsigned int, unsigned char, unsigned char, float&), unsigned int, mixer_simple_s*)
                0x00000000                SimpleMixer::SimpleMixer(int (*)(unsigned int, unsigned char, unsigned char, float&), unsigned int, mixer_simple_s*)

.text._ZN11SimpleMixer19parse_output_scalerEPKcRjR14mixer_scaler_s
                0x00000000      0x150
 .text._ZN11SimpleMixer19parse_output_scalerEPKcRjR14mixer_scaler_s
                0x00000000      0x150 ../systemlib/mixer/mixer_simple.cpp.o
                0x00000000                SimpleMixer::parse_output_scaler(char const*, unsigned int&, mixer_scaler_s&)

.text._ZN11SimpleMixer20parse_control_scalerEPKcRjR14mixer_scaler_sRhS5_
                0x00000000      0x184
 .text._ZN11SimpleMixer20parse_control_scalerEPKcRjR14mixer_scaler_sRhS5_
                0x00000000      0x184 ../systemlib/mixer/mixer_simple.cpp.o
                0x00000000                SimpleMixer::parse_control_scaler(char const*, unsigned int&, mixer_scaler_s&, unsigned char&, unsigned char&)

.text._ZN11SimpleMixer9from_textEPFijhhRfEjPKcRj
                0x00000000       0xb8
 .text._ZN11SimpleMixer9from_textEPFijhhRfEjPKcRj
                0x00000000       0xb8 ../systemlib/mixer/mixer_simple.cpp.o
                0x00000000                SimpleMixer::from_text(int (*)(unsigned int, unsigned char, unsigned char, float&), unsigned int, char const*, unsigned int&)

.text._ZN11SimpleMixer9pwm_inputEPFijhhRfEjjttt
                0x00000000       0xb8
 .text._ZN11SimpleMixer9pwm_inputEPFijhhRfEjjttt
                0x00000000       0xb8 ../systemlib/mixer/mixer_simple.cpp.o
                0x00000000                SimpleMixer::pwm_input(int (*)(unsigned int, unsigned char, unsigned char, float&), unsigned int, unsigned int, unsigned short, unsigned short, unsigned short)

.text._ZN11SimpleMixer5checkEv
                0x00000000       0x78
 .text._ZN11SimpleMixer5checkEv
                0x00000000       0x78 ../systemlib/mixer/mixer_simple.cpp.o
                0x00000000                SimpleMixer::check()

.text.rx_dma_callback
                0x00000000      0x258
 .text.rx_dma_callback
                0x00000000      0x258 serial.c.o

.text.serial_interrupt
                0x00000000      0x14c
 .text.serial_interrupt
                0x00000000      0x14c serial.c.o

.text.interface_init
                0x00000000      0x1f0
 .text.interface_init
                0x00000000      0x1f0 serial.c.o
                0x00000000                interface_init

.text.interface_tick
                0x00000000       0x88
 .text.interface_tick
                0x00000000       0x88 serial.c.o
                0x00000000                interface_tick

.text.hx_stream_init
                0x00000000       0x24
 .text.hx_stream_init
                0x00000000       0x24 ../systemlib/hx_stream.c.o
                0x00000000                hx_stream_init

.text.hx_stream_free
                0x00000000       0x20
 .text.hx_stream_free
                0x00000000       0x20 ../systemlib/hx_stream.c.o
                0x00000000                hx_stream_free

.text.hx_stream_set_counters
                0x00000000        0x8
 .text.hx_stream_set_counters
                0x00000000        0x8 ../systemlib/hx_stream.c.o
                0x00000000                hx_stream_set_counters

.text.hx_stream_reset
                0x00000000       0x14
 .text.hx_stream_reset
                0x00000000       0x14 ../systemlib/hx_stream.c.o
                0x00000000                hx_stream_reset

.text.hx_stream_start
                0x00000000       0x28
 .text.hx_stream_start
                0x00000000       0x28 ../systemlib/hx_stream.c.o
                0x00000000                hx_stream_start

.text.hx_stream_send_next
                0x00000000       0x7c
 .text.hx_stream_send_next
                0x00000000       0x7c ../systemlib/hx_stream.c.o
                0x00000000                hx_stream_send_next

.text.hx_stream_send
                0x00000000       0x68
 .text.hx_stream_send
                0x00000000       0x68 ../systemlib/hx_stream.c.o
                0x00000000                hx_stream_send

.text.hx_stream_rx
                0x00000000       0x98
 .text.hx_stream_rx
                0x00000000       0x98 ../systemlib/hx_stream.c.o
                0x00000000                hx_stream_rx

.fini
 *(.fini)

.rodata
 *(.rodata)

.rodata.str1.4  0x00000000      0x308
 .rodata.str1.4
                0x00000000       0x14 adc.c.o
 .rodata.str1.4
                0x00000014       0x8c controls.c.o
 .rodata.str1.4
                0x000000a0       0x78 px4io.c.o
 .rodata.str1.4
                0x00000118       0x38 registers.c.o
 .rodata.str1.4
                0x00000150       0x24 sbus.c.o
 .rodata.str1.4
                0x00000174       0x80 ../systemlib/perf_counter.c.o
 .rodata.str1.4
                0x000001f4       0x64 mixer.cpp.o
 .rodata.str1.4
                0x00000258       0x34 ../systemlib/mixer/mixer_multirotor.cpp.o
 .rodata.str1.4
                0x0000028c       0x34 ../systemlib/mixer/mixer_simple.cpp.o
 .rodata.str1.4
                0x000002c0       0x48 serial.c.o

.rodata.r_page_config
                0x00000000       0x14
 .rodata.r_page_config
                0x00000000       0x14 registers.c.o

.rodata._ZTV5Mixer
                0x00000000       0x18
 .rodata._ZTV5Mixer
                0x00000000       0x18 ../systemlib/mixer/mixer.cpp.o
                0x00000000                vtable for Mixer

.rodata._ZTV9NullMixer
                0x00000000       0x18
 .rodata._ZTV9NullMixer
                0x00000000       0x18 ../systemlib/mixer/mixer.cpp.o
                0x00000000                vtable for NullMixer

.rodata._ZTV10MixerGroup
                0x00000000       0x18
 .rodata._ZTV10MixerGroup
                0x00000000       0x18 ../systemlib/mixer/mixer_group.cpp.o
                0x00000000                vtable for MixerGroup

.rodata._ZN12_GLOBAL__N_1L13_config_hex_xE
                0x00000000       0x48
 .rodata._ZN12_GLOBAL__N_1L13_config_hex_xE
                0x00000000       0x48 ../systemlib/mixer/mixer_multirotor.cpp.o

.rodata._ZN12_GLOBAL__N_1L14_config_octa_xE
                0x00000000       0x60
 .rodata._ZN12_GLOBAL__N_1L14_config_octa_xE
                0x00000000       0x60 ../systemlib/mixer/mixer_multirotor.cpp.o

.rodata._ZN12_GLOBAL__N_1L19_config_rotor_countE
                0x00000000       0x20
 .rodata._ZN12_GLOBAL__N_1L19_config_rotor_countE
                0x00000000       0x20 ../systemlib/mixer/mixer_multirotor.cpp.o

.rodata._ZN12_GLOBAL__N_1L16_config_hex_plusE
                0x00000000       0x48
 .rodata._ZN12_GLOBAL__N_1L16_config_hex_plusE
                0x00000000       0x48 ../systemlib/mixer/mixer_multirotor.cpp.o

.rodata._ZN12_GLOBAL__N_1L17_config_octa_plusE
                0x00000000       0x60
 .rodata._ZN12_GLOBAL__N_1L17_config_octa_plusE
                0x00000000       0x60 ../systemlib/mixer/mixer_multirotor.cpp.o

.rodata._ZN12_GLOBAL__N_1L17_config_quad_plusE
                0x00000000       0x30
 .rodata._ZN12_GLOBAL__N_1L17_config_quad_plusE
                0x00000000       0x30 ../systemlib/mixer/mixer_multirotor.cpp.o

.rodata._ZN12_GLOBAL__N_113_config_indexE
                0x00000000       0x20
 .rodata._ZN12_GLOBAL__N_113_config_indexE
                0x00000000       0x20 ../systemlib/mixer/mixer_multirotor.cpp.o

.rodata._ZN12_GLOBAL__N_1L17_config_quad_wideE
                0x00000000       0x30
 .rodata._ZN12_GLOBAL__N_1L17_config_quad_wideE
                0x00000000       0x30 ../systemlib/mixer/mixer_multirotor.cpp.o

.rodata._ZN12_GLOBAL__N_1L14_config_quad_vE
                0x00000000       0x30
 .rodata._ZN12_GLOBAL__N_1L14_config_quad_vE
                0x00000000       0x30 ../systemlib/mixer/mixer_multirotor.cpp.o

.rodata._ZN12_GLOBAL__N_1L14_config_quad_xE
                0x00000000       0x30
 .rodata._ZN12_GLOBAL__N_1L14_config_quad_xE
                0x00000000       0x30 ../systemlib/mixer/mixer_multirotor.cpp.o

.rodata._ZTV15MultirotorMixer
                0x00000000       0x18
 .rodata._ZTV15MultirotorMixer
                0x00000000       0x18 ../systemlib/mixer/mixer_multirotor.cpp.o
                0x00000000                vtable for MultirotorMixer

.rodata._ZTV11SimpleMixer
                0x00000000       0x18
 .rodata._ZTV11SimpleMixer
                0x00000000       0x18 ../systemlib/mixer/mixer_simple.cpp.o
                0x00000000                vtable for SimpleMixer

.rodata.crc8_tab
                0x00000000      0x100
 .rodata.crc8_tab
                0x00000000      0x100 serial.c.o

.rodata1
 *(.rodata1)

.ARM.extab
 *(.ARM.extab)

.ARM.exidx
 *(.ARM.exidx)

.eh_frame_hdr
 *(.eh_frame_hdr)

.eh_frame
 *(.eh_frame)

.gcc_except_table
 *(.gcc_except_table .gcc_except_table.*)

.eh_frame
 *(.eh_frame)

.gcc_except_table
 *(.gcc_except_table .gcc_except_table.*)

.tdata
 *(.tdata)

.tbss
 *(.tbss)

.preinit_array
 *(.preinit_array)

.jcr
 *(.jcr)

.dynamic
 *(.dynamic)

.got
 *(.got.plt)
 *(.igot.plt)
 *(.got)
 *(.igot)

.data           0x00000000        0x0
 *(.data)
 .data          0x00000000        0x0 adc.c.o
 .data          0x00000000        0x0 controls.c.o
 .data          0x00000000        0x0 dsm.c.o
 .data          0x00000000        0x0 px4io.c.o
 .data          0x00000000        0x0 registers.c.o
 .data          0x00000000        0x0 safety.c.o
 .data          0x00000000        0x0 sbus.c.o
 .data          0x00000000        0x0 ../systemlib/up_cxxinitialize.c.o
 .data          0x00000000        0x0 ../systemlib/perf_counter.c.o
 .data          0x00000000        0x0 mixer.cpp.o
 .data          0x00000000        0x0 ../systemlib/mixer/mixer.cpp.o
 .data          0x00000000        0x0 ../systemlib/mixer/mixer_group.cpp.o
 .data          0x00000000        0x0 ../systemlib/mixer/mixer_multirotor.cpp.o
 .data          0x00000000        0x0 ../systemlib/mixer/mixer_simple.cpp.o
 .data          0x00000000        0x0 serial.c.o
 .data          0x00000000        0x0 ../systemlib/hx_stream.c.o

.data.dsm_fd    0x00000000        0x4
 .data.dsm_fd   0x00000000        0x4 dsm.c.o

.data.r_page_servo_control_min
                0x00000000       0x10
 .data.r_page_servo_control_min
                0x00000000       0x10 registers.c.o
                0x00000000                r_page_servo_control_min

.data.r_page_servo_control_max
                0x00000000       0x10
 .data.r_page_servo_control_max
                0x00000000       0x10 registers.c.o
                0x00000000                r_page_servo_control_max

.data.r_page_setup
                0x00000000       0x14
 .data.r_page_setup
                0x00000000       0x14 registers.c.o
                0x00000000                r_page_setup

.data.r_page_servo_idle
                0x00000000       0x10
 .data.r_page_servo_idle
                0x00000000       0x10 registers.c.o
                0x00000000                r_page_servo_idle

.data.sbus_fd   0x00000000        0x4
 .data.sbus_fd  0x00000000        0x4 sbus.c.o

.init_array     0x00000000        0x4
 .init_array    0x00000000        0x4 mixer.cpp.o

.data1
 *(.data1)

.bss            0x00000000        0x0
 *(.dynbss)
 *(.bss)
 .bss           0x00000000        0x0 adc.c.o
 .bss           0x00000000        0x0 controls.c.o
 .bss           0x00000000        0x0 dsm.c.o
 .bss           0x00000000        0x0 px4io.c.o
 .bss           0x00000000        0x0 registers.c.o
 .bss           0x00000000        0x0 safety.c.o
 .bss           0x00000000        0x0 sbus.c.o
 .bss           0x00000000        0x0 ../systemlib/up_cxxinitialize.c.o
 .bss           0x00000000        0x0 ../systemlib/perf_counter.c.o
 .bss           0x00000000        0x0 mixer.cpp.o
 .bss           0x00000000        0x0 ../systemlib/mixer/mixer.cpp.o
 .bss           0x00000000        0x0 ../systemlib/mixer/mixer_group.cpp.o
 .bss           0x00000000        0x0 ../systemlib/mixer/mixer_multirotor.cpp.o
 .bss           0x00000000        0x0 ../systemlib/mixer/mixer_simple.cpp.o
 .bss           0x00000000        0x0 serial.c.o
 .bss           0x00000000        0x0 ../systemlib/hx_stream.c.o
 *(COMMON)

.bss.adc_perf   0x00000000        0x4
 .bss.adc_perf  0x00000000        0x4 adc.c.o
                0x00000000                adc_perf

.bss.c_gather_dsm
                0x00000000        0x4
 .bss.c_gather_dsm
                0x00000000        0x4 controls.c.o

.bss.c_gather_ppm
                0x00000000        0x4
 .bss.c_gather_ppm
                0x00000000        0x4 controls.c.o

.bss.c_gather_sbus
                0x00000000        0x4
 .bss.c_gather_sbus
                0x00000000        0x4 controls.c.o

.bss.dsm_last_frame_time
                0x00000000        0x8
 .bss.dsm_last_frame_time
                0x00000000        0x8 dsm.c.o

.bss.dsm_partial_frame_count
                0x00000000        0x4
 .bss.dsm_partial_frame_count
                0x00000000        0x4 dsm.c.o

.bss.dsm_last_rx_time
                0x00000000        0x8
 .bss.dsm_last_rx_time
                0x00000000        0x8 dsm.c.o

.bss.cs11.5810  0x00000000        0x4
 .bss.cs11.5810
                0x00000000        0x4 dsm.c.o

.bss.dsm_frame  0x00000000       0x10
 .bss.dsm_frame
                0x00000000       0x10 dsm.c.o

.bss.dsm_frame_drops
                0x00000000        0x4
 .bss.dsm_frame_drops
                0x00000000        0x4 dsm.c.o

.bss.samples.5811
                0x00000000        0x4
 .bss.samples.5811
                0x00000000        0x4 dsm.c.o

.bss.dsm_channel_shift
                0x00000000        0x4
 .bss.dsm_channel_shift
                0x00000000        0x4 dsm.c.o

.bss.cs10.5809  0x00000000        0x4
 .bss.cs10.5809
                0x00000000        0x4 dsm.c.o

.bss.last_msg_counter
                0x00000000        0x4
 .bss.last_msg_counter
                0x00000000        0x4 px4io.c.o

.bss.system_state
                0x00000000       0x10
 .bss.system_state
                0x00000000       0x10 px4io.c.o
                0x00000000                system_state

.bss.msg_next_out
                0x00000000        0x1
 .bss.msg_next_out
                0x00000000        0x1 px4io.c.o

.bss.serial_dma_call
                0x00000000       0x20
 .bss.serial_dma_call
                0x00000000       0x20 px4io.c.o

.bss.msg_counter
                0x00000000        0x4
 .bss.msg_counter
                0x00000000        0x4 px4io.c.o

.bss.msg        0x00000000       0x50
 .bss.msg       0x00000000       0x50 px4io.c.o

.bss.msg_next_in
                0x00000000        0x1
 .bss.msg_next_in
                0x00000000        0x1 px4io.c.o

.bss.r_page_rc_input
                0x00000000       0x14
 .bss.r_page_rc_input
                0x00000000       0x14 registers.c.o
                0x00000000                r_page_rc_input

.bss.r_page_scratch
                0x00000000       0x40
 .bss.r_page_scratch
                0x00000000       0x40 registers.c.o
                0x00000000                r_page_scratch

.bss.r_page_servos
                0x00000000       0x10
 .bss.r_page_servos
                0x00000000       0x10 registers.c.o
                0x00000000                r_page_servos

.bss.last_offset
                0x00000000        0x1
 .bss.last_offset
                0x00000000        0x1 registers.c.o
                0x00000000                last_offset

.bss.r_page_status
                0x00000000       0x14
 .bss.r_page_status
                0x00000000       0x14 registers.c.o
                0x00000000                r_page_status

.bss.r_page_rc_input_config
                0x00000000       0x60
 .bss.r_page_rc_input_config
                0x00000000       0x60 registers.c.o
                0x00000000                r_page_rc_input_config

.bss.r_page_controls
                0x00000000       0x10
 .bss.r_page_controls
                0x00000000       0x10 registers.c.o
                0x00000000                r_page_controls

.bss.r_page_servo_failsafe
                0x00000000       0x10
 .bss.r_page_servo_failsafe
                0x00000000       0x10 registers.c.o
                0x00000000                r_page_servo_failsafe

.bss.r_page_raw_rc_input
                0x00000000       0x14
 .bss.r_page_raw_rc_input
                0x00000000       0x14 registers.c.o
                0x00000000                r_page_raw_rc_input

.bss.last_page  0x00000000        0x1
 .bss.last_page
                0x00000000        0x1 registers.c.o
                0x00000000                last_page

.bss.r_page_actuators
                0x00000000       0x10
 .bss.r_page_actuators
                0x00000000       0x10 registers.c.o
                0x00000000                r_page_actuators

.bss.failsafe.5261
                0x00000000        0x1
 .bss.failsafe.5261
                0x00000000        0x1 safety.c.o

.bss.heartbeat_call
                0x00000000       0x20
 .bss.heartbeat_call
                0x00000000       0x20 safety.c.o

.bss.safety_button_pressed
                0x00000000        0x1
 .bss.safety_button_pressed
                0x00000000        0x1 safety.c.o

.bss.arming_call
                0x00000000       0x20
 .bss.arming_call
                0x00000000       0x20 safety.c.o

.bss.blink_counter
                0x00000000        0x4
 .bss.blink_counter
                0x00000000        0x4 safety.c.o

.bss.heartbeat.5257
                0x00000000        0x1
 .bss.heartbeat.5257
                0x00000000        0x1 safety.c.o

.bss.failsafe_call
                0x00000000       0x20
 .bss.failsafe_call
                0x00000000       0x20 safety.c.o

.bss.counter    0x00000000        0x4
 .bss.counter   0x00000000        0x4 safety.c.o

.bss.frame      0x00000000       0x1c
 .bss.frame     0x00000000       0x1c sbus.c.o

.bss.last_frame_time
                0x00000000        0x8
 .bss.last_frame_time
                0x00000000        0x8 sbus.c.o

.bss.partial_frame_count
                0x00000000        0x4
 .bss.partial_frame_count
                0x00000000        0x4 sbus.c.o

.bss.last_rx_time
                0x00000000        0x8
 .bss.last_rx_time
                0x00000000        0x8 sbus.c.o

.bss.sbus_frame_drops
                0x00000000        0x4
 .bss.sbus_frame_drops
                0x00000000        0x4 sbus.c.o
                0x00000000                sbus_frame_drops

.bss.perf_counters
                0x00000000        0x8
 .bss.perf_counters
                0x00000000        0x8 ../systemlib/perf_counter.c.o

.bss._ZL11mixer_group
                0x00000000       0x14
 .bss._ZL11mixer_group
                0x00000000       0x14 mixer.cpp.o

.bss._ZL17mixer_text_length
                0x00000000        0x4
 .bss._ZL17mixer_text_length
                0x00000000        0x4 mixer.cpp.o

.bss._ZL10should_arm
                0x00000000        0x1
 .bss._ZL10should_arm
                0x00000000        0x1 mixer.cpp.o

.bss._ZL18mixer_servos_armed
                0x00000000        0x1
 .bss._ZL18mixer_servos_armed
                0x00000000        0x1 mixer.cpp.o

.bss._ZL24should_always_enable_pwm
                0x00000000        0x1
 .bss._ZL24should_always_enable_pwm
                0x00000000        0x1 mixer.cpp.o

.bss._ZL13esc_init_time
                0x00000000        0x8
 .bss._ZL13esc_init_time
                0x00000000        0x8 mixer.cpp.o

.bss._ZL9esc_state
                0x00000000        0x1
 .bss._ZL9esc_state
                0x00000000        0x1 mixer.cpp.o

.bss._ZL10mixer_text
                0x00000000      0x100
 .bss._ZL10mixer_text
                0x00000000      0x100 mixer.cpp.o

.bss._ZL6source
                0x00000000        0x1
 .bss._ZL6source
                0x00000000        0x1 mixer.cpp.o

.bss.pc_badidle
                0x00000000        0x4
 .bss.pc_badidle
                0x00000000        0x4 serial.c.o

.bss.rx_dma     0x00000000        0x4
 .bss.rx_dma    0x00000000        0x4 serial.c.o

.bss.pc_txns    0x00000000        0x4
 .bss.pc_txns   0x00000000        0x4 serial.c.o

.bss.idle_ticks
                0x00000000        0x4
 .bss.idle_ticks
                0x00000000        0x4 serial.c.o

.bss.abort_on_idle.5916
                0x00000000        0x1
 .bss.abort_on_idle.5916
                0x00000000        0x1 serial.c.o

.bss.pc_errors  0x00000000        0x4
 .bss.pc_errors
                0x00000000        0x4 serial.c.o

.bss.pc_fe      0x00000000        0x4
 .bss.pc_fe     0x00000000        0x4 serial.c.o

.bss.dma_packet
                0x00000000       0x44
 .bss.dma_packet
                0x00000000       0x44 serial.c.o

.bss.tx_dma     0x00000000        0x4
 .bss.tx_dma    0x00000000        0x4 serial.c.o

.bss.pc_ne      0x00000000        0x4
 .bss.pc_ne     0x00000000        0x4 serial.c.o

.bss.pc_crcerr  0x00000000        0x4
 .bss.pc_crcerr
                0x00000000        0x4 serial.c.o

.bss.pc_regerr  0x00000000        0x4
 .bss.pc_regerr
                0x00000000        0x4 serial.c.o

.bss.pc_ore     0x00000000        0x4
 .bss.pc_ore    0x00000000        0x4 serial.c.o

.bss.pc_idle    0x00000000        0x4
 .bss.pc_idle   0x00000000        0x4 serial.c.o

.stab
 *(.stab)

.stabstr
 *(.stabstr)

.stab.excl
 *(.stab.excl)

.stab.exclstr
 *(.stab.exclstr)

.stab.index
 *(.stab.index)

.stab.indexstr
 *(.stab.indexstr)

.comment        0x00000000      0x710
 *(.comment)
 .comment       0x00000000       0x71 adc.c.o
 .comment       0x00000071       0x71 controls.c.o
 .comment       0x000000e2       0x71 dsm.c.o
 .comment       0x00000153       0x71 px4io.c.o
 .comment       0x000001c4       0x71 registers.c.o
 .comment       0x00000235       0x71 safety.c.o
 .comment       0x000002a6       0x71 sbus.c.o
 .comment       0x00000317       0x71 ../systemlib/up_cxxinitialize.c.o
 .comment       0x00000388       0x71 ../systemlib/perf_counter.c.o
 .comment       0x000003f9       0x71 mixer.cpp.o
 .comment       0x0000046a       0x71 ../systemlib/mixer/mixer.cpp.o
 .comment       0x000004db       0x71 ../systemlib/mixer/mixer_group.cpp.o
 .comment       0x0000054c       0x71 ../systemlib/mixer/mixer_multirotor.cpp.o
 .comment       0x000005bd       0x71 ../systemlib/mixer/mixer_simple.cpp.o
 .comment       0x0000062e       0x71 serial.c.o
 .comment       0x0000069f       0x71 ../systemlib/hx_stream.c.o

.group          0x00000000        0xc
 .group         0x00000000        0xc ../systemlib/mixer/mixer.cpp.o

.group          0x00000000        0xc
 .group         0x00000000        0xc ../systemlib/mixer/mixer.cpp.o

.group          0x00000000        0x8
 .group         0x00000000        0x8 ../systemlib/mixer/mixer.cpp.o

.debug
 *(.debug)

.line
 *(.line)

.debug_srcinfo
 *(.debug_srcinfo)

.debug_sfnames
 *(.debug_sfnames)

.debug_aranges  0x00000000      0x440
 *(.debug_aranges)
 .debug_aranges
                0x00000000       0x28 adc.c.o
 .debug_aranges
                0x00000028       0x28 controls.c.o
 .debug_aranges
                0x00000050       0x38 dsm.c.o
 .debug_aranges
                0x00000088       0x28 px4io.c.o
 .debug_aranges
                0x000000b0       0x30 registers.c.o
 .debug_aranges
                0x000000e0       0x38 safety.c.o
 .debug_aranges
                0x00000118       0x28 sbus.c.o
 .debug_aranges
                0x00000140       0x20 ../systemlib/up_cxxinitialize.c.o
 .debug_aranges
                0x00000160       0x68 ../systemlib/perf_counter.c.o
 .debug_aranges
                0x000001c8       0x38 mixer.cpp.o
 .debug_aranges
                0x00000200       0x78 ../systemlib/mixer/mixer.cpp.o
 .debug_aranges
                0x00000278       0x68 ../systemlib/mixer/mixer_group.cpp.o
 .debug_aranges
                0x000002e0       0x58 ../systemlib/mixer/mixer_multirotor.cpp.o
 .debug_aranges
                0x00000338       0x78 ../systemlib/mixer/mixer_simple.cpp.o
 .debug_aranges
                0x000003b0       0x38 serial.c.o
 .debug_aranges
                0x000003e8       0x58 ../systemlib/hx_stream.c.o

.debug_pubnames
 *(.debug_pubnames)

.debug_info     0x00000000     0x6938
 *(.debug_info)
 .debug_info    0x00000000      0x1c0 adc.c.o
 .debug_info    0x000001c0      0x51a controls.c.o
 .debug_info    0x000006da      0x64d dsm.c.o
 .debug_info    0x00000d27      0x4c6 px4io.c.o
 .debug_info    0x000011ed      0x689 registers.c.o
 .debug_info    0x00001876      0x30d safety.c.o
 .debug_info    0x00001b83      0x472 sbus.c.o
 .debug_info    0x00001ff5      0x156 ../systemlib/up_cxxinitialize.c.o
 .debug_info    0x0000214b      0x5b3 ../systemlib/perf_counter.c.o
 .debug_info    0x000026fe      0x959 mixer.cpp.o
 .debug_info    0x00003057      0x85e ../systemlib/mixer/mixer.cpp.o
 .debug_info    0x000038b5      0x989 ../systemlib/mixer/mixer_group.cpp.o
 .debug_info    0x0000423e      0xe32 ../systemlib/mixer/mixer_multirotor.cpp.o
 .debug_info    0x00005070      0xdd6 ../systemlib/mixer/mixer_simple.cpp.o
 .debug_info    0x00005e46      0x561 serial.c.o
 .debug_info    0x000063a7      0x591 ../systemlib/hx_stream.c.o

.debug_abbrev   0x00000000     0x2697
 *(.debug_abbrev)
 .debug_abbrev  0x00000000      0x108 adc.c.o
 .debug_abbrev  0x00000108      0x1e2 controls.c.o
 .debug_abbrev  0x000002ea      0x256 dsm.c.o
 .debug_abbrev  0x00000540      0x1ce px4io.c.o
 .debug_abbrev  0x0000070e      0x1eb registers.c.o
 .debug_abbrev  0x000008f9      0x17f safety.c.o
 .debug_abbrev  0x00000a78      0x167 sbus.c.o
 .debug_abbrev  0x00000bdf       0x94 ../systemlib/up_cxxinitialize.c.o
 .debug_abbrev  0x00000c73      0x1fb ../systemlib/perf_counter.c.o
 .debug_abbrev  0x00000e6e      0x3cf mixer.cpp.o
 .debug_abbrev  0x0000123d      0x357 ../systemlib/mixer/mixer.cpp.o
 .debug_abbrev  0x00001594      0x338 ../systemlib/mixer/mixer_group.cpp.o
 .debug_abbrev  0x000018cc      0x40c ../systemlib/mixer/mixer_multirotor.cpp.o
 .debug_abbrev  0x00001cd8      0x4cb ../systemlib/mixer/mixer_simple.cpp.o
 .debug_abbrev  0x000021a3      0x24f serial.c.o
 .debug_abbrev  0x000023f2      0x2a5 ../systemlib/hx_stream.c.o

.debug_line     0x00000000     0x345f
 *(.debug_line)
 .debug_line    0x00000000      0x22f adc.c.o
 .debug_line    0x0000022f      0x3c9 controls.c.o
 .debug_line    0x000005f8      0x698 dsm.c.o
 .debug_line    0x00000c90      0x2c2 px4io.c.o
 .debug_line    0x00000f52      0x4aa registers.c.o
 .debug_line    0x000013fc      0x212 safety.c.o
 .debug_line    0x0000160e      0x2c4 sbus.c.o
 .debug_line    0x000018d2      0x156 ../systemlib/up_cxxinitialize.c.o
 .debug_line    0x00001a28      0x2b8 ../systemlib/perf_counter.c.o
 .debug_line    0x00001ce0      0x4d3 mixer.cpp.o
 .debug_line    0x000021b3      0x297 ../systemlib/mixer/mixer.cpp.o
 .debug_line    0x0000244a      0x2d8 ../systemlib/mixer/mixer_group.cpp.o
 .debug_line    0x00002722      0x2ba ../systemlib/mixer/mixer_multirotor.cpp.o
 .debug_line    0x000029dc      0x3d2 ../systemlib/mixer/mixer_simple.cpp.o
 .debug_line    0x00002dae      0x3b8 serial.c.o
 .debug_line    0x00003166      0x2f9 ../systemlib/hx_stream.c.o

.debug_frame    0x00000000      0xa54
 *(.debug_frame)
 .debug_frame   0x00000000       0x54 adc.c.o
 .debug_frame   0x00000054       0x58 controls.c.o
 .debug_frame   0x000000ac       0x7c dsm.c.o
 .debug_frame   0x00000128       0x60 px4io.c.o
 .debug_frame   0x00000188       0x7c registers.c.o
 .debug_frame   0x00000204       0x68 safety.c.o
 .debug_frame   0x0000026c       0x50 sbus.c.o
 .debug_frame   0x000002bc       0x30 ../systemlib/up_cxxinitialize.c.o
 .debug_frame   0x000002ec      0x10c ../systemlib/perf_counter.c.o
 .debug_frame   0x000003f8       0x90 mixer.cpp.o
 .debug_frame   0x00000488      0x10c ../systemlib/mixer/mixer.cpp.o
 .debug_frame   0x00000594      0x108 ../systemlib/mixer/mixer_group.cpp.o
 .debug_frame   0x0000069c       0xdc ../systemlib/mixer/mixer_multirotor.cpp.o
 .debug_frame   0x00000778      0x178 ../systemlib/mixer/mixer_simple.cpp.o
 .debug_frame   0x000008f0       0x9c serial.c.o
 .debug_frame   0x0000098c       0xc8 ../systemlib/hx_stream.c.o

.debug_str      0x00000000     0x3e03
 *(.debug_str)
 .debug_str     0x00000000      0x266 adc.c.o
 .debug_str     0x00000266      0x3b1 controls.c.o
 .debug_str     0x00000617      0x326 dsm.c.o
 .debug_str     0x0000093d      0x405 px4io.c.o
 .debug_str     0x00000d42      0x3b8 registers.c.o
 .debug_str     0x000010fa      0x27e safety.c.o
 .debug_str     0x00001378      0x346 sbus.c.o
 .debug_str     0x000016be      0x1f2 ../systemlib/up_cxxinitialize.c.o
 .debug_str     0x000018b0      0x374 ../systemlib/perf_counter.c.o
 .debug_str     0x00001c24      0x6c3 mixer.cpp.o
 .debug_str     0x000022e7      0x40a ../systemlib/mixer/mixer.cpp.o
 .debug_str     0x000026f1      0x473 ../systemlib/mixer/mixer_group.cpp.o
 .debug_str     0x00002b64      0x60f ../systemlib/mixer/mixer_multirotor.cpp.o
 .debug_str     0x00003173      0x5c3 ../systemlib/mixer/mixer_simple.cpp.o
 .debug_str     0x00003736      0x313 serial.c.o
 .debug_str     0x00003a49      0x3ba ../systemlib/hx_stream.c.o

.debug_loc      0x00000000     0x4de5
 *(.debug_loc)
 .debug_loc     0x00000000       0x9a adc.c.o
 .debug_loc     0x0000009a      0x385 controls.c.o
 .debug_loc     0x0000041f     0x13a0 dsm.c.o
 .debug_loc     0x000017bf      0x187 px4io.c.o
 .debug_loc     0x00001946      0xbd5 registers.c.o
 .debug_loc     0x0000251b       0xd0 safety.c.o
 .debug_loc     0x000025eb      0x247 sbus.c.o
 .debug_loc     0x00002832       0x4b ../systemlib/up_cxxinitialize.c.o
 .debug_loc     0x0000287d      0x37e ../systemlib/perf_counter.c.o
 .debug_loc     0x00002bfb      0x438 mixer.cpp.o
 .debug_loc     0x00003033      0x2d9 ../systemlib/mixer/mixer.cpp.o
 .debug_loc     0x0000330c      0x564 ../systemlib/mixer/mixer_group.cpp.o
 .debug_loc     0x00003870      0x501 ../systemlib/mixer/mixer_multirotor.cpp.o
 .debug_loc     0x00003d71      0x945 ../systemlib/mixer/mixer_simple.cpp.o
 .debug_loc     0x000046b6      0x2f4 serial.c.o
 .debug_loc     0x000049aa      0x43b ../systemlib/hx_stream.c.o

.debug_macinfo
 *(.debug_macinfo)

.debug_weaknames
 *(.debug_weaknames)

.debug_funcnames
 *(.debug_funcnames)

.debug_typenames
 *(.debug_typenames)

.debug_varnames
 *(.debug_varnames)

.debug_pubtypes
 *(.debug_pubtypes)

.debug_ranges   0x00000000     0x1680
 *(.debug_ranges)
 .debug_ranges  0x00000000       0x18 adc.c.o
 .debug_ranges  0x00000018      0x198 controls.c.o
 .debug_ranges  0x000001b0      0x4d0 dsm.c.o
 .debug_ranges  0x00000680       0x30 px4io.c.o
 .debug_ranges  0x000006b0      0x150 registers.c.o
 .debug_ranges  0x00000800       0x28 safety.c.o
 .debug_ranges  0x00000828      0x200 sbus.c.o
 .debug_ranges  0x00000a28       0x40 ../systemlib/up_cxxinitialize.c.o
 .debug_ranges  0x00000a68       0x78 ../systemlib/perf_counter.c.o
 .debug_ranges  0x00000ae0      0x230 mixer.cpp.o
 .debug_ranges  0x00000d10       0xf0 ../systemlib/mixer/mixer.cpp.o
 .debug_ranges  0x00000e00      0x1f8 ../systemlib/mixer/mixer_group.cpp.o
 .debug_ranges  0x00000ff8      0x108 ../systemlib/mixer/mixer_multirotor.cpp.o
 .debug_ranges  0x00001100      0x280 ../systemlib/mixer/mixer_simple.cpp.o
 .debug_ranges  0x00001380      0x1f8 serial.c.o
 .debug_ranges  0x00001578      0x108 ../systemlib/hx_stream.c.o

.stack
 *(.stack)

.ARM.attributes
                0x00000000       0x2f
 *(.ARM.attributes)
 .ARM.attributes
                0x00000000       0x2f adc.c.o
 .ARM.attributes
                0x0000002f       0x2f controls.c.o
 .ARM.attributes
                0x0000005e       0x2f dsm.c.o
 .ARM.attributes
                0x0000008d       0x2f px4io.c.o
 .ARM.attributes
                0x000000bc       0x2f registers.c.o
 .ARM.attributes
                0x000000eb       0x2f safety.c.o
 .ARM.attributes
                0x0000011a       0x2f sbus.c.o
 .ARM.attributes
                0x00000149       0x2f ../systemlib/up_cxxinitialize.c.o
 .ARM.attributes
                0x00000178       0x2f ../systemlib/perf_counter.c.o
 .ARM.attributes
                0x000001a7       0x2f mixer.cpp.o
 .ARM.attributes
                0x000001d6       0x2f ../systemlib/mixer/mixer.cpp.o
 .ARM.attributes
                0x00000205       0x2f ../systemlib/mixer/mixer_group.cpp.o
 .ARM.attributes
                0x00000234       0x2f ../systemlib/mixer/mixer_multirotor.cpp.o
 .ARM.attributes
                0x00000263       0x2f ../systemlib/mixer/mixer_simple.cpp.o
 .ARM.attributes
                0x00000292       0x2f serial.c.o
 .ARM.attributes
                0x000002c1       0x2f ../systemlib/hx_stream.c.o
 *(.gnu.attributes)

.note.gnu.arm.ident
 *(.note.gnu.arm.ident)
OUTPUT(/home/avnishks/src/Firmware/Build/px4io-v2_default.build//home/avnishks/src/Firmware/src/modules/px4iofirmware/module.pre.o elf32-littlearm)
