
Memory Configuration

Name             Origin             Length             Attributes
*default*        0x00000000         0xffffffff

Linker script and memory map

LOAD hil.cpp.o

.interp
 *(.interp)

.note.gnu.build-id
 *(.note.gnu.build-id)

.hash
 *(.hash)

.gnu.hash
 *(.gnu.hash)

.dynsym
 *(.dynsym)

.dynstr
 *(.dynstr)

.gnu.version
 *(.gnu.version)

.gnu.version_d
 *(.gnu.version_d)

.gnu.version_r
 *(.gnu.version_r)

.rel.init
 *(.rel.init)

.rela.init
 *(.rela.init)

.rel.text
 *(.rel.text)

.rela.text
 *(.rela.text)

.rel.fini
 *(.rel.fini)

.rela.fini
 *(.rela.fini)

.rel.rodata
 *(.rel.rodata)

.rela.rodata
 *(.rela.rodata)

.rel.data.rel.ro
 *(.rel.data.rel.ro)

.rela.data.rel.ro
 *(.rela.data.rel.ro)

.rel.data
 *(.rel.data)

.rela.data
 *(.rela.data)

.rel.tdata
 *(.rel.tdata)

.rela.tdata
 *(.rela.tdata)

.rel.tbss
 *(.rel.tbss)

.rela.tbss
 *(.rela.tbss)

.rel.ctors
 *(.rel.ctors)

.rela.ctors
 *(.rela.ctors)

.rel.dtors
 *(.rel.dtors)

.rela.dtors
 *(.rela.dtors)

.rel.got
 *(.rel.got)

.rela.got
 *(.rela.got)

.rel.bss
 *(.rel.bss)

.rela.bss
 *(.rela.bss)

.rel.iplt
 *(.rel.iplt)

.rela.iplt
 *(.rela.iplt)

.rel.plt
 *(.rel.plt)

.rela.plt
 *(.rela.plt)

.init
 *(.init)

.plt
 *(.plt)

.iplt
 *(.iplt)

.text           0x00000000        0x0
 *(.text .stub)
 .text          0x00000000        0x0 hil.cpp.o
 *(.gnu.warning)

.text._ZN3HIL16control_callbackEjhhRf
                0x00000000       0x34
 .text._ZN3HIL16control_callbackEjhhRf
                0x00000000       0x34 hil.cpp.o
                0x00000000                HIL::control_callback(unsigned int, unsigned char, unsigned char, float&)

.text._ZN3HIL12set_pwm_rateEj
                0x00000000       0x34
 .text._ZN3HIL12set_pwm_rateEj
                0x00000000       0x34 hil.cpp.o
                0x00000000                HIL::set_pwm_rate(unsigned int)

.text._ZN12_GLOBAL__N_14testEv
                0x00000000       0x54
 .text._ZN12_GLOBAL__N_14testEv
                0x00000000       0x54 hil.cpp.o

.text._ZN12_GLOBAL__N_14fakeEiPPc
                0x00000000       0xc4
 .text._ZN12_GLOBAL__N_14fakeEiPPc
                0x00000000       0xc4 hil.cpp.o

.text._ZN3HIL8set_modeENS_4ModeE
                0x00000000       0xb0
 .text._ZN3HIL8set_modeENS_4ModeE
                0x00000000       0xb0 hil.cpp.o
                0x00000000                HIL::set_mode(HIL::Mode)

.text._ZN12_GLOBAL__N_112hil_new_modeENS_8PortModeE
                0x00000000       0x40
 .text._ZN12_GLOBAL__N_112hil_new_modeENS_8PortModeE
                0x00000000       0x40 hil.cpp.o

.text._ZN6device6Device4lockEv
                0x00000000       0x2c
 .text._ZN6device6Device4lockEv
                0x00000000       0x2c hil.cpp.o
                0x00000000                device::Device::lock()

.text._ZN6device6Device6unlockEv
                0x00000000       0x2c
 .text._ZN6device6Device6unlockEv
                0x00000000       0x2c hil.cpp.o
                0x00000000                device::Device::unlock()

.text._ZN3HIL9task_mainEv
                0x00000000      0x2a8
 .text._ZN3HIL9task_mainEv
                0x00000000      0x2a8 hil.cpp.o
                0x00000000                HIL::task_main()

.text._ZN3HIL20task_main_trampolineEiPPc
                0x00000000       0x20
 .text._ZN3HIL20task_main_trampolineEiPPc
                0x00000000       0x20 hil.cpp.o
                0x00000000                HIL::task_main_trampoline(int, char**)

.text._ZN3HIL4initEv
                0x00000000       0x8c
 .text._ZN3HIL4initEv
                0x00000000       0x8c hil.cpp.o
                0x00000000                HIL::init()

.text._ZN3HILD2Ev
                0x00000000       0xe4
 .text._ZN3HILD2Ev
                0x00000000       0xe4 hil.cpp.o
                0x00000000                HIL::~HIL()
                0x00000000                HIL::~HIL()

.text._ZN3HILC2Ev
                0x00000000       0x70
 .text._ZN3HILC2Ev
                0x00000000       0x70 hil.cpp.o
                0x00000000                HIL::HIL()
                0x00000000                HIL::HIL()

.text._ZN3HIL9pwm_ioctlEP4fileim
                0x00000000      0x25c
 .text._ZN3HIL9pwm_ioctlEP4fileim
                0x00000000      0x25c hil.cpp.o
                0x00000000                HIL::pwm_ioctl(file*, int, unsigned long)

.text._ZN3HIL5ioctlEP4fileim
                0x00000000       0x7c
 .text._ZN3HIL5ioctlEP4fileim
                0x00000000       0x7c hil.cpp.o
                0x00000000                HIL::ioctl(file*, int, unsigned long)

.text._ZN3HILD0Ev
                0x00000000       0xfc
 .text._ZN3HILD0Ev
                0x00000000       0xfc hil.cpp.o
                0x00000000                HIL::~HIL()

.text._ZN12_GLOBAL__N_19hil_startEv
                0x00000000       0xac
 .text._ZN12_GLOBAL__N_19hil_startEv
                0x00000000       0xac hil.cpp.o

.text.hil_main  0x00000000      0x12c
 .text.hil_main
                0x00000000      0x12c hil.cpp.o
                0x00000000                hil_main

.fini
 *(.fini)

.rodata
 *(.rodata)

.rodata._ZTV3HIL
                0x00000000       0x58
 .rodata._ZTV3HIL
                0x00000000       0x58 hil.cpp.o
                0x00000000                vtable for HIL

.rodata.CSWTCH.70
                0x00000000        0x8
 .rodata.CSWTCH.70
                0x00000000        0x8 hil.cpp.o

.rodata.CSWTCH.72
                0x00000000       0x14
 .rodata.CSWTCH.72
                0x00000000       0x14 hil.cpp.o

.rodata.str1.4  0x00000000      0x2c8
 .rodata.str1.4
                0x00000000      0x2c8 hil.cpp.o

.rodata1
 *(.rodata1)

.ARM.extab
 *(.ARM.extab)

.ARM.exidx
 *(.ARM.exidx)

.eh_frame_hdr
 *(.eh_frame_hdr)

.eh_frame
 *(.eh_frame)

.gcc_except_table
 *(.gcc_except_table .gcc_except_table.*)

.eh_frame
 *(.eh_frame)

.gcc_except_table
 *(.gcc_except_table .gcc_except_table.*)

.tdata
 *(.tdata)

.tbss
 *(.tbss)

.preinit_array
 *(.preinit_array)

.jcr
 *(.jcr)

.dynamic
 *(.dynamic)

.got
 *(.got.plt)
 *(.igot.plt)
 *(.got)
 *(.igot)

.data           0x00000000        0x0
 *(.data)
 .data          0x00000000        0x0 hil.cpp.o

.data1
 *(.data1)

.bss            0x00000000        0x0
 *(.dynbss)
 *(.bss)
 .bss           0x00000000        0x0 hil.cpp.o
 *(COMMON)

.bss._ZN12_GLOBAL__N_15g_hilE
                0x00000000        0x4
 .bss._ZN12_GLOBAL__N_15g_hilE
                0x00000000        0x4 hil.cpp.o

.stab
 *(.stab)

.stabstr
 *(.stabstr)

.stab.excl
 *(.stab.excl)

.stab.exclstr
 *(.stab.exclstr)

.stab.index
 *(.stab.index)

.stab.indexstr
 *(.stab.indexstr)

.comment        0x00000000       0x71
 *(.comment)
 .comment       0x00000000       0x71 hil.cpp.o

.group          0x00000000        0x8
 .group         0x00000000        0x8 hil.cpp.o

.group          0x00000000        0x8
 .group         0x00000000        0x8 hil.cpp.o

.debug
 *(.debug)

.line
 *(.line)

.debug_srcinfo
 *(.debug_srcinfo)

.debug_sfnames
 *(.debug_sfnames)

.debug_aranges  0x00000000       0xa8
 *(.debug_aranges)
 .debug_aranges
                0x00000000       0xa8 hil.cpp.o

.debug_pubnames
 *(.debug_pubnames)

.debug_info     0x00000000     0x1d5a
 *(.debug_info)
 .debug_info    0x00000000     0x1d5a hil.cpp.o

.debug_abbrev   0x00000000      0x5de
 *(.debug_abbrev)
 .debug_abbrev  0x00000000      0x5de hil.cpp.o

.debug_line     0x00000000      0x810
 *(.debug_line)
 .debug_line    0x00000000      0x810 hil.cpp.o

.debug_frame    0x00000000      0x228
 *(.debug_frame)
 .debug_frame   0x00000000      0x228 hil.cpp.o

.debug_str      0x00000000      0xe7c
 *(.debug_str)
 .debug_str     0x00000000      0xe7c hil.cpp.o

.debug_loc      0x00000000      0xa4f
 *(.debug_loc)
 .debug_loc     0x00000000      0xa4f hil.cpp.o

.debug_macinfo
 *(.debug_macinfo)

.debug_weaknames
 *(.debug_weaknames)

.debug_funcnames
 *(.debug_funcnames)

.debug_typenames
 *(.debug_typenames)

.debug_varnames
 *(.debug_varnames)

.debug_pubtypes
 *(.debug_pubtypes)

.debug_ranges   0x00000000      0x298
 *(.debug_ranges)
 .debug_ranges  0x00000000      0x298 hil.cpp.o

.stack
 *(.stack)

.ARM.attributes
                0x00000000       0x37
 *(.ARM.attributes)
 .ARM.attributes
                0x00000000       0x37 hil.cpp.o
 *(.gnu.attributes)

.note.gnu.arm.ident
 *(.note.gnu.arm.ident)
OUTPUT(/home/avnishks/src/Firmware/Build/px4fmu-v1_default.build//home/avnishks/src/Firmware/src/drivers/hil/module.pre.o elf32-littlearm)
