
Memory Configuration

Name             Origin             Length             Attributes
*default*        0x00000000         0xffffffff

Linker script and memory map

LOAD drv_hrt.c.o
LOAD drv_pwm_servo.c.o

.interp
 *(.interp)

.note.gnu.build-id
 *(.note.gnu.build-id)

.hash
 *(.hash)

.gnu.hash
 *(.gnu.hash)

.dynsym
 *(.dynsym)

.dynstr
 *(.dynstr)

.gnu.version
 *(.gnu.version)

.gnu.version_d
 *(.gnu.version_d)

.gnu.version_r
 *(.gnu.version_r)

.rel.init
 *(.rel.init)

.rela.init
 *(.rela.init)

.rel.text
 *(.rel.text)

.rela.text
 *(.rela.text)

.rel.fini
 *(.rel.fini)

.rela.fini
 *(.rela.fini)

.rel.rodata
 *(.rel.rodata)

.rela.rodata
 *(.rela.rodata)

.rel.data.rel.ro
 *(.rel.data.rel.ro)

.rela.data.rel.ro
 *(.rela.data.rel.ro)

.rel.data
 *(.rel.data)

.rela.data
 *(.rela.data)

.rel.tdata
 *(.rel.tdata)

.rela.tdata
 *(.rela.tdata)

.rel.tbss
 *(.rel.tbss)

.rela.tbss
 *(.rela.tbss)

.rel.ctors
 *(.rel.ctors)

.rela.ctors
 *(.rela.ctors)

.rel.dtors
 *(.rel.dtors)

.rela.dtors
 *(.rela.dtors)

.rel.got
 *(.rel.got)

.rela.got
 *(.rela.got)

.rel.bss
 *(.rel.bss)

.rela.bss
 *(.rela.bss)

.rel.iplt
 *(.rel.iplt)

.rela.iplt
 *(.rela.iplt)

.rel.plt
 *(.rel.plt)

.rela.plt
 *(.rela.plt)

.init
 *(.init)

.plt
 *(.plt)

.iplt
 *(.iplt)

.text           0x00000000        0x0
 *(.text .stub)
 .text          0x00000000        0x0 drv_hrt.c.o
 .text          0x00000000        0x0 drv_pwm_servo.c.o
 *(.gnu.warning)

.text.hrt_cancel
                0x00000000       0x4c
 .text.hrt_cancel
                0x00000000       0x4c drv_hrt.c.o
                0x00000000                hrt_cancel

.text.hrt_called
                0x00000000       0x30
 .text.hrt_called
                0x00000000       0x30 drv_hrt.c.o
                0x00000000                hrt_called

.text.hrt_latency_update
                0x00000000       0x94
 .text.hrt_latency_update
                0x00000000       0x94 drv_hrt.c.o

.text.abstime_to_ts
                0x00000000       0x5c
 .text.abstime_to_ts
                0x00000000       0x5c drv_hrt.c.o
                0x00000000                abstime_to_ts

.text.ts_to_abstime
                0x00000000       0x50
 .text.ts_to_abstime
                0x00000000       0x50 drv_hrt.c.o
                0x00000000                ts_to_abstime

.text.hrt_absolute_time
                0x00000000       0x68
 .text.hrt_absolute_time
                0x00000000       0x68 drv_hrt.c.o
                0x00000000                hrt_absolute_time

.text.hrt_tim_init
                0x00000000       0xe8
 .text.hrt_tim_init
                0x00000000       0xe8 drv_hrt.c.o

.text.hrt_call_reschedule
                0x00000000       0xe4
 .text.hrt_call_reschedule
                0x00000000       0xe4 drv_hrt.c.o

.text.hrt_call_enter
                0x00000000       0x68
 .text.hrt_call_enter
                0x00000000       0x68 drv_hrt.c.o

.text.hrt_call_internal
                0x00000000       0x78
 .text.hrt_call_internal
                0x00000000       0x78 drv_hrt.c.o

.text.hrt_call_invoke
                0x00000000       0xe8
 .text.hrt_call_invoke
                0x00000000       0xe8 drv_hrt.c.o

.text.hrt_call_at
                0x00000000       0x84
 .text.hrt_call_at
                0x00000000       0x84 drv_hrt.c.o
                0x00000000                hrt_call_at

.text.hrt_store_absolute_time
                0x00000000       0x90
 .text.hrt_store_absolute_time
                0x00000000       0x90 drv_hrt.c.o
                0x00000000                hrt_store_absolute_time

.text.hrt_elapsed_time
                0x00000000       0xac
 .text.hrt_elapsed_time
                0x00000000       0xac drv_hrt.c.o
                0x00000000                hrt_elapsed_time

.text.hrt_call_every
                0x00000000      0x110
 .text.hrt_call_every
                0x00000000      0x110 drv_hrt.c.o
                0x00000000                hrt_call_every

.text.hrt_call_after
                0x00000000      0x108
 .text.hrt_call_after
                0x00000000      0x108 drv_hrt.c.o
                0x00000000                hrt_call_after

.text.hrt_init  0x00000000      0x10c
 .text.hrt_init
                0x00000000      0x10c drv_hrt.c.o
                0x00000000                hrt_init

.text.hrt_tim_isr
                0x00000000       0xdc
 .text.hrt_tim_isr
                0x00000000       0xdc drv_hrt.c.o

.text.up_pwm_servo_arm
                0x00000000       0x88
 .text.up_pwm_servo_arm
                0x00000000       0x88 drv_pwm_servo.c.o
                0x00000000                up_pwm_servo_arm

.text.up_pwm_servo_get_rate_group
                0x00000000       0xac
 .text.up_pwm_servo_get_rate_group
                0x00000000       0xac drv_pwm_servo.c.o
                0x00000000                up_pwm_servo_get_rate_group

.text.pwm_timer_set_rate
                0x00000000       0x44
 .text.pwm_timer_set_rate
                0x00000000       0x44 drv_pwm_servo.c.o

.text.up_pwm_servo_get
                0x00000000       0x8c
 .text.up_pwm_servo_get
                0x00000000       0x8c drv_pwm_servo.c.o
                0x00000000                up_pwm_servo_get

.text.up_pwm_servo_set
                0x00000000       0xa8
 .text.up_pwm_servo_set
                0x00000000       0xa8 drv_pwm_servo.c.o
                0x00000000                up_pwm_servo_set

.text.pwm_channel_init
                0x00000000       0xd0
 .text.pwm_channel_init
                0x00000000       0xd0 drv_pwm_servo.c.o

.text.up_pwm_servo_set_rate
                0x00000000      0x190
 .text.up_pwm_servo_set_rate
                0x00000000      0x190 drv_pwm_servo.c.o
                0x00000000                up_pwm_servo_set_rate

.text.pwm_timer_init
                0x00000000       0x9c
 .text.pwm_timer_init
                0x00000000       0x9c drv_pwm_servo.c.o

.text.up_pwm_servo_init
                0x00000000      0x110
 .text.up_pwm_servo_init
                0x00000000      0x110 drv_pwm_servo.c.o
                0x00000000                up_pwm_servo_init

.text.up_pwm_servo_set_rate_group_update
                0x00000000       0x7c
 .text.up_pwm_servo_set_rate_group_update
                0x00000000       0x7c drv_pwm_servo.c.o
                0x00000000                up_pwm_servo_set_rate_group_update

.text.up_pwm_servo_deinit
                0x00000000       0x58
 .text.up_pwm_servo_deinit
                0x00000000       0x58 drv_pwm_servo.c.o
                0x00000000                up_pwm_servo_deinit

.fini
 *(.fini)

.rodata
 *(.rodata)

.rodata1
 *(.rodata1)

.ARM.extab
 *(.ARM.extab)

.ARM.exidx
 *(.ARM.exidx)

.eh_frame_hdr
 *(.eh_frame_hdr)

.eh_frame
 *(.eh_frame)

.gcc_except_table
 *(.gcc_except_table .gcc_except_table.*)

.eh_frame
 *(.eh_frame)

.gcc_except_table
 *(.gcc_except_table .gcc_except_table.*)

.tdata
 *(.tdata)

.tbss
 *(.tbss)

.preinit_array
 *(.preinit_array)

.jcr
 *(.jcr)

.dynamic
 *(.dynamic)

.got
 *(.got.plt)
 *(.igot.plt)
 *(.got)
 *(.igot)

.data           0x00000000        0x0
 *(.data)
 .data          0x00000000        0x0 drv_hrt.c.o
 .data          0x00000000        0x0 drv_pwm_servo.c.o

.data1
 *(.data1)

.bss            0x00000000        0x0
 *(.dynbss)
 *(.bss)
 .bss           0x00000000        0x0 drv_hrt.c.o
 .bss           0x00000000        0x0 drv_pwm_servo.c.o
 *(COMMON)

.bss.callout_queue
                0x00000000        0x8
 .bss.callout_queue
                0x00000000        0x8 drv_hrt.c.o

.bss.latency_counters
                0x00000000       0x24
 .bss.latency_counters
                0x00000000       0x24 drv_hrt.c.o

.bss.latency_baseline
                0x00000000        0x2
 .bss.latency_baseline
                0x00000000        0x2 drv_hrt.c.o

.bss.base_time.5923
                0x00000000        0x8
 .bss.base_time.5923
                0x00000000        0x8 drv_hrt.c.o

.bss.last_count.5924
                0x00000000        0x4
 .bss.last_count.5924
                0x00000000        0x4 drv_hrt.c.o

.bss.latency_actual
                0x00000000        0x2
 .bss.latency_actual
                0x00000000        0x2 drv_hrt.c.o

.stab
 *(.stab)

.stabstr
 *(.stabstr)

.stab.excl
 *(.stab.excl)

.stab.exclstr
 *(.stab.exclstr)

.stab.index
 *(.stab.index)

.stab.indexstr
 *(.stab.indexstr)

.comment        0x00000000       0xe2
 *(.comment)
 .comment       0x00000000       0x71 drv_hrt.c.o
 .comment       0x00000071       0x71 drv_pwm_servo.c.o

.debug
 *(.debug)

.line
 *(.line)

.debug_srcinfo
 *(.debug_srcinfo)

.debug_sfnames
 *(.debug_sfnames)

.debug_aranges  0x00000000      0x118
 *(.debug_aranges)
 .debug_aranges
                0x00000000       0xa8 drv_hrt.c.o
 .debug_aranges
                0x000000a8       0x70 drv_pwm_servo.c.o

.debug_pubnames
 *(.debug_pubnames)

.debug_info     0x00000000     0x188b
 *(.debug_info)
 .debug_info    0x00000000     0x1323 drv_hrt.c.o
 .debug_info    0x00001323      0x568 drv_pwm_servo.c.o

.debug_abbrev   0x00000000      0x50d
 *(.debug_abbrev)
 .debug_abbrev  0x00000000      0x310 drv_hrt.c.o
 .debug_abbrev  0x00000310      0x1fd drv_pwm_servo.c.o

.debug_line     0x00000000      0xa89
 *(.debug_line)
 .debug_line    0x00000000      0x69a drv_hrt.c.o
 .debug_line    0x0000069a      0x3ef drv_pwm_servo.c.o

.debug_frame    0x00000000      0x3c8
 *(.debug_frame)
 .debug_frame   0x00000000      0x278 drv_hrt.c.o
 .debug_frame   0x00000278      0x150 drv_pwm_servo.c.o

.debug_str      0x00000000      0x7f6
 *(.debug_str)
 .debug_str     0x00000000      0x478 drv_hrt.c.o
 .debug_str     0x00000478      0x37e drv_pwm_servo.c.o

.debug_loc      0x00000000     0x136d
 *(.debug_loc)
 .debug_loc     0x00000000      0xba4 drv_hrt.c.o
 .debug_loc     0x00000ba4      0x7c9 drv_pwm_servo.c.o

.debug_macinfo
 *(.debug_macinfo)

.debug_weaknames
 *(.debug_weaknames)

.debug_funcnames
 *(.debug_funcnames)

.debug_typenames
 *(.debug_typenames)

.debug_varnames
 *(.debug_varnames)

.debug_pubtypes
 *(.debug_pubtypes)

.debug_ranges   0x00000000      0x870
 *(.debug_ranges)
 .debug_ranges  0x00000000      0x6c8 drv_hrt.c.o
 .debug_ranges  0x000006c8      0x1a8 drv_pwm_servo.c.o

.stack
 *(.stack)

.ARM.attributes
                0x00000000       0x37
 *(.ARM.attributes)
 .ARM.attributes
                0x00000000       0x37 drv_hrt.c.o
 .ARM.attributes
                0x00000037       0x37 drv_pwm_servo.c.o
 *(.gnu.attributes)

.note.gnu.arm.ident
 *(.note.gnu.arm.ident)
OUTPUT(/home/avnishks/src/Firmware/Build/px4fmu-v2_default.build//home/avnishks/src/Firmware/src/drivers/stm32/module.pre.o elf32-littlearm)
